05-20 10:55:25.313   625  7391 I APM_AudioPolicyManager: getOutputForAttrInt() attributes={ Content type: AUDIO_CONTENT_TYPE_SONIFICATION Usage: AUDIO_USAGE_NOTIFICATION Source: AUDIO_SOURCE_INVALID Flags: 0x800 Tags:  } stream=AUDIO_STREAM_NOTIFICATION session 20233 selectedDeviceId 0
05-20 10:55:25.314   625  7391 I APM_AudioPolicyManager: getOutputForAttrInt() device {AUDIO_DEVICE_OUT_SPEAKER, @:}, sampling rate 44100, format 0x1, channel mask 0x3, flags 0 stream AUDIO_STREAM_NOTIFICATION
05-20 10:55:25.315   625  7391 I APM_AudioPolicyManager: selectOutput new bestOutput 13 criteria 0 100 0 0 0 0 4 2 
05-20 10:55:25.317   625  7391 I APM_AudioPolicyManager: getOutputForAttrInt returns output 13 selectedDeviceId 3
05-20 10:55:25.317   625  7391 I APM_AudioPolicyManager: getOutputForAttr() returns output 13 requestedPortId 0 selectedDeviceId 3 for port ID 2731
05-20 10:55:25.350   625 21008 I APM_AudioPolicyManager: startOutput portId 2731
05-20 10:55:25.350   625 21008 I APM_AudioPolicyManager: startOutput() output 13, stream 5, session 20233
05-20 10:55:25.351   625 21008 I APM_AudioPolicyManager: getNewOutputDevices selected devices {AUDIO_DEVICE_OUT_SPEAKER, @:}
05-20 10:55:25.351   625 21008 I APM_AudioPolicyManager: getNewOutputDevices selected devices AUDIO_DEVICE_NONE
05-20 10:55:25.352   625 21008 I APM_AudioPolicyManager: setOutputDevices device {AUDIO_DEVICE_OUT_SPEAKER, @:} delayMs 0
05-20 10:55:25.352   625 21008 I APM_AudioPolicyManager: setOutputDevices changing device to {AUDIO_DEVICE_OUT_SPEAKER, @:}
05-20 10:55:26.652   625   838 I APM_AudioPolicyManager: stopOutput portId 2731
05-20 10:55:26.652   625   838 I APM_AudioPolicyManager: stopOutput() output 13, stream 5, session 20233
05-20 10:55:26.653   625   838 I APM_AudioPolicyManager: getNewOutputDevices selected devices AUDIO_DEVICE_NONE
05-20 10:55:26.653   625   838 I APM_AudioPolicyManager: setOutputDevices device AUDIO_DEVICE_NONE delayMs 320
05-20 10:55:26.656   625   838 I APM_AudioPolicyManager: getNewOutputDevices selected devices AUDIO_DEVICE_NONE
05-20 10:55:26.656   625   838 I APM_AudioPolicyManager: setOutputDevices device AUDIO_DEVICE_NONE delayMs 320
05-20 10:55:26.658   625   838 I APM_AudioPolicyManager: setOutputDevices changing device to AUDIO_DEVICE_NONE
05-20 10:57:32.861   625  7391 I APM_AudioPolicyManager: selectOutput new bestOutput 13 criteria 0 100 0 0 0 0 0 2 
05-20 10:57:32.862   625  7391 I APM_AudioPolicyManager: selectOutput new bestOutput 13 criteria 0 100 0 0 0 0 0 2 
05-20 10:57:32.868   625  7391 I APM_AudioPolicyManager: getOutputForAttrInt() attributes={ Content type: AUDIO_CONTENT_TYPE_UNKNOWN Usage: AUDIO_USAGE_NOTIFICATION Source: AUDIO_SOURCE_INVALID Flags: 0x0 Tags:  } stream=AUDIO_STREAM_NOTIFICATION session 20241 selectedDeviceId 0
05-20 10:57:32.868   625  7391 I APM_AudioPolicyManager: getOutputForAttrInt() device {AUDIO_DEVICE_OUT_SPEAKER, @:}, sampling rate 44100, format 0x1, channel mask 0x1, flags 0 stream AUDIO_STREAM_NOTIFICATION
05-20 10:57:32.868   625  7391 I APM_AudioPolicyManager: selectOutput new bestOutput 13 criteria 0 100 0 0 0 0 4 2 
05-20 10:57:32.868   625  7391 I APM_AudioPolicyManager: getOutputForAttrInt returns output 13 selectedDeviceId 3
05-20 10:57:32.868   625  7391 I APM_AudioPolicyManager: getOutputForAttr() returns output 13 requestedPortId 0 selectedDeviceId 3 for port ID 2732
05-20 10:57:32.878   625   625 I APM_AudioPolicyManager: startOutput portId 2732
05-20 10:57:32.878   625   625 I APM_AudioPolicyManager: startOutput() output 13, stream 5, session 20241
05-20 10:57:32.879   625   625 I APM_AudioPolicyManager: getNewOutputDevices selected devices {AUDIO_DEVICE_OUT_SPEAKER, @:}
05-20 10:57:32.879   625   625 I APM_AudioPolicyManager: getNewOutputDevices selected devices AUDIO_DEVICE_NONE
05-20 10:57:32.879   625   625 I APM_AudioPolicyManager: setOutputDevices device {AUDIO_DEVICE_OUT_SPEAKER, @:} delayMs 0
05-20 10:57:32.879   625   625 I APM_AudioPolicyManager: setOutputDevices changing device to {AUDIO_DEVICE_OUT_SPEAKER, @:}
05-20 10:57:33.392   625   838 I APM_AudioPolicyManager: stopOutput portId 2732
05-20 10:57:33.392   625   838 I APM_AudioPolicyManager: stopOutput() output 13, stream 5, session 20241
05-20 10:57:33.393   625   838 I APM_AudioPolicyManager: getNewOutputDevices selected devices AUDIO_DEVICE_NONE
05-20 10:57:33.393   625   838 I APM_AudioPolicyManager: setOutputDevices device AUDIO_DEVICE_NONE delayMs 320
05-20 10:57:33.395   625   838 I APM_AudioPolicyManager: getNewOutputDevices selected devices AUDIO_DEVICE_NONE
05-20 10:57:33.395   625   838 I APM_AudioPolicyManager: setOutputDevices device AUDIO_DEVICE_NONE delayMs 320
05-20 10:57:33.397   625   838 I APM_AudioPolicyManager: setOutputDevices changing device to AUDIO_DEVICE_NONE
05-20 10:57:45.444   625   625 I APM_AudioPolicyManager: selectOutput new bestOutput 13 criteria 0 100 0 0 0 0 0 2 
05-20 10:57:45.445   625 15490 I APM_AudioPolicyManager: selectOutput new bestOutput 13 criteria 0 100 0 0 0 0 0 2 
05-20 10:57:45.449   625 15490 I APM_AudioPolicyManager: getOutputForAttrInt() attributes={ Content type: AUDIO_CONTENT_TYPE_UNKNOWN Usage: AUDIO_USAGE_NOTIFICATION Source: AUDIO_SOURCE_INVALID Flags: 0x0 Tags:  } stream=AUDIO_STREAM_NOTIFICATION session 20249 selectedDeviceId 0
05-20 10:57:45.450   625 15490 I APM_AudioPolicyManager: getOutputForAttrInt() device {AUDIO_DEVICE_OUT_SPEAKER, @:}, sampling rate 44100, format 0x1, channel mask 0x1, flags 0 stream AUDIO_STREAM_NOTIFICATION
05-20 10:57:45.450   625 15490 I APM_AudioPolicyManager: selectOutput new bestOutput 13 criteria 0 100 0 0 0 0 4 2 
05-20 10:57:45.450   625 15490 I APM_AudioPolicyManager: getOutputForAttrInt returns output 13 selectedDeviceId 3
05-20 10:57:45.450   625 15490 I APM_AudioPolicyManager: getOutputForAttr() returns output 13 requestedPortId 0 selectedDeviceId 3 for port ID 2733
05-20 10:57:45.462   625   625 I APM_AudioPolicyManager: startOutput portId 2733
05-20 10:57:45.462   625   625 I APM_AudioPolicyManager: startOutput() output 13, stream 5, session 20249
05-20 10:57:45.463   625   625 I APM_AudioPolicyManager: getNewOutputDevices selected devices {AUDIO_DEVICE_OUT_SPEAKER, @:}
05-20 10:57:45.463   625   625 I APM_AudioPolicyManager: getNewOutputDevices selected devices AUDIO_DEVICE_NONE
05-20 10:57:45.463   625   625 I APM_AudioPolicyManager: setOutputDevices device {AUDIO_DEVICE_OUT_SPEAKER, @:} delayMs 0
05-20 10:57:45.463   625   625 I APM_AudioPolicyManager: setOutputDevices changing device to {AUDIO_DEVICE_OUT_SPEAKER, @:}
05-20 10:57:45.963   625   838 I APM_AudioPolicyManager: stopOutput portId 2733
05-20 10:57:45.963   625   838 I APM_AudioPolicyManager: stopOutput() output 13, stream 5, session 20249
05-20 10:57:45.963   625   838 I APM_AudioPolicyManager: getNewOutputDevices selected devices AUDIO_DEVICE_NONE
05-20 10:57:45.963   625   838 I APM_AudioPolicyManager: setOutputDevices device AUDIO_DEVICE_NONE delayMs 320
05-20 10:57:45.964   625   838 I APM_AudioPolicyManager: getNewOutputDevices selected devices AUDIO_DEVICE_NONE
05-20 10:57:45.965   625   838 I APM_AudioPolicyManager: setOutputDevices device AUDIO_DEVICE_NONE delayMs 320
05-20 10:57:45.966   625   838 I APM_AudioPolicyManager: setOutputDevices changing device to AUDIO_DEVICE_NONE
05-20 10:57:50.295   625  7391 I APM_AudioPolicyManager: selectOutput new bestOutput 13 criteria 0 100 0 0 0 0 0 2 
05-20 10:57:50.296   625  7391 I APM_AudioPolicyManager: selectOutput new bestOutput 13 criteria 0 100 0 0 0 0 0 2 
05-20 10:57:50.302   625  7391 I APM_AudioPolicyManager: getOutputForAttrInt() attributes={ Content type: AUDIO_CONTENT_TYPE_UNKNOWN Usage: AUDIO_USAGE_NOTIFICATION Source: AUDIO_SOURCE_INVALID Flags: 0x0 Tags:  } stream=AUDIO_STREAM_NOTIFICATION session 20257 selectedDeviceId 0
05-20 10:57:50.302   625  7391 I APM_AudioPolicyManager: getOutputForAttrInt() device {AUDIO_DEVICE_OUT_SPEAKER, @:}, sampling rate 44100, format 0x1, channel mask 0x1, flags 0 stream AUDIO_STREAM_NOTIFICATION
05-20 10:57:50.303   625  7391 I APM_AudioPolicyManager: selectOutput new bestOutput 13 criteria 0 100 0 0 0 0 4 2 
05-20 10:57:50.303   625  7391 I APM_AudioPolicyManager: getOutputForAttrInt returns output 13 selectedDeviceId 3
05-20 10:57:50.303   625  7391 I APM_AudioPolicyManager: getOutputForAttr() returns output 13 requestedPortId 0 selectedDeviceId 3 for port ID 2734
05-20 10:57:50.313   625  7391 I APM_AudioPolicyManager: startOutput portId 2734
05-20 10:57:50.313   625  7391 I APM_AudioPolicyManager: startOutput() output 13, stream 5, session 20257
05-20 10:57:50.314   625  7391 I APM_AudioPolicyManager: getNewOutputDevices selected devices {AUDIO_DEVICE_OUT_SPEAKER, @:}
05-20 10:57:50.314   625  7391 I APM_AudioPolicyManager: getNewOutputDevices selected devices AUDIO_DEVICE_NONE
05-20 10:57:50.314   625  7391 I APM_AudioPolicyManager: setOutputDevices device {AUDIO_DEVICE_OUT_SPEAKER, @:} delayMs 0
05-20 10:57:50.314   625  7391 I APM_AudioPolicyManager: setOutputDevices changing device to {AUDIO_DEVICE_OUT_SPEAKER, @:}
05-20 10:57:50.834   625   838 I APM_AudioPolicyManager: stopOutput portId 2734
05-20 10:57:50.834   625   838 I APM_AudioPolicyManager: stopOutput() output 13, stream 5, session 20257
05-20 10:57:50.834   625   838 I APM_AudioPolicyManager: getNewOutputDevices selected devices AUDIO_DEVICE_NONE
05-20 10:57:50.834   625   838 I APM_AudioPolicyManager: setOutputDevices device AUDIO_DEVICE_NONE delayMs 320
05-20 10:57:50.837   625   838 I APM_AudioPolicyManager: getNewOutputDevices selected devices AUDIO_DEVICE_NONE
05-20 10:57:50.838   625   838 I APM_AudioPolicyManager: setOutputDevices device AUDIO_DEVICE_NONE delayMs 320
05-20 10:57:50.840   625   838 I APM_AudioPolicyManager: setOutputDevices changing device to AUDIO_DEVICE_NONE
05-20 11:01:05.179   625  7391 I APM_AudioPolicyManager: selectOutput new bestOutput 13 criteria 0 100 0 0 0 0 0 2 
05-20 11:01:05.180   625  7391 I APM_AudioPolicyManager: selectOutput new bestOutput 13 criteria 0 100 0 0 0 0 0 2 
05-20 11:01:05.186   625  7391 I APM_AudioPolicyManager: getOutputForAttrInt() attributes={ Content type: AUDIO_CONTENT_TYPE_UNKNOWN Usage: AUDIO_USAGE_NOTIFICATION Source: AUDIO_SOURCE_INVALID Flags: 0x0 Tags:  } stream=AUDIO_STREAM_NOTIFICATION session 20265 selectedDeviceId 0
05-20 11:01:05.186   625  7391 I APM_AudioPolicyManager: getOutputForAttrInt() device {AUDIO_DEVICE_OUT_SPEAKER, @:}, sampling rate 44100, format 0x1, channel mask 0x3, flags 0 stream AUDIO_STREAM_NOTIFICATION
05-20 11:01:05.187   625  7391 I APM_AudioPolicyManager: selectOutput new bestOutput 13 criteria 0 100 0 0 0 0 4 2 
05-20 11:01:05.187   625  7391 I APM_AudioPolicyManager: getOutputForAttrInt returns output 13 selectedDeviceId 3
05-20 11:01:05.187   625  7391 I APM_AudioPolicyManager: getOutputForAttr() returns output 13 requestedPortId 0 selectedDeviceId 3 for port ID 2735
05-20 11:01:05.199   625  7391 I APM_AudioPolicyManager: startOutput portId 2735
05-20 11:01:05.199   625  7391 I APM_AudioPolicyManager: startOutput() output 13, stream 5, session 20265
05-20 11:01:05.200   625  7391 I APM_AudioPolicyManager: getNewOutputDevices selected devices {AUDIO_DEVICE_OUT_SPEAKER, @:}
05-20 11:01:05.200   625  7391 I APM_AudioPolicyManager: getNewOutputDevices selected devices AUDIO_DEVICE_NONE
05-20 11:01:05.200   625  7391 I APM_AudioPolicyManager: setOutputDevices device {AUDIO_DEVICE_OUT_SPEAKER, @:} delayMs 0
05-20 11:01:05.200   625  7391 I APM_AudioPolicyManager: setOutputDevices changing device to {AUDIO_DEVICE_OUT_SPEAKER, @:}
05-20 11:01:07.887   625   838 I APM_AudioPolicyManager: stopOutput portId 2735
05-20 11:01:07.888   625   838 I APM_AudioPolicyManager: stopOutput() output 13, stream 5, session 20265
05-20 11:01:07.888   625   838 I APM_AudioPolicyManager: getNewOutputDevices selected devices AUDIO_DEVICE_NONE
05-20 11:01:07.888   625   838 I APM_AudioPolicyManager: setOutputDevices device AUDIO_DEVICE_NONE delayMs 320
05-20 11:01:07.891   625   838 I APM_AudioPolicyManager: getNewOutputDevices selected devices AUDIO_DEVICE_NONE
05-20 11:01:07.891   625   838 I APM_AudioPolicyManager: setOutputDevices device AUDIO_DEVICE_NONE delayMs 320
05-20 11:01:07.894   625   838 I APM_AudioPolicyManager: setOutputDevices changing device to AUDIO_DEVICE_NONE
05-20 11:01:08.293   625  2458 I APM_AudioPolicyManager: getInputForAttr() source 0, sampling rate 16000, format 0x1, channel mask 0x10, session 20273, flags 0 attributes={ Content type: AUDIO_CONTENT_TYPE_UNKNOWN Usage: AUDIO_USAGE_UNKNOWN Source: AUDIO_SOURCE_DEFAULT Flags: 0x0 Tags:  } requested device ID 0
05-20 11:01:08.457   625  2458 I APM_AudioPolicyManager: startInput portId 2737
05-20 11:01:08.458   625  2458 I APM_AudioPolicyManager: startInput input:102, session:20273)
05-20 11:01:13.896   625  2458 I APM_AudioPolicyManager: getOutputForAttrInt() attributes={ Content type: AUDIO_CONTENT_TYPE_SONIFICATION Usage: AUDIO_USAGE_NOTIFICATION Source: AUDIO_SOURCE_DEFAULT Flags: 0x900 Tags:  } stream=AUDIO_STREAM_NOTIFICATION session 20281 selectedDeviceId 0
05-20 11:01:13.897   625  2458 I APM_AudioPolicyManager: getOutputForAttrInt() device {AUDIO_DEVICE_OUT_SPEAKER, @:}, sampling rate 44100, format 0x1, channel mask 0x3, flags 0x4 stream AUDIO_STREAM_NOTIFICATION
05-20 11:01:13.897   625  2458 I APM_AudioPolicyManager: selectOutput new bestOutput 13 criteria 0 100 0 0 0 0 4 2 
05-20 11:01:13.897   625  2458 I APM_AudioPolicyManager: selectOutput new bestOutput 21 criteria 0 100 0 0 0 1 4 0 
05-20 11:01:13.897   625  2458 I APM_AudioPolicyManager: getOutputForAttrInt returns output 21 selectedDeviceId 3
05-20 11:01:13.897   625  2458 I APM_AudioPolicyManager: getOutputForAttr() returns output 21 requestedPortId 0 selectedDeviceId 3 for port ID 2739
05-20 11:01:13.904   625  2458 I APM_AudioPolicyManager: startOutput portId 2739
05-20 11:01:13.904   625  2458 I APM_AudioPolicyManager: startOutput() output 21, stream 5, session 20281
05-20 11:01:13.905   625  2458 I APM_AudioPolicyManager: getNewOutputDevices selected devices {AUDIO_DEVICE_OUT_SPEAKER, @:}
05-20 11:01:13.905   625  2458 I APM_AudioPolicyManager: getNewOutputDevices selected devices AUDIO_DEVICE_NONE
05-20 11:01:13.905   625  2458 I APM_AudioPolicyManager: setOutputDevices device {AUDIO_DEVICE_OUT_SPEAKER, @:} delayMs 0
05-20 11:01:13.905   625  2458 I APM_AudioPolicyManager: setOutputDevices changing device to {AUDIO_DEVICE_OUT_SPEAKER, @:}
05-20 11:01:14.953   625   838 I APM_AudioPolicyManager: stopOutput portId 2739
05-20 11:01:14.953   625   838 I APM_AudioPolicyManager: stopOutput() output 21, stream 5, session 20281
05-20 11:01:14.953   625   838 I APM_AudioPolicyManager: getNewOutputDevices selected devices AUDIO_DEVICE_NONE
05-20 11:01:14.954   625   838 I APM_AudioPolicyManager: setOutputDevices device AUDIO_DEVICE_NONE delayMs 120
05-20 11:01:14.957   625   838 I APM_AudioPolicyManager: getNewOutputDevices selected devices AUDIO_DEVICE_NONE
05-20 11:01:14.957   625   838 I APM_AudioPolicyManager: setOutputDevices device AUDIO_DEVICE_NONE delayMs 120
05-20 11:01:14.960   625   838 I APM_AudioPolicyManager: setOutputDevices changing device to AUDIO_DEVICE_NONE
05-20 11:01:33.287   625   694 I APM_AudioPolicyManager: selectOutput new bestOutput 13 criteria 0 100 0 0 0 0 0 2 
05-20 11:01:33.288   625   694 I APM_AudioPolicyManager: selectOutput new bestOutput 13 criteria 0 100 0 0 0 0 0 2 
05-20 11:01:33.293   625   694 I APM_AudioPolicyManager: getOutputForAttrInt() attributes={ Content type: AUDIO_CONTENT_TYPE_UNKNOWN Usage: AUDIO_USAGE_NOTIFICATION Source: AUDIO_SOURCE_INVALID Flags: 0x0 Tags:  } stream=AUDIO_STREAM_NOTIFICATION session 20289 selectedDeviceId 0
05-20 11:01:33.294   625   694 I APM_AudioPolicyManager: getOutputForAttrInt() device {AUDIO_DEVICE_OUT_SPEAKER, @:}, sampling rate 44100, format 0x1, channel mask 0x1, flags 0 stream AUDIO_STREAM_NOTIFICATION
05-20 11:01:33.294   625   694 I APM_AudioPolicyManager: selectOutput new bestOutput 13 criteria 0 100 0 0 0 0 4 2 
05-20 11:01:33.294   625   694 I APM_AudioPolicyManager: getOutputForAttrInt returns output 13 selectedDeviceId 3
05-20 11:01:33.294   625   694 I APM_AudioPolicyManager: getOutputForAttr() returns output 13 requestedPortId 0 selectedDeviceId 3 for port ID 2741
05-20 11:01:33.306   625   694 I APM_AudioPolicyManager: startOutput portId 2741
05-20 11:01:33.306   625   694 I APM_AudioPolicyManager: startOutput() output 13, stream 5, session 20289
05-20 11:01:33.306   625   694 I APM_AudioPolicyManager: getNewOutputDevices selected devices {AUDIO_DEVICE_OUT_SPEAKER, @:}
05-20 11:01:33.307   625   694 I APM_AudioPolicyManager: getNewOutputDevices selected devices AUDIO_DEVICE_NONE
05-20 11:01:33.307   625   694 I APM_AudioPolicyManager: setOutputDevices device {AUDIO_DEVICE_OUT_SPEAKER, @:} delayMs 0
05-20 11:01:33.307   625   694 I APM_AudioPolicyManager: setOutputDevices changing device to {AUDIO_DEVICE_OUT_SPEAKER, @:}
05-20 11:01:33.834   625   838 I APM_AudioPolicyManager: stopOutput portId 2741
05-20 11:01:33.835   625   838 I APM_AudioPolicyManager: stopOutput() output 13, stream 5, session 20289
05-20 11:01:33.835   625   838 I APM_AudioPolicyManager: getNewOutputDevices selected devices AUDIO_DEVICE_NONE
05-20 11:01:33.835   625   838 I APM_AudioPolicyManager: setOutputDevices device AUDIO_DEVICE_NONE delayMs 320
05-20 11:01:33.838   625   838 I APM_AudioPolicyManager: getNewOutputDevices selected devices AUDIO_DEVICE_NONE
05-20 11:01:33.838   625   838 I APM_AudioPolicyManager: setOutputDevices device AUDIO_DEVICE_NONE delayMs 320
05-20 11:01:33.841   625   838 I APM_AudioPolicyManager: setOutputDevices changing device to AUDIO_DEVICE_NONE
05-20 11:01:36.717   625  7391 I APM_AudioPolicyManager: selectOutput new bestOutput 13 criteria 0 100 0 0 0 0 0 2 
05-20 11:01:36.718   625  7391 I APM_AudioPolicyManager: selectOutput new bestOutput 13 criteria 0 100 0 0 0 0 0 2 
05-20 11:01:36.723   625 15490 I APM_AudioPolicyManager: getOutputForAttrInt() attributes={ Content type: AUDIO_CONTENT_TYPE_UNKNOWN Usage: AUDIO_USAGE_NOTIFICATION Source: AUDIO_SOURCE_INVALID Flags: 0x0 Tags:  } stream=AUDIO_STREAM_NOTIFICATION session 20297 selectedDeviceId 0
05-20 11:01:36.724   625 15490 I APM_AudioPolicyManager: getOutputForAttrInt() device {AUDIO_DEVICE_OUT_SPEAKER, @:}, sampling rate 44100, format 0x1, channel mask 0x1, flags 0 stream AUDIO_STREAM_NOTIFICATION
05-20 11:01:36.724   625 15490 I APM_AudioPolicyManager: selectOutput new bestOutput 13 criteria 0 100 0 0 0 0 4 2 
05-20 11:01:36.724   625 15490 I APM_AudioPolicyManager: getOutputForAttrInt returns output 13 selectedDeviceId 3
05-20 11:01:36.724   625 15490 I APM_AudioPolicyManager: getOutputForAttr() returns output 13 requestedPortId 0 selectedDeviceId 3 for port ID 2743
05-20 11:01:36.733   625 15490 I APM_AudioPolicyManager: startOutput portId 2743
05-20 11:01:36.733   625 15490 I APM_AudioPolicyManager: startOutput() output 13, stream 5, session 20297
05-20 11:01:36.733   625 15490 I APM_AudioPolicyManager: getNewOutputDevices selected devices {AUDIO_DEVICE_OUT_SPEAKER, @:}
05-20 11:01:36.734   625 15490 I APM_AudioPolicyManager: getNewOutputDevices selected devices AUDIO_DEVICE_NONE
05-20 11:01:36.734   625 15490 I APM_AudioPolicyManager: setOutputDevices device {AUDIO_DEVICE_OUT_SPEAKER, @:} delayMs 0
05-20 11:01:36.734   625 15490 I APM_AudioPolicyManager: setOutputDevices changing device to {AUDIO_DEVICE_OUT_SPEAKER, @:}
05-20 11:01:37.255   625   838 I APM_AudioPolicyManager: stopOutput portId 2743
05-20 11:01:37.255   625   838 I APM_AudioPolicyManager: stopOutput() output 13, stream 5, session 20297
05-20 11:01:37.255   625   838 I APM_AudioPolicyManager: getNewOutputDevices selected devices AUDIO_DEVICE_NONE
05-20 11:01:37.255   625   838 I APM_AudioPolicyManager: setOutputDevices device AUDIO_DEVICE_NONE delayMs 320
05-20 11:01:37.258   625   838 I APM_AudioPolicyManager: getNewOutputDevices selected devices AUDIO_DEVICE_NONE
05-20 11:01:37.259   625   838 I APM_AudioPolicyManager: setOutputDevices device AUDIO_DEVICE_NONE delayMs 320
05-20 11:01:37.262   625   838 I APM_AudioPolicyManager: setOutputDevices changing device to AUDIO_DEVICE_NONE
05-20 11:02:06.823   625   625 I APM_AudioPolicyManager: selectOutput new bestOutput 13 criteria 0 100 0 0 0 0 0 2 
05-20 11:02:06.825   625   625 I APM_AudioPolicyManager: selectOutput new bestOutput 13 criteria 0 100 0 0 0 0 0 2 
05-20 11:02:06.831   625   625 I APM_AudioPolicyManager: getOutputForAttrInt() attributes={ Content type: AUDIO_CONTENT_TYPE_UNKNOWN Usage: AUDIO_USAGE_NOTIFICATION Source: AUDIO_SOURCE_INVALID Flags: 0x0 Tags:  } stream=AUDIO_STREAM_NOTIFICATION session 20305 selectedDeviceId 0
05-20 11:02:06.832   625   625 I APM_AudioPolicyManager: getOutputForAttrInt() device {AUDIO_DEVICE_OUT_SPEAKER, @:}, sampling rate 44100, format 0x1, channel mask 0x3, flags 0 stream AUDIO_STREAM_NOTIFICATION
05-20 11:02:06.832   625   625 I APM_AudioPolicyManager: selectOutput new bestOutput 13 criteria 0 100 0 0 0 0 4 2 
05-20 11:02:06.832   625   625 I APM_AudioPolicyManager: getOutputForAttrInt returns output 13 selectedDeviceId 3
05-20 11:02:06.832   625   625 I APM_AudioPolicyManager: getOutputForAttr() returns output 13 requestedPortId 0 selectedDeviceId 3 for port ID 2744
05-20 11:02:06.846   625  7391 I APM_AudioPolicyManager: startOutput portId 2744
05-20 11:02:06.846   625  7391 I APM_AudioPolicyManager: startOutput() output 13, stream 5, session 20305
05-20 11:02:06.846   625  7391 I APM_AudioPolicyManager: getNewOutputDevices selected devices {AUDIO_DEVICE_OUT_SPEAKER, @:}
05-20 11:02:06.847   625  7391 I APM_AudioPolicyManager: getNewOutputDevices selected devices AUDIO_DEVICE_NONE
05-20 11:02:06.847   625  7391 I APM_AudioPolicyManager: setOutputDevices device {AUDIO_DEVICE_OUT_SPEAKER, @:} delayMs 0
05-20 11:02:06.847   625  7391 I APM_AudioPolicyManager: setOutputDevices changing device to {AUDIO_DEVICE_OUT_SPEAKER, @:}
05-20 11:02:09.534   625   838 I APM_AudioPolicyManager: stopOutput portId 2744
05-20 11:02:09.534   625   838 I APM_AudioPolicyManager: stopOutput() output 13, stream 5, session 20305
05-20 11:02:09.534   625   838 I APM_AudioPolicyManager: getNewOutputDevices selected devices AUDIO_DEVICE_NONE
05-20 11:02:09.534   625   838 I APM_AudioPolicyManager: setOutputDevices device AUDIO_DEVICE_NONE delayMs 320
05-20 11:02:09.538   625   838 I APM_AudioPolicyManager: getNewOutputDevices selected devices AUDIO_DEVICE_NONE
05-20 11:02:09.538   625   838 I APM_AudioPolicyManager: setOutputDevices device AUDIO_DEVICE_NONE delayMs 320
05-20 11:02:09.541   625   838 I APM_AudioPolicyManager: setOutputDevices changing device to AUDIO_DEVICE_NONE
05-20 11:02:18.371   625   625 I APM_AudioPolicyManager: selectOutput new bestOutput 13 criteria 0 100 0 0 0 0 0 2 
05-20 11:02:18.371   625   625 I APM_AudioPolicyManager: selectOutput new bestOutput 13 criteria 0 100 0 0 0 0 0 2 
05-20 11:02:18.376   625   625 I APM_AudioPolicyManager: getOutputForAttrInt() attributes={ Content type: AUDIO_CONTENT_TYPE_UNKNOWN Usage: AUDIO_USAGE_NOTIFICATION Source: AUDIO_SOURCE_INVALID Flags: 0x0 Tags:  } stream=AUDIO_STREAM_NOTIFICATION session 20313 selectedDeviceId 0
05-20 11:02:18.376   625   625 I APM_AudioPolicyManager: getOutputForAttrInt() device {AUDIO_DEVICE_OUT_SPEAKER, @:}, sampling rate 44100, format 0x1, channel mask 0x3, flags 0 stream AUDIO_STREAM_NOTIFICATION
05-20 11:02:18.376   625   625 I APM_AudioPolicyManager: selectOutput new bestOutput 13 criteria 0 100 0 0 0 0 4 2 
05-20 11:02:18.376   625   625 I APM_AudioPolicyManager: getOutputForAttrInt returns output 13 selectedDeviceId 3
05-20 11:02:18.377   625   625 I APM_AudioPolicyManager: getOutputForAttr() returns output 13 requestedPortId 0 selectedDeviceId 3 for port ID 2745
05-20 11:02:18.387   625   625 I APM_AudioPolicyManager: startOutput portId 2745
05-20 11:02:18.387   625   625 I APM_AudioPolicyManager: startOutput() output 13, stream 5, session 20313
05-20 11:02:18.387   625   625 I APM_AudioPolicyManager: getNewOutputDevices selected devices {AUDIO_DEVICE_OUT_SPEAKER, @:}
05-20 11:02:18.387   625   625 I APM_AudioPolicyManager: getNewOutputDevices selected devices AUDIO_DEVICE_NONE
05-20 11:02:18.387   625   625 I APM_AudioPolicyManager: setOutputDevices device {AUDIO_DEVICE_OUT_SPEAKER, @:} delayMs 0
05-20 11:02:18.387   625   625 I APM_AudioPolicyManager: setOutputDevices changing device to {AUDIO_DEVICE_OUT_SPEAKER, @:}
05-20 11:02:21.053   625   838 I APM_AudioPolicyManager: stopOutput portId 2745
05-20 11:02:21.053   625   838 I APM_AudioPolicyManager: stopOutput() output 13, stream 5, session 20313
05-20 11:02:21.054   625   838 I APM_AudioPolicyManager: getNewOutputDevices selected devices AUDIO_DEVICE_NONE
05-20 11:02:21.054   625   838 I APM_AudioPolicyManager: setOutputDevices device AUDIO_DEVICE_NONE delayMs 320
05-20 11:02:21.057   625   838 I APM_AudioPolicyManager: getNewOutputDevices selected devices AUDIO_DEVICE_NONE
05-20 11:02:21.057   625   838 I APM_AudioPolicyManager: setOutputDevices device AUDIO_DEVICE_NONE delayMs 320
05-20 11:02:21.060   625   838 I APM_AudioPolicyManager: setOutputDevices changing device to AUDIO_DEVICE_NONE
05-20 11:02:30.710   625   625 I APM_AudioPolicyManager: selectOutput new bestOutput 13 criteria 0 100 0 0 0 0 0 2 
05-20 11:02:30.711   625   625 I APM_AudioPolicyManager: selectOutput new bestOutput 13 criteria 0 100 0 0 0 0 0 2 
05-20 11:02:30.715   625   625 I APM_AudioPolicyManager: getOutputForAttrInt() attributes={ Content type: AUDIO_CONTENT_TYPE_UNKNOWN Usage: AUDIO_USAGE_NOTIFICATION Source: AUDIO_SOURCE_INVALID Flags: 0x0 Tags:  } stream=AUDIO_STREAM_NOTIFICATION session 20321 selectedDeviceId 0
05-20 11:02:30.716   625   625 I APM_AudioPolicyManager: getOutputForAttrInt() device {AUDIO_DEVICE_OUT_SPEAKER, @:}, sampling rate 44100, format 0x1, channel mask 0x1, flags 0 stream AUDIO_STREAM_NOTIFICATION
05-20 11:02:30.716   625   625 I APM_AudioPolicyManager: selectOutput new bestOutput 13 criteria 0 100 0 0 0 0 4 2 
05-20 11:02:30.716   625   625 I APM_AudioPolicyManager: getOutputForAttrInt returns output 13 selectedDeviceId 3
05-20 11:02:30.716   625   625 I APM_AudioPolicyManager: getOutputForAttr() returns output 13 requestedPortId 0 selectedDeviceId 3 for port ID 2746
05-20 11:02:30.726   625   625 I APM_AudioPolicyManager: startOutput portId 2746
05-20 11:02:30.726   625   625 I APM_AudioPolicyManager: startOutput() output 13, stream 5, session 20321
05-20 11:02:30.726   625   625 I APM_AudioPolicyManager: getNewOutputDevices selected devices {AUDIO_DEVICE_OUT_SPEAKER, @:}
05-20 11:02:30.727   625   625 I APM_AudioPolicyManager: getNewOutputDevices selected devices AUDIO_DEVICE_NONE
05-20 11:02:30.727   625   625 I APM_AudioPolicyManager: setOutputDevices device {AUDIO_DEVICE_OUT_SPEAKER, @:} delayMs 0
05-20 11:02:30.727   625   625 I APM_AudioPolicyManager: setOutputDevices changing device to {AUDIO_DEVICE_OUT_SPEAKER, @:}
05-20 11:02:31.262   625   838 I APM_AudioPolicyManager: stopOutput portId 2746
05-20 11:02:31.262   625   838 I APM_AudioPolicyManager: stopOutput() output 13, stream 5, session 20321
05-20 11:02:31.263   625   838 I APM_AudioPolicyManager: getNewOutputDevices selected devices AUDIO_DEVICE_NONE
05-20 11:02:31.263   625   838 I APM_AudioPolicyManager: setOutputDevices device AUDIO_DEVICE_NONE delayMs 320
05-20 11:02:31.266   625   838 I APM_AudioPolicyManager: getNewOutputDevices selected devices AUDIO_DEVICE_NONE
05-20 11:02:31.266   625   838 I APM_AudioPolicyManager: setOutputDevices device AUDIO_DEVICE_NONE delayMs 320
05-20 11:02:31.268   625   838 I APM_AudioPolicyManager: setOutputDevices changing device to AUDIO_DEVICE_NONE
05-20 11:02:57.855   625   694 I APM_AudioPolicyManager: selectOutput new bestOutput 13 criteria 0 100 0 0 0 0 0 2 
05-20 11:02:57.857   625   694 I APM_AudioPolicyManager: selectOutput new bestOutput 13 criteria 0 100 0 0 0 0 0 2 
05-20 11:02:57.863   625   694 I APM_AudioPolicyManager: getOutputForAttrInt() attributes={ Content type: AUDIO_CONTENT_TYPE_SONIFICATION Usage: AUDIO_USAGE_NOTIFICATION Source: AUDIO_SOURCE_INVALID Flags: 0x800 Tags:  } stream=AUDIO_STREAM_NOTIFICATION session 20329 selectedDeviceId 0
05-20 11:02:57.864   625   694 I APM_AudioPolicyManager: getOutputForAttrInt() device {AUDIO_DEVICE_OUT_SPEAKER, @:}, sampling rate 44100, format 0x1, channel mask 0x3, flags 0 stream AUDIO_STREAM_NOTIFICATION
05-20 11:02:57.864   625   694 I APM_AudioPolicyManager: selectOutput new bestOutput 13 criteria 0 100 0 0 0 0 4 2 
05-20 11:02:57.864   625   694 I APM_AudioPolicyManager: getOutputForAttrInt returns output 13 selectedDeviceId 3
05-20 11:02:57.864   625   694 I APM_AudioPolicyManager: getOutputForAttr() returns output 13 requestedPortId 0 selectedDeviceId 3 for port ID 2747
05-20 11:02:57.883   625  7391 I APM_AudioPolicyManager: startOutput portId 2747
05-20 11:02:57.883   625  7391 I APM_AudioPolicyManager: startOutput() output 13, stream 5, session 20329
05-20 11:02:57.884   625  7391 I APM_AudioPolicyManager: getNewOutputDevices selected devices {AUDIO_DEVICE_OUT_SPEAKER, @:}
05-20 11:02:57.884   625  7391 I APM_AudioPolicyManager: getNewOutputDevices selected devices AUDIO_DEVICE_NONE
05-20 11:02:57.884   625  7391 I APM_AudioPolicyManager: setOutputDevices device {AUDIO_DEVICE_OUT_SPEAKER, @:} delayMs 0
05-20 11:02:57.885   625  7391 I APM_AudioPolicyManager: setOutputDevices changing device to {AUDIO_DEVICE_OUT_SPEAKER, @:}
05-20 11:02:59.138   625   838 I APM_AudioPolicyManager: stopOutput portId 2747
05-20 11:02:59.139   625   838 I APM_AudioPolicyManager: stopOutput() output 13, stream 5, session 20329
05-20 11:02:59.139   625   838 I APM_AudioPolicyManager: getNewOutputDevices selected devices AUDIO_DEVICE_NONE
05-20 11:02:59.139   625   838 I APM_AudioPolicyManager: setOutputDevices device AUDIO_DEVICE_NONE delayMs 320
05-20 11:02:59.141   625   838 I APM_AudioPolicyManager: getNewOutputDevices selected devices AUDIO_DEVICE_NONE
05-20 11:02:59.141   625   838 I APM_AudioPolicyManager: setOutputDevices device AUDIO_DEVICE_NONE delayMs 320
05-20 11:02:59.143   625   838 I APM_AudioPolicyManager: setOutputDevices changing device to AUDIO_DEVICE_NONE
05-20 11:05:47.085   625 13287 I APM_AudioPolicyManager: selectOutput new bestOutput 13 criteria 0 100 0 0 0 0 0 2 
05-20 11:05:47.086   625 13287 I APM_AudioPolicyManager: selectOutput new bestOutput 13 criteria 0 100 0 0 0 0 0 2 
05-20 11:05:47.094   625 13287 I APM_AudioPolicyManager: getOutputForAttrInt() attributes={ Content type: AUDIO_CONTENT_TYPE_SONIFICATION Usage: AUDIO_USAGE_NOTIFICATION Source: AUDIO_SOURCE_INVALID Flags: 0x800 Tags:  } stream=AUDIO_STREAM_NOTIFICATION session 20337 selectedDeviceId 0
05-20 11:05:47.095   625 13287 I APM_AudioPolicyManager: getOutputForAttrInt() device {AUDIO_DEVICE_OUT_SPEAKER, @:}, sampling rate 44100, format 0x1, channel mask 0x3, flags 0 stream AUDIO_STREAM_NOTIFICATION
05-20 11:05:47.096   625 13287 I APM_AudioPolicyManager: selectOutput new bestOutput 13 criteria 0 100 0 0 0 0 4 2 
05-20 11:05:47.096   625 13287 I APM_AudioPolicyManager: getOutputForAttrInt returns output 13 selectedDeviceId 3
05-20 11:05:47.097   625 13287 I APM_AudioPolicyManager: getOutputForAttr() returns output 13 requestedPortId 0 selectedDeviceId 3 for port ID 2748
05-20 11:05:47.118   625  2458 I APM_AudioPolicyManager: startOutput portId 2748
05-20 11:05:47.119   625  2458 I APM_AudioPolicyManager: startOutput() output 13, stream 5, session 20337
05-20 11:05:47.120   625  2458 I APM_AudioPolicyManager: getNewOutputDevices selected devices {AUDIO_DEVICE_OUT_SPEAKER, @:}
05-20 11:05:47.120   625  2458 I APM_AudioPolicyManager: getNewOutputDevices selected devices AUDIO_DEVICE_NONE
05-20 11:05:47.120   625  2458 I APM_AudioPolicyManager: setOutputDevices device {AUDIO_DEVICE_OUT_SPEAKER, @:} delayMs 0
05-20 11:05:47.121   625  2458 I APM_AudioPolicyManager: setOutputDevices changing device to {AUDIO_DEVICE_OUT_SPEAKER, @:}
05-20 11:05:48.381   625   838 I APM_AudioPolicyManager: stopOutput portId 2748
05-20 11:05:48.381   625   838 I APM_AudioPolicyManager: stopOutput() output 13, stream 5, session 20337
05-20 11:05:48.382   625   838 I APM_AudioPolicyManager: getNewOutputDevices selected devices AUDIO_DEVICE_NONE
05-20 11:05:48.382   625   838 I APM_AudioPolicyManager: setOutputDevices device AUDIO_DEVICE_NONE delayMs 320
05-20 11:05:48.386   625   838 I APM_AudioPolicyManager: getNewOutputDevices selected devices AUDIO_DEVICE_NONE
05-20 11:05:48.386   625   838 I APM_AudioPolicyManager: setOutputDevices device AUDIO_DEVICE_NONE delayMs 320
05-20 11:05:48.388   625   838 I APM_AudioPolicyManager: setOutputDevices changing device to AUDIO_DEVICE_NONE
05-20 11:05:55.522   625 15490 I APM_AudioPolicyManager: selectOutput new bestOutput 13 criteria 0 100 0 0 0 0 0 2 
05-20 11:05:55.523   625 15490 I APM_AudioPolicyManager: selectOutput new bestOutput 13 criteria 0 100 0 0 0 0 0 2 
05-20 11:05:55.529   625 13287 I APM_AudioPolicyManager: getOutputForAttrInt() attributes={ Content type: AUDIO_CONTENT_TYPE_SONIFICATION Usage: AUDIO_USAGE_NOTIFICATION Source: AUDIO_SOURCE_INVALID Flags: 0x800 Tags:  } stream=AUDIO_STREAM_NOTIFICATION session 20345 selectedDeviceId 0
05-20 11:05:55.529   625 13287 I APM_AudioPolicyManager: getOutputForAttrInt() device {AUDIO_DEVICE_OUT_SPEAKER, @:}, sampling rate 44100, format 0x1, channel mask 0x3, flags 0 stream AUDIO_STREAM_NOTIFICATION
05-20 11:05:55.530   625 13287 I APM_AudioPolicyManager: selectOutput new bestOutput 13 criteria 0 100 0 0 0 0 4 2 
05-20 11:05:55.530   625 13287 I APM_AudioPolicyManager: getOutputForAttrInt returns output 13 selectedDeviceId 3
05-20 11:05:55.530   625 13287 I APM_AudioPolicyManager: getOutputForAttr() returns output 13 requestedPortId 0 selectedDeviceId 3 for port ID 2749
05-20 11:05:55.547   625 15490 I APM_AudioPolicyManager: startOutput portId 2749
05-20 11:05:55.547   625 15490 I APM_AudioPolicyManager: startOutput() output 13, stream 5, session 20345
05-20 11:05:55.548   625 15490 I APM_AudioPolicyManager: getNewOutputDevices selected devices {AUDIO_DEVICE_OUT_SPEAKER, @:}
05-20 11:05:55.549   625 15490 I APM_AudioPolicyManager: getNewOutputDevices selected devices AUDIO_DEVICE_NONE
05-20 11:05:55.549   625 15490 I APM_AudioPolicyManager: setOutputDevices device {AUDIO_DEVICE_OUT_SPEAKER, @:} delayMs 0
05-20 11:05:55.549   625 15490 I APM_AudioPolicyManager: setOutputDevices changing device to {AUDIO_DEVICE_OUT_SPEAKER, @:}
05-20 11:05:56.811   625   838 I APM_AudioPolicyManager: stopOutput portId 2749
05-20 11:05:56.811   625   838 I APM_AudioPolicyManager: stopOutput() output 13, stream 5, session 20345
05-20 11:05:56.811   625   838 I APM_AudioPolicyManager: getNewOutputDevices selected devices AUDIO_DEVICE_NONE
05-20 11:05:56.811   625   838 I APM_AudioPolicyManager: setOutputDevices device AUDIO_DEVICE_NONE delayMs 320
05-20 11:05:56.812   625   838 I APM_AudioPolicyManager: getNewOutputDevices selected devices AUDIO_DEVICE_NONE
05-20 11:05:56.813   625   838 I APM_AudioPolicyManager: setOutputDevices device AUDIO_DEVICE_NONE delayMs 320
05-20 11:05:56.814   625   838 I APM_AudioPolicyManager: setOutputDevices changing device to AUDIO_DEVICE_NONE
05-20 11:06:01.180   625 25223 I APM_AudioPolicyManager: selectOutput new bestOutput 13 criteria 0 100 0 0 0 0 0 2 
05-20 11:06:01.181   625 25223 I APM_AudioPolicyManager: selectOutput new bestOutput 13 criteria 0 100 0 0 0 0 0 2 
05-20 11:06:01.186   625 13287 I APM_AudioPolicyManager: getOutputForAttrInt() attributes={ Content type: AUDIO_CONTENT_TYPE_UNKNOWN Usage: AUDIO_USAGE_NOTIFICATION Source: AUDIO_SOURCE_INVALID Flags: 0x0 Tags:  } stream=AUDIO_STREAM_NOTIFICATION session 20353 selectedDeviceId 0
05-20 11:06:01.187   625 13287 I APM_AudioPolicyManager: getOutputForAttrInt() device {AUDIO_DEVICE_OUT_SPEAKER, @:}, sampling rate 44100, format 0x1, channel mask 0x1, flags 0 stream AUDIO_STREAM_NOTIFICATION
05-20 11:06:01.187   625 13287 I APM_AudioPolicyManager: selectOutput new bestOutput 13 criteria 0 100 0 0 0 0 4 2 
05-20 11:06:01.187   625 13287 I APM_AudioPolicyManager: getOutputForAttrInt returns output 13 selectedDeviceId 3
05-20 11:06:01.187   625 13287 I APM_AudioPolicyManager: getOutputForAttr() returns output 13 requestedPortId 0 selectedDeviceId 3 for port ID 2750
05-20 11:06:01.199   625 13287 I APM_AudioPolicyManager: startOutput portId 2750
05-20 11:06:01.199   625 13287 I APM_AudioPolicyManager: startOutput() output 13, stream 5, session 20353
05-20 11:06:01.200   625 13287 I APM_AudioPolicyManager: getNewOutputDevices selected devices {AUDIO_DEVICE_OUT_SPEAKER, @:}
05-20 11:06:01.200   625 13287 I APM_AudioPolicyManager: getNewOutputDevices selected devices AUDIO_DEVICE_NONE
05-20 11:06:01.200   625 13287 I APM_AudioPolicyManager: setOutputDevices device {AUDIO_DEVICE_OUT_SPEAKER, @:} delayMs 0
05-20 11:06:01.200   625 13287 I APM_AudioPolicyManager: setOutputDevices changing device to {AUDIO_DEVICE_OUT_SPEAKER, @:}
05-20 11:06:01.714   625   838 I APM_AudioPolicyManager: stopOutput portId 2750
05-20 11:06:01.714   625   838 I APM_AudioPolicyManager: stopOutput() output 13, stream 5, session 20353
05-20 11:06:01.714   625   838 I APM_AudioPolicyManager: getNewOutputDevices selected devices AUDIO_DEVICE_NONE
05-20 11:06:01.714   625   838 I APM_AudioPolicyManager: setOutputDevices device AUDIO_DEVICE_NONE delayMs 320
05-20 11:06:01.716   625   838 I APM_AudioPolicyManager: getNewOutputDevices selected devices AUDIO_DEVICE_NONE
05-20 11:06:01.716   625   838 I APM_AudioPolicyManager: setOutputDevices device AUDIO_DEVICE_NONE delayMs 320
05-20 11:06:01.717   625   838 I APM_AudioPolicyManager: setOutputDevices changing device to AUDIO_DEVICE_NONE
05-20 11:06:11.282   625 13287 I APM_AudioPolicyManager: selectOutput new bestOutput 13 criteria 0 100 0 0 0 0 0 2 
05-20 11:06:11.283   625 13287 I APM_AudioPolicyManager: selectOutput new bestOutput 13 criteria 0 100 0 0 0 0 0 2 
05-20 11:06:11.288   625 13287 I APM_AudioPolicyManager: getOutputForAttrInt() attributes={ Content type: AUDIO_CONTENT_TYPE_UNKNOWN Usage: AUDIO_USAGE_NOTIFICATION Source: AUDIO_SOURCE_INVALID Flags: 0x0 Tags:  } stream=AUDIO_STREAM_NOTIFICATION session 20361 selectedDeviceId 0
05-20 11:06:11.288   625 13287 I APM_AudioPolicyManager: getOutputForAttrInt() device {AUDIO_DEVICE_OUT_SPEAKER, @:}, sampling rate 44100, format 0x1, channel mask 0x1, flags 0 stream AUDIO_STREAM_NOTIFICATION
05-20 11:06:11.289   625 13287 I APM_AudioPolicyManager: selectOutput new bestOutput 13 criteria 0 100 0 0 0 0 4 2 
05-20 11:06:11.289   625 13287 I APM_AudioPolicyManager: getOutputForAttrInt returns output 13 selectedDeviceId 3
05-20 11:06:11.289   625 13287 I APM_AudioPolicyManager: getOutputForAttr() returns output 13 requestedPortId 0 selectedDeviceId 3 for port ID 2751
05-20 11:06:11.298   625  2458 I APM_AudioPolicyManager: startOutput portId 2751
05-20 11:06:11.298   625  2458 I APM_AudioPolicyManager: startOutput() output 13, stream 5, session 20361
05-20 11:06:11.299   625  2458 I APM_AudioPolicyManager: getNewOutputDevices selected devices {AUDIO_DEVICE_OUT_SPEAKER, @:}
05-20 11:06:11.299   625  2458 I APM_AudioPolicyManager: getNewOutputDevices selected devices AUDIO_DEVICE_NONE
05-20 11:06:11.299   625  2458 I APM_AudioPolicyManager: setOutputDevices device {AUDIO_DEVICE_OUT_SPEAKER, @:} delayMs 0
05-20 11:06:11.300   625  2458 I APM_AudioPolicyManager: setOutputDevices changing device to {AUDIO_DEVICE_OUT_SPEAKER, @:}
05-20 11:06:11.805   625   838 I APM_AudioPolicyManager: stopOutput portId 2751
05-20 11:06:11.805   625   838 I APM_AudioPolicyManager: stopOutput() output 13, stream 5, session 20361
05-20 11:06:11.805   625   838 I APM_AudioPolicyManager: getNewOutputDevices selected devices AUDIO_DEVICE_NONE
05-20 11:06:11.805   625   838 I APM_AudioPolicyManager: setOutputDevices device AUDIO_DEVICE_NONE delayMs 320
05-20 11:06:11.807   625   838 I APM_AudioPolicyManager: getNewOutputDevices selected devices AUDIO_DEVICE_NONE
05-20 11:06:11.807   625   838 I APM_AudioPolicyManager: setOutputDevices device AUDIO_DEVICE_NONE delayMs 320
05-20 11:06:11.808   625   838 I APM_AudioPolicyManager: setOutputDevices changing device to AUDIO_DEVICE_NONE
05-20 11:06:21.551   625  2458 I APM_AudioPolicyManager: selectOutput new bestOutput 13 criteria 0 100 0 0 0 0 0 2 
05-20 11:06:21.552   625  2458 I APM_AudioPolicyManager: selectOutput new bestOutput 13 criteria 0 100 0 0 0 0 0 2 
05-20 11:06:21.557   625  2458 I APM_AudioPolicyManager: getOutputForAttrInt() attributes={ Content type: AUDIO_CONTENT_TYPE_UNKNOWN Usage: AUDIO_USAGE_NOTIFICATION Source: AUDIO_SOURCE_INVALID Flags: 0x0 Tags:  } stream=AUDIO_STREAM_NOTIFICATION session 20369 selectedDeviceId 0
05-20 11:06:21.557   625  2458 I APM_AudioPolicyManager: getOutputForAttrInt() device {AUDIO_DEVICE_OUT_SPEAKER, @:}, sampling rate 44100, format 0x1, channel mask 0x1, flags 0 stream AUDIO_STREAM_NOTIFICATION
05-20 11:06:21.557   625  2458 I APM_AudioPolicyManager: selectOutput new bestOutput 13 criteria 0 100 0 0 0 0 4 2 
05-20 11:06:21.558   625  2458 I APM_AudioPolicyManager: getOutputForAttrInt returns output 13 selectedDeviceId 3
05-20 11:06:21.558   625  2458 I APM_AudioPolicyManager: getOutputForAttr() returns output 13 requestedPortId 0 selectedDeviceId 3 for port ID 2752
05-20 11:06:21.566   625  2458 I APM_AudioPolicyManager: startOutput portId 2752
05-20 11:06:21.567   625  2458 I APM_AudioPolicyManager: startOutput() output 13, stream 5, session 20369
05-20 11:06:21.567   625  2458 I APM_AudioPolicyManager: getNewOutputDevices selected devices {AUDIO_DEVICE_OUT_SPEAKER, @:}
05-20 11:06:21.568   625  2458 I APM_AudioPolicyManager: getNewOutputDevices selected devices AUDIO_DEVICE_NONE
05-20 11:06:21.568   625  2458 I APM_AudioPolicyManager: setOutputDevices device {AUDIO_DEVICE_OUT_SPEAKER, @:} delayMs 0
05-20 11:06:21.568   625  2458 I APM_AudioPolicyManager: setOutputDevices changing device to {AUDIO_DEVICE_OUT_SPEAKER, @:}
05-20 11:06:22.098   625   838 I APM_AudioPolicyManager: stopOutput portId 2752
05-20 11:06:22.098   625   838 I APM_AudioPolicyManager: stopOutput() output 13, stream 5, session 20369
05-20 11:06:22.098   625   838 I APM_AudioPolicyManager: getNewOutputDevices selected devices AUDIO_DEVICE_NONE
05-20 11:06:22.098   625   838 I APM_AudioPolicyManager: setOutputDevices device AUDIO_DEVICE_NONE delayMs 320
05-20 11:06:22.101   625   838 I APM_AudioPolicyManager: getNewOutputDevices selected devices AUDIO_DEVICE_NONE
05-20 11:06:22.101   625   838 I APM_AudioPolicyManager: setOutputDevices device AUDIO_DEVICE_NONE delayMs 320
05-20 11:06:22.103   625   838 I APM_AudioPolicyManager: setOutputDevices changing device to AUDIO_DEVICE_NONE
05-20 11:06:35.428   625  9076 I APM_AudioPolicyManager: selectOutput new bestOutput 13 criteria 0 100 0 0 0 0 0 2 
05-20 11:06:35.429   625  9076 I APM_AudioPolicyManager: selectOutput new bestOutput 13 criteria 0 100 0 0 0 0 0 2 
05-20 11:06:35.433   625   694 I APM_AudioPolicyManager: getOutputForAttrInt() attributes={ Content type: AUDIO_CONTENT_TYPE_UNKNOWN Usage: AUDIO_USAGE_NOTIFICATION Source: AUDIO_SOURCE_INVALID Flags: 0x0 Tags:  } stream=AUDIO_STREAM_NOTIFICATION session 20377 selectedDeviceId 0
05-20 11:06:35.434   625   694 I APM_AudioPolicyManager: getOutputForAttrInt() device {AUDIO_DEVICE_OUT_SPEAKER, @:}, sampling rate 44100, format 0x1, channel mask 0x1, flags 0 stream AUDIO_STREAM_NOTIFICATION
05-20 11:06:35.434   625   694 I APM_AudioPolicyManager: selectOutput new bestOutput 13 criteria 0 100 0 0 0 0 4 2 
05-20 11:06:35.434   625   694 I APM_AudioPolicyManager: getOutputForAttrInt returns output 13 selectedDeviceId 3
05-20 11:06:35.434   625   694 I APM_AudioPolicyManager: getOutputForAttr() returns output 13 requestedPortId 0 selectedDeviceId 3 for port ID 2753
05-20 11:06:35.444   625   694 I APM_AudioPolicyManager: startOutput portId 2753
05-20 11:06:35.444   625   694 I APM_AudioPolicyManager: startOutput() output 13, stream 5, session 20377
05-20 11:06:35.445   625   694 I APM_AudioPolicyManager: getNewOutputDevices selected devices {AUDIO_DEVICE_OUT_SPEAKER, @:}
05-20 11:06:35.445   625   694 I APM_AudioPolicyManager: getNewOutputDevices selected devices AUDIO_DEVICE_NONE
05-20 11:06:35.445   625   694 I APM_AudioPolicyManager: setOutputDevices device {AUDIO_DEVICE_OUT_SPEAKER, @:} delayMs 0
05-20 11:06:35.445   625   694 I APM_AudioPolicyManager: setOutputDevices changing device to {AUDIO_DEVICE_OUT_SPEAKER, @:}
05-20 11:06:35.961   625   838 I APM_AudioPolicyManager: stopOutput portId 2753
05-20 11:06:35.961   625   838 I APM_AudioPolicyManager: stopOutput() output 13, stream 5, session 20377
05-20 11:06:35.961   625   838 I APM_AudioPolicyManager: getNewOutputDevices selected devices AUDIO_DEVICE_NONE
05-20 11:06:35.961   625   838 I APM_AudioPolicyManager: setOutputDevices device AUDIO_DEVICE_NONE delayMs 320
05-20 11:06:35.962   625   838 I APM_AudioPolicyManager: getNewOutputDevices selected devices AUDIO_DEVICE_NONE
05-20 11:06:35.963   625   838 I APM_AudioPolicyManager: setOutputDevices device AUDIO_DEVICE_NONE delayMs 320
05-20 11:06:35.964   625   838 I APM_AudioPolicyManager: setOutputDevices changing device to AUDIO_DEVICE_NONE
05-20 11:06:57.074   625   694 I APM_AudioPolicyManager: selectOutput new bestOutput 13 criteria 0 100 0 0 0 0 0 2 
05-20 11:06:57.075   625   694 I APM_AudioPolicyManager: selectOutput new bestOutput 13 criteria 0 100 0 0 0 0 0 2 
05-20 11:06:57.080   625  9076 I APM_AudioPolicyManager: getOutputForAttrInt() attributes={ Content type: AUDIO_CONTENT_TYPE_UNKNOWN Usage: AUDIO_USAGE_NOTIFICATION Source: AUDIO_SOURCE_INVALID Flags: 0x0 Tags:  } stream=AUDIO_STREAM_NOTIFICATION session 20385 selectedDeviceId 0
05-20 11:06:57.080   625  9076 I APM_AudioPolicyManager: getOutputForAttrInt() device {AUDIO_DEVICE_OUT_SPEAKER, @:}, sampling rate 44100, format 0x1, channel mask 0x3, flags 0 stream AUDIO_STREAM_NOTIFICATION
05-20 11:06:57.081   625  9076 I APM_AudioPolicyManager: selectOutput new bestOutput 13 criteria 0 100 0 0 0 0 4 2 
05-20 11:06:57.081   625  9076 I APM_AudioPolicyManager: getOutputForAttrInt returns output 13 selectedDeviceId 3
05-20 11:06:57.081   625  9076 I APM_AudioPolicyManager: getOutputForAttr() returns output 13 requestedPortId 0 selectedDeviceId 3 for port ID 2754
05-20 11:06:57.094   625  9076 I APM_AudioPolicyManager: startOutput portId 2754
05-20 11:06:57.094   625  9076 I APM_AudioPolicyManager: startOutput() output 13, stream 5, session 20385
05-20 11:06:57.094   625  9076 I APM_AudioPolicyManager: getNewOutputDevices selected devices {AUDIO_DEVICE_OUT_SPEAKER, @:}
05-20 11:06:57.094   625  9076 I APM_AudioPolicyManager: getNewOutputDevices selected devices AUDIO_DEVICE_NONE
05-20 11:06:57.095   625  9076 I APM_AudioPolicyManager: setOutputDevices device {AUDIO_DEVICE_OUT_SPEAKER, @:} delayMs 0
05-20 11:06:57.095   625  9076 I APM_AudioPolicyManager: setOutputDevices changing device to {AUDIO_DEVICE_OUT_SPEAKER, @:}
05-20 11:06:59.782   625   838 I APM_AudioPolicyManager: stopOutput portId 2754
05-20 11:06:59.782   625   838 I APM_AudioPolicyManager: stopOutput() output 13, stream 5, session 20385
05-20 11:06:59.782   625   838 I APM_AudioPolicyManager: getNewOutputDevices selected devices AUDIO_DEVICE_NONE
05-20 11:06:59.783   625   838 I APM_AudioPolicyManager: setOutputDevices device AUDIO_DEVICE_NONE delayMs 320
05-20 11:06:59.785   625   838 I APM_AudioPolicyManager: getNewOutputDevices selected devices AUDIO_DEVICE_NONE
05-20 11:06:59.785   625   838 I APM_AudioPolicyManager: setOutputDevices device AUDIO_DEVICE_NONE delayMs 320
05-20 11:06:59.788   625   838 I APM_AudioPolicyManager: setOutputDevices changing device to AUDIO_DEVICE_NONE
05-20 11:07:20.104   625  2458 I APM_AudioPolicyManager: selectOutput new bestOutput 13 criteria 0 100 0 0 0 0 0 2 
05-20 11:07:20.104   625  2458 I APM_AudioPolicyManager: selectOutput new bestOutput 13 criteria 0 100 0 0 0 0 0 2 
05-20 11:07:20.109   625  2458 I APM_AudioPolicyManager: getOutputForAttrInt() attributes={ Content type: AUDIO_CONTENT_TYPE_UNKNOWN Usage: AUDIO_USAGE_NOTIFICATION Source: AUDIO_SOURCE_INVALID Flags: 0x0 Tags:  } stream=AUDIO_STREAM_NOTIFICATION session 20393 selectedDeviceId 0
05-20 11:07:20.110   625  2458 I APM_AudioPolicyManager: getOutputForAttrInt() device {AUDIO_DEVICE_OUT_SPEAKER, @:}, sampling rate 44100, format 0x1, channel mask 0x3, flags 0 stream AUDIO_STREAM_NOTIFICATION
05-20 11:07:20.110   625  2458 I APM_AudioPolicyManager: selectOutput new bestOutput 13 criteria 0 100 0 0 0 0 4 2 
05-20 11:07:20.110   625  2458 I APM_AudioPolicyManager: getOutputForAttrInt returns output 13 selectedDeviceId 3
05-20 11:07:20.111   625  2458 I APM_AudioPolicyManager: getOutputForAttr() returns output 13 requestedPortId 0 selectedDeviceId 3 for port ID 2755
05-20 11:07:20.122   625  2458 I APM_AudioPolicyManager: startOutput portId 2755
05-20 11:07:20.122   625  2458 I APM_AudioPolicyManager: startOutput() output 13, stream 5, session 20393
05-20 11:07:20.122   625  2458 I APM_AudioPolicyManager: getNewOutputDevices selected devices {AUDIO_DEVICE_OUT_SPEAKER, @:}
05-20 11:07:20.122   625  2458 I APM_AudioPolicyManager: getNewOutputDevices selected devices AUDIO_DEVICE_NONE
05-20 11:07:20.123   625  2458 I APM_AudioPolicyManager: setOutputDevices device {AUDIO_DEVICE_OUT_SPEAKER, @:} delayMs 0
05-20 11:07:20.123   625  2458 I APM_AudioPolicyManager: setOutputDevices changing device to {AUDIO_DEVICE_OUT_SPEAKER, @:}
05-20 11:07:22.806   625   838 I APM_AudioPolicyManager: stopOutput portId 2755
05-20 11:07:22.807   625   838 I APM_AudioPolicyManager: stopOutput() output 13, stream 5, session 20393
05-20 11:07:22.807   625   838 I APM_AudioPolicyManager: getNewOutputDevices selected devices AUDIO_DEVICE_NONE
