05-20 11:07:22.807   625   838 I APM_AudioPolicyManager: setOutputDevices device AUDIO_DEVICE_NONE delayMs 320
05-20 11:07:22.808   625   838 I APM_AudioPolicyManager: getNewOutputDevices selected devices AUDIO_DEVICE_NONE
05-20 11:07:22.809   625   838 I APM_AudioPolicyManager: setOutputDevices device AUDIO_DEVICE_NONE delayMs 320
05-20 11:07:22.810   625   838 I APM_AudioPolicyManager: setOutputDevices changing device to AUDIO_DEVICE_NONE
05-20 11:07:23.089   625  2458 I APM_AudioPolicyManager: selectOutput new bestOutput 13 criteria 0 100 0 0 0 0 0 2 
05-20 11:07:23.090   625  2458 I APM_AudioPolicyManager: selectOutput new bestOutput 13 criteria 0 100 0 0 0 0 0 2 
05-20 11:07:23.096   625  9076 I APM_AudioPolicyManager: getOutputForAttrInt() attributes={ Content type: AUDIO_CONTENT_TYPE_UNKNOWN Usage: AUDIO_USAGE_NOTIFICATION Source: AUDIO_SOURCE_INVALID Flags: 0x0 Tags:  } stream=AUDIO_STREAM_NOTIFICATION session 20401 selectedDeviceId 0
05-20 11:07:23.096   625  9076 I APM_AudioPolicyManager: getOutputForAttrInt() device {AUDIO_DEVICE_OUT_SPEAKER, @:}, sampling rate 44100, format 0x1, channel mask 0x1, flags 0 stream AUDIO_STREAM_NOTIFICATION
05-20 11:07:23.096   625  9076 I APM_AudioPolicyManager: selectOutput new bestOutput 13 criteria 0 100 0 0 0 0 4 2 
05-20 11:07:23.096   625  9076 I APM_AudioPolicyManager: getOutputForAttrInt returns output 13 selectedDeviceId 3
05-20 11:07:23.096   625  9076 I APM_AudioPolicyManager: getOutputForAttr() returns output 13 requestedPortId 0 selectedDeviceId 3 for port ID 2756
05-20 11:07:23.105   625  9076 I APM_AudioPolicyManager: startOutput portId 2756
05-20 11:07:23.105   625  9076 I APM_AudioPolicyManager: startOutput() output 13, stream 5, session 20401
05-20 11:07:23.105   625  9076 I APM_AudioPolicyManager: getNewOutputDevices selected devices {AUDIO_DEVICE_OUT_SPEAKER, @:}
05-20 11:07:23.106   625  9076 I APM_AudioPolicyManager: getNewOutputDevices selected devices AUDIO_DEVICE_NONE
05-20 11:07:23.106   625  9076 I APM_AudioPolicyManager: setOutputDevices device {AUDIO_DEVICE_OUT_SPEAKER, @:} delayMs 0
05-20 11:07:23.107   625  9076 I APM_AudioPolicyManager: setOutputDevices changing device to {AUDIO_DEVICE_OUT_SPEAKER, @:}
05-20 11:07:23.488   625   838 I APM_AudioPolicyManager: stopOutput portId 2756
05-20 11:07:23.489   625   838 I APM_AudioPolicyManager: stopOutput() output 13, stream 5, session 20401
05-20 11:07:23.489   625   838 I APM_AudioPolicyManager: getNewOutputDevices selected devices AUDIO_DEVICE_NONE
05-20 11:07:23.489   625   838 I APM_AudioPolicyManager: setOutputDevices device AUDIO_DEVICE_NONE delayMs 320
05-20 11:07:23.492   625   838 I APM_AudioPolicyManager: getNewOutputDevices selected devices AUDIO_DEVICE_NONE
05-20 11:07:23.492   625   838 I APM_AudioPolicyManager: setOutputDevices device AUDIO_DEVICE_NONE delayMs 320
05-20 11:07:23.494   625   838 I APM_AudioPolicyManager: setOutputDevices changing device to AUDIO_DEVICE_NONE
05-20 11:07:32.214   625   694 I APM_AudioPolicyManager: selectOutput new bestOutput 13 criteria 0 100 0 0 0 0 0 2 
05-20 11:07:32.215   625   694 I APM_AudioPolicyManager: selectOutput new bestOutput 13 criteria 0 100 0 0 0 0 0 2 
05-20 11:07:32.220   625  2458 I APM_AudioPolicyManager: getOutputForAttrInt() attributes={ Content type: AUDIO_CONTENT_TYPE_UNKNOWN Usage: AUDIO_USAGE_NOTIFICATION Source: AUDIO_SOURCE_INVALID Flags: 0x0 Tags:  } stream=AUDIO_STREAM_NOTIFICATION session 20409 selectedDeviceId 0
05-20 11:07:32.220   625  2458 I APM_AudioPolicyManager: getOutputForAttrInt() device {AUDIO_DEVICE_OUT_SPEAKER, @:}, sampling rate 44100, format 0x1, channel mask 0x1, flags 0 stream AUDIO_STREAM_NOTIFICATION
05-20 11:07:32.221   625  2458 I APM_AudioPolicyManager: selectOutput new bestOutput 13 criteria 0 100 0 0 0 0 4 2 
05-20 11:07:32.221   625  2458 I APM_AudioPolicyManager: getOutputForAttrInt returns output 13 selectedDeviceId 3
05-20 11:07:32.221   625  2458 I APM_AudioPolicyManager: getOutputForAttr() returns output 13 requestedPortId 0 selectedDeviceId 3 for port ID 2757
05-20 11:07:32.229   625  2458 I APM_AudioPolicyManager: startOutput portId 2757
05-20 11:07:32.229   625  2458 I APM_AudioPolicyManager: startOutput() output 13, stream 5, session 20409
05-20 11:07:32.230   625  2458 I APM_AudioPolicyManager: getNewOutputDevices selected devices {AUDIO_DEVICE_OUT_SPEAKER, @:}
05-20 11:07:32.230   625  2458 I APM_AudioPolicyManager: getNewOutputDevices selected devices AUDIO_DEVICE_NONE
05-20 11:07:32.230   625  2458 I APM_AudioPolicyManager: setOutputDevices device {AUDIO_DEVICE_OUT_SPEAKER, @:} delayMs 0
05-20 11:07:32.230   625  2458 I APM_AudioPolicyManager: setOutputDevices changing device to {AUDIO_DEVICE_OUT_SPEAKER, @:}
05-20 11:07:32.759   625   838 I APM_AudioPolicyManager: stopOutput portId 2757
05-20 11:07:32.759   625   838 I APM_AudioPolicyManager: stopOutput() output 13, stream 5, session 20409
05-20 11:07:32.759   625   838 I APM_AudioPolicyManager: getNewOutputDevices selected devices AUDIO_DEVICE_NONE
05-20 11:07:32.759   625   838 I APM_AudioPolicyManager: setOutputDevices device AUDIO_DEVICE_NONE delayMs 320
05-20 11:07:32.761   625   838 I APM_AudioPolicyManager: getNewOutputDevices selected devices AUDIO_DEVICE_NONE
05-20 11:07:32.761   625   838 I APM_AudioPolicyManager: setOutputDevices device AUDIO_DEVICE_NONE delayMs 320
05-20 11:07:32.762   625   838 I APM_AudioPolicyManager: setOutputDevices changing device to AUDIO_DEVICE_NONE
05-20 11:07:44.250   625   694 I APM_AudioPolicyManager: selectOutput new bestOutput 13 criteria 0 100 0 0 0 0 0 2 
05-20 11:07:44.251   625   694 I APM_AudioPolicyManager: selectOutput new bestOutput 13 criteria 0 100 0 0 0 0 0 2 
05-20 11:07:44.255   625   694 I APM_AudioPolicyManager: getOutputForAttrInt() attributes={ Content type: AUDIO_CONTENT_TYPE_UNKNOWN Usage: AUDIO_USAGE_NOTIFICATION Source: AUDIO_SOURCE_INVALID Flags: 0x0 Tags:  } stream=AUDIO_STREAM_NOTIFICATION session 20417 selectedDeviceId 0
05-20 11:07:44.256   625   694 I APM_AudioPolicyManager: getOutputForAttrInt() device {AUDIO_DEVICE_OUT_SPEAKER, @:}, sampling rate 44100, format 0x1, channel mask 0x3, flags 0 stream AUDIO_STREAM_NOTIFICATION
05-20 11:07:44.256   625   694 I APM_AudioPolicyManager: selectOutput new bestOutput 13 criteria 0 100 0 0 0 0 4 2 
05-20 11:07:44.257   625   694 I APM_AudioPolicyManager: getOutputForAttrInt returns output 13 selectedDeviceId 3
05-20 11:07:44.257   625   694 I APM_AudioPolicyManager: getOutputForAttr() returns output 13 requestedPortId 0 selectedDeviceId 3 for port ID 2758
05-20 11:07:44.268   625 25223 I APM_AudioPolicyManager: startOutput portId 2758
05-20 11:07:44.268   625 25223 I APM_AudioPolicyManager: startOutput() output 13, stream 5, session 20417
05-20 11:07:44.268   625 25223 I APM_AudioPolicyManager: getNewOutputDevices selected devices {AUDIO_DEVICE_OUT_SPEAKER, @:}
05-20 11:07:44.269   625 25223 I APM_AudioPolicyManager: getNewOutputDevices selected devices AUDIO_DEVICE_NONE
05-20 11:07:44.269   625 25223 I APM_AudioPolicyManager: setOutputDevices device {AUDIO_DEVICE_OUT_SPEAKER, @:} delayMs 0
05-20 11:07:44.269   625 25223 I APM_AudioPolicyManager: setOutputDevices changing device to {AUDIO_DEVICE_OUT_SPEAKER, @:}
05-20 11:07:46.935   625   838 I APM_AudioPolicyManager: stopOutput portId 2758
05-20 11:07:46.935   625   838 I APM_AudioPolicyManager: stopOutput() output 13, stream 5, session 20417
05-20 11:07:46.935   625   838 I APM_AudioPolicyManager: getNewOutputDevices selected devices AUDIO_DEVICE_NONE
05-20 11:07:46.935   625   838 I APM_AudioPolicyManager: setOutputDevices device AUDIO_DEVICE_NONE delayMs 320
05-20 11:07:46.937   625   838 I APM_AudioPolicyManager: getNewOutputDevices selected devices AUDIO_DEVICE_NONE
05-20 11:07:46.937   625   838 I APM_AudioPolicyManager: setOutputDevices device AUDIO_DEVICE_NONE delayMs 320
05-20 11:07:46.938   625   838 I APM_AudioPolicyManager: setOutputDevices changing device to AUDIO_DEVICE_NONE
05-20 11:07:49.271   625   694 I APM_AudioPolicyManager: selectOutput new bestOutput 13 criteria 0 100 0 0 0 0 0 2 
05-20 11:07:49.271   625   694 I APM_AudioPolicyManager: selectOutput new bestOutput 13 criteria 0 100 0 0 0 0 0 2 
05-20 11:07:49.276   625 25223 I APM_AudioPolicyManager: getOutputForAttrInt() attributes={ Content type: AUDIO_CONTENT_TYPE_UNKNOWN Usage: AUDIO_USAGE_NOTIFICATION Source: AUDIO_SOURCE_INVALID Flags: 0x0 Tags:  } stream=AUDIO_STREAM_NOTIFICATION session 20425 selectedDeviceId 0
05-20 11:07:49.277   625 25223 I APM_AudioPolicyManager: getOutputForAttrInt() device {AUDIO_DEVICE_OUT_SPEAKER, @:}, sampling rate 44100, format 0x1, channel mask 0x1, flags 0 stream AUDIO_STREAM_NOTIFICATION
05-20 11:07:49.277   625 25223 I APM_AudioPolicyManager: selectOutput new bestOutput 13 criteria 0 100 0 0 0 0 4 2 
05-20 11:07:49.277   625 25223 I APM_AudioPolicyManager: getOutputForAttrInt returns output 13 selectedDeviceId 3
05-20 11:07:49.277   625 25223 I APM_AudioPolicyManager: getOutputForAttr() returns output 13 requestedPortId 0 selectedDeviceId 3 for port ID 2759
05-20 11:07:49.285   625 13287 I APM_AudioPolicyManager: startOutput portId 2759
05-20 11:07:49.285   625 13287 I APM_AudioPolicyManager: startOutput() output 13, stream 5, session 20425
05-20 11:07:49.286   625 13287 I APM_AudioPolicyManager: getNewOutputDevices selected devices {AUDIO_DEVICE_OUT_SPEAKER, @:}
05-20 11:07:49.286   625 13287 I APM_AudioPolicyManager: getNewOutputDevices selected devices AUDIO_DEVICE_NONE
05-20 11:07:49.286   625 13287 I APM_AudioPolicyManager: setOutputDevices device {AUDIO_DEVICE_OUT_SPEAKER, @:} delayMs 0
05-20 11:07:49.286   625 13287 I APM_AudioPolicyManager: setOutputDevices changing device to {AUDIO_DEVICE_OUT_SPEAKER, @:}
05-20 11:07:49.654   625   838 I APM_AudioPolicyManager: stopOutput portId 2759
05-20 11:07:49.654   625   838 I APM_AudioPolicyManager: stopOutput() output 13, stream 5, session 20425
05-20 11:07:49.654   625   838 I APM_AudioPolicyManager: getNewOutputDevices selected devices AUDIO_DEVICE_NONE
05-20 11:07:49.654   625   838 I APM_AudioPolicyManager: setOutputDevices device AUDIO_DEVICE_NONE delayMs 320
05-20 11:07:49.656   625   838 I APM_AudioPolicyManager: getNewOutputDevices selected devices AUDIO_DEVICE_NONE
05-20 11:07:49.656   625   838 I APM_AudioPolicyManager: setOutputDevices device AUDIO_DEVICE_NONE delayMs 320
05-20 11:07:49.657   625   838 I APM_AudioPolicyManager: setOutputDevices changing device to AUDIO_DEVICE_NONE
05-20 11:07:52.693   625 13287 I APM_AudioPolicyManager: selectOutput new bestOutput 13 criteria 0 100 0 0 0 0 0 2 
05-20 11:07:52.694   625 13287 I APM_AudioPolicyManager: selectOutput new bestOutput 13 criteria 0 100 0 0 0 0 0 2 
05-20 11:07:52.699   625 13287 I APM_AudioPolicyManager: getOutputForAttrInt() attributes={ Content type: AUDIO_CONTENT_TYPE_UNKNOWN Usage: AUDIO_USAGE_NOTIFICATION Source: AUDIO_SOURCE_INVALID Flags: 0x0 Tags:  } stream=AUDIO_STREAM_NOTIFICATION session 20433 selectedDeviceId 0
05-20 11:07:52.700   625 13287 I APM_AudioPolicyManager: getOutputForAttrInt() device {AUDIO_DEVICE_OUT_SPEAKER, @:}, sampling rate 44100, format 0x1, channel mask 0x1, flags 0 stream AUDIO_STREAM_NOTIFICATION
05-20 11:07:52.700   625 13287 I APM_AudioPolicyManager: selectOutput new bestOutput 13 criteria 0 100 0 0 0 0 4 2 
05-20 11:07:52.700   625 13287 I APM_AudioPolicyManager: getOutputForAttrInt returns output 13 selectedDeviceId 3
05-20 11:07:52.701   625 13287 I APM_AudioPolicyManager: getOutputForAttr() returns output 13 requestedPortId 0 selectedDeviceId 3 for port ID 2760
05-20 11:07:52.717   625 25223 I APM_AudioPolicyManager: startOutput portId 2760
05-20 11:07:52.717   625 25223 I APM_AudioPolicyManager: startOutput() output 13, stream 5, session 20433
05-20 11:07:52.717   625 25223 I APM_AudioPolicyManager: getNewOutputDevices selected devices {AUDIO_DEVICE_OUT_SPEAKER, @:}
05-20 11:07:52.718   625 25223 I APM_AudioPolicyManager: getNewOutputDevices selected devices AUDIO_DEVICE_NONE
05-20 11:07:52.718   625 25223 I APM_AudioPolicyManager: setOutputDevices device {AUDIO_DEVICE_OUT_SPEAKER, @:} delayMs 0
05-20 11:07:52.718   625 25223 I APM_AudioPolicyManager: setOutputDevices changing device to {AUDIO_DEVICE_OUT_SPEAKER, @:}
05-20 11:07:53.237   625   838 I APM_AudioPolicyManager: stopOutput portId 2760
05-20 11:07:53.237   625   838 I APM_AudioPolicyManager: stopOutput() output 13, stream 5, session 20433
05-20 11:07:53.238   625   838 I APM_AudioPolicyManager: getNewOutputDevices selected devices AUDIO_DEVICE_NONE
05-20 11:07:53.238   625   838 I APM_AudioPolicyManager: setOutputDevices device AUDIO_DEVICE_NONE delayMs 320
05-20 11:07:53.241   625   838 I APM_AudioPolicyManager: getNewOutputDevices selected devices AUDIO_DEVICE_NONE
05-20 11:07:53.241   625   838 I APM_AudioPolicyManager: setOutputDevices device AUDIO_DEVICE_NONE delayMs 320
05-20 11:07:53.243   625   838 I APM_AudioPolicyManager: setOutputDevices changing device to AUDIO_DEVICE_NONE
05-20 11:08:03.565   625  9076 I APM_AudioPolicyManager: selectOutput new bestOutput 13 criteria 0 100 0 0 0 0 0 2 
05-20 11:08:03.566   625  9076 I APM_AudioPolicyManager: selectOutput new bestOutput 13 criteria 0 100 0 0 0 0 0 2 
05-20 11:08:03.572   625  9076 I APM_AudioPolicyManager: getOutputForAttrInt() attributes={ Content type: AUDIO_CONTENT_TYPE_UNKNOWN Usage: AUDIO_USAGE_NOTIFICATION Source: AUDIO_SOURCE_INVALID Flags: 0x0 Tags:  } stream=AUDIO_STREAM_NOTIFICATION session 20441 selectedDeviceId 0
05-20 11:08:03.573   625  9076 I APM_AudioPolicyManager: getOutputForAttrInt() device {AUDIO_DEVICE_OUT_SPEAKER, @:}, sampling rate 44100, format 0x1, channel mask 0x3, flags 0 stream AUDIO_STREAM_NOTIFICATION
05-20 11:08:03.573   625  9076 I APM_AudioPolicyManager: selectOutput new bestOutput 13 criteria 0 100 0 0 0 0 4 2 
05-20 11:08:03.573   625  9076 I APM_AudioPolicyManager: getOutputForAttrInt returns output 13 selectedDeviceId 3
05-20 11:08:03.573   625  9076 I APM_AudioPolicyManager: getOutputForAttr() returns output 13 requestedPortId 0 selectedDeviceId 3 for port ID 2761
05-20 11:08:03.584   625  9076 I APM_AudioPolicyManager: startOutput portId 2761
05-20 11:08:03.584   625  9076 I APM_AudioPolicyManager: startOutput() output 13, stream 5, session 20441
05-20 11:08:03.585   625  9076 I APM_AudioPolicyManager: getNewOutputDevices selected devices {AUDIO_DEVICE_OUT_SPEAKER, @:}
05-20 11:08:03.585   625  9076 I APM_AudioPolicyManager: getNewOutputDevices selected devices AUDIO_DEVICE_NONE
05-20 11:08:03.585   625  9076 I APM_AudioPolicyManager: setOutputDevices device {AUDIO_DEVICE_OUT_SPEAKER, @:} delayMs 0
05-20 11:08:03.586   625  9076 I APM_AudioPolicyManager: setOutputDevices changing device to {AUDIO_DEVICE_OUT_SPEAKER, @:}
05-20 11:08:06.265   625   838 I APM_AudioPolicyManager: stopOutput portId 2761
05-20 11:08:06.265   625   838 I APM_AudioPolicyManager: stopOutput() output 13, stream 5, session 20441
05-20 11:08:06.265   625   838 I APM_AudioPolicyManager: getNewOutputDevices selected devices AUDIO_DEVICE_NONE
05-20 11:08:06.265   625   838 I APM_AudioPolicyManager: setOutputDevices device AUDIO_DEVICE_NONE delayMs 320
05-20 11:08:06.269   625   838 I APM_AudioPolicyManager: getNewOutputDevices selected devices AUDIO_DEVICE_NONE
05-20 11:08:06.269   625   838 I APM_AudioPolicyManager: setOutputDevices device AUDIO_DEVICE_NONE delayMs 320
05-20 11:08:06.272   625   838 I APM_AudioPolicyManager: setOutputDevices changing device to AUDIO_DEVICE_NONE
05-20 11:08:08.790   625  5813 I APM_AudioPolicyManager: selectOutput new bestOutput 13 criteria 0 100 0 0 0 0 0 2 
05-20 11:08:08.791   625  5813 I APM_AudioPolicyManager: selectOutput new bestOutput 13 criteria 0 100 0 0 0 0 0 2 
05-20 11:08:08.795   625  5813 I APM_AudioPolicyManager: getOutputForAttrInt() attributes={ Content type: AUDIO_CONTENT_TYPE_UNKNOWN Usage: AUDIO_USAGE_NOTIFICATION Source: AUDIO_SOURCE_INVALID Flags: 0x0 Tags:  } stream=AUDIO_STREAM_NOTIFICATION session 20449 selectedDeviceId 0
05-20 11:08:08.796   625  5813 I APM_AudioPolicyManager: getOutputForAttrInt() device {AUDIO_DEVICE_OUT_SPEAKER, @:}, sampling rate 44100, format 0x1, channel mask 0x3, flags 0 stream AUDIO_STREAM_NOTIFICATION
05-20 11:08:08.796   625  5813 I APM_AudioPolicyManager: selectOutput new bestOutput 13 criteria 0 100 0 0 0 0 4 2 
05-20 11:08:08.796   625  5813 I APM_AudioPolicyManager: getOutputForAttrInt returns output 13 selectedDeviceId 3
05-20 11:08:08.796   625  5813 I APM_AudioPolicyManager: getOutputForAttr() returns output 13 requestedPortId 0 selectedDeviceId 3 for port ID 2762
05-20 11:08:08.806   625  5813 I APM_AudioPolicyManager: startOutput portId 2762
05-20 11:08:08.806   625  5813 I APM_AudioPolicyManager: startOutput() output 13, stream 5, session 20449
05-20 11:08:08.807   625  5813 I APM_AudioPolicyManager: getNewOutputDevices selected devices {AUDIO_DEVICE_OUT_SPEAKER, @:}
05-20 11:08:08.807   625  5813 I APM_AudioPolicyManager: getNewOutputDevices selected devices AUDIO_DEVICE_NONE
05-20 11:08:08.807   625  5813 I APM_AudioPolicyManager: setOutputDevices device {AUDIO_DEVICE_OUT_SPEAKER, @:} delayMs 0
05-20 11:08:08.807   625  5813 I APM_AudioPolicyManager: setOutputDevices changing device to {AUDIO_DEVICE_OUT_SPEAKER, @:}
05-20 11:08:11.346   625   838 I APM_AudioPolicyManager: stopOutput portId 2762
05-20 11:08:11.346   625   838 I APM_AudioPolicyManager: stopOutput() output 13, stream 5, session 20449
05-20 11:08:11.346   625   838 I APM_AudioPolicyManager: getNewOutputDevices selected devices AUDIO_DEVICE_NONE
05-20 11:08:11.346   625   838 I APM_AudioPolicyManager: setOutputDevices device AUDIO_DEVICE_NONE delayMs 320
05-20 11:08:11.350   625   838 I APM_AudioPolicyManager: getNewOutputDevices selected devices AUDIO_DEVICE_NONE
05-20 11:08:11.350   625   838 I APM_AudioPolicyManager: setOutputDevices device AUDIO_DEVICE_NONE delayMs 320
05-20 11:08:11.353   625   838 I APM_AudioPolicyManager: setOutputDevices changing device to AUDIO_DEVICE_NONE
05-20 11:08:28.515   625  9076 I APM_AudioPolicyManager: selectOutput new bestOutput 13 criteria 0 100 0 0 0 0 0 2 
05-20 11:08:28.516   625  9076 I APM_AudioPolicyManager: selectOutput new bestOutput 13 criteria 0 100 0 0 0 0 0 2 
05-20 11:08:28.521   625  9076 I APM_AudioPolicyManager: getOutputForAttrInt() attributes={ Content type: AUDIO_CONTENT_TYPE_UNKNOWN Usage: AUDIO_USAGE_NOTIFICATION Source: AUDIO_SOURCE_INVALID Flags: 0x0 Tags:  } stream=AUDIO_STREAM_NOTIFICATION session 20457 selectedDeviceId 0
05-20 11:08:28.521   625  9076 I APM_AudioPolicyManager: getOutputForAttrInt() device {AUDIO_DEVICE_OUT_SPEAKER, @:}, sampling rate 44100, format 0x1, channel mask 0x1, flags 0 stream AUDIO_STREAM_NOTIFICATION
05-20 11:08:28.521   625  9076 I APM_AudioPolicyManager: selectOutput new bestOutput 13 criteria 0 100 0 0 0 0 4 2 
05-20 11:08:28.521   625  9076 I APM_AudioPolicyManager: getOutputForAttrInt returns output 13 selectedDeviceId 3
05-20 11:08:28.521   625  9076 I APM_AudioPolicyManager: getOutputForAttr() returns output 13 requestedPortId 0 selectedDeviceId 3 for port ID 2763
05-20 11:08:28.532   625  9076 I APM_AudioPolicyManager: startOutput portId 2763
05-20 11:08:28.532   625  9076 I APM_AudioPolicyManager: startOutput() output 13, stream 5, session 20457
05-20 11:08:28.532   625  9076 I APM_AudioPolicyManager: getNewOutputDevices selected devices {AUDIO_DEVICE_OUT_SPEAKER, @:}
05-20 11:08:28.532   625  9076 I APM_AudioPolicyManager: getNewOutputDevices selected devices AUDIO_DEVICE_NONE
05-20 11:08:28.533   625  9076 I APM_AudioPolicyManager: setOutputDevices device {AUDIO_DEVICE_OUT_SPEAKER, @:} delayMs 0
05-20 11:08:28.533   625  9076 I APM_AudioPolicyManager: setOutputDevices changing device to {AUDIO_DEVICE_OUT_SPEAKER, @:}
05-20 11:08:29.052   625   838 I APM_AudioPolicyManager: stopOutput portId 2763
05-20 11:08:29.052   625   838 I APM_AudioPolicyManager: stopOutput() output 13, stream 5, session 20457
05-20 11:08:29.052   625   838 I APM_AudioPolicyManager: getNewOutputDevices selected devices AUDIO_DEVICE_NONE
05-20 11:08:29.052   625   838 I APM_AudioPolicyManager: setOutputDevices device AUDIO_DEVICE_NONE delayMs 320
05-20 11:08:29.055   625   838 I APM_AudioPolicyManager: getNewOutputDevices selected devices AUDIO_DEVICE_NONE
05-20 11:08:29.055   625   838 I APM_AudioPolicyManager: setOutputDevices device AUDIO_DEVICE_NONE delayMs 320
05-20 11:08:29.057   625   838 I APM_AudioPolicyManager: setOutputDevices changing device to AUDIO_DEVICE_NONE
05-20 11:11:19.180   625 13287 I APM_AudioPolicyManager: selectOutput new bestOutput 13 criteria 0 100 0 0 0 0 0 2 
05-20 11:11:19.181   625 13287 I APM_AudioPolicyManager: selectOutput new bestOutput 13 criteria 0 100 0 0 0 0 0 2 
05-20 11:11:19.186   625 13287 I APM_AudioPolicyManager: getOutputForAttrInt() attributes={ Content type: AUDIO_CONTENT_TYPE_SONIFICATION Usage: AUDIO_USAGE_NOTIFICATION Source: AUDIO_SOURCE_INVALID Flags: 0x800 Tags:  } stream=AUDIO_STREAM_NOTIFICATION session 20465 selectedDeviceId 0
05-20 11:11:19.186   625 13287 I APM_AudioPolicyManager: getOutputForAttrInt() device {AUDIO_DEVICE_OUT_SPEAKER, @:}, sampling rate 44100, format 0x1, channel mask 0x3, flags 0 stream AUDIO_STREAM_NOTIFICATION
05-20 11:11:19.187   625 13287 I APM_AudioPolicyManager: selectOutput new bestOutput 13 criteria 0 100 0 0 0 0 4 2 
05-20 11:11:19.187   625 13287 I APM_AudioPolicyManager: getOutputForAttrInt returns output 13 selectedDeviceId 3
05-20 11:11:19.187   625 13287 I APM_AudioPolicyManager: getOutputForAttr() returns output 13 requestedPortId 0 selectedDeviceId 3 for port ID 2764
05-20 11:11:19.201   625  9076 I APM_AudioPolicyManager: startOutput portId 2764
05-20 11:11:19.201   625  9076 I APM_AudioPolicyManager: startOutput() output 13, stream 5, session 20465
05-20 11:11:19.202   625  9076 I APM_AudioPolicyManager: getNewOutputDevices selected devices {AUDIO_DEVICE_OUT_SPEAKER, @:}
05-20 11:11:19.202   625  9076 I APM_AudioPolicyManager: getNewOutputDevices selected devices AUDIO_DEVICE_NONE
05-20 11:11:19.203   625  9076 I APM_AudioPolicyManager: setOutputDevices device {AUDIO_DEVICE_OUT_SPEAKER, @:} delayMs 0
05-20 11:11:19.203   625  9076 I APM_AudioPolicyManager: setOutputDevices changing device to {AUDIO_DEVICE_OUT_SPEAKER, @:}
05-20 11:11:20.440   625   838 I APM_AudioPolicyManager: stopOutput portId 2764
05-20 11:11:20.440   625   838 I APM_AudioPolicyManager: stopOutput() output 13, stream 5, session 20465
05-20 11:11:20.440   625   838 I APM_AudioPolicyManager: getNewOutputDevices selected devices AUDIO_DEVICE_NONE
05-20 11:11:20.440   625   838 I APM_AudioPolicyManager: setOutputDevices device AUDIO_DEVICE_NONE delayMs 320
05-20 11:11:20.441   625   838 I APM_AudioPolicyManager: getNewOutputDevices selected devices AUDIO_DEVICE_NONE
05-20 11:11:20.441   625   838 I APM_AudioPolicyManager: setOutputDevices device AUDIO_DEVICE_NONE delayMs 320
05-20 11:11:20.443   625   838 I APM_AudioPolicyManager: setOutputDevices changing device to AUDIO_DEVICE_NONE
05-20 11:12:10.248   625  9076 I APM_AudioPolicyManager: selectOutput new bestOutput 13 criteria 0 100 0 0 0 0 0 2 
05-20 11:12:10.249   625  9076 I APM_AudioPolicyManager: selectOutput new bestOutput 13 criteria 0 100 0 0 0 0 0 2 
05-20 11:12:10.255   625  9076 I APM_AudioPolicyManager: getOutputForAttrInt() attributes={ Content type: AUDIO_CONTENT_TYPE_UNKNOWN Usage: AUDIO_USAGE_NOTIFICATION Source: AUDIO_SOURCE_INVALID Flags: 0x0 Tags:  } stream=AUDIO_STREAM_NOTIFICATION session 20473 selectedDeviceId 0
05-20 11:12:10.256   625  9076 I APM_AudioPolicyManager: getOutputForAttrInt() device {AUDIO_DEVICE_OUT_SPEAKER, @:}, sampling rate 44100, format 0x1, channel mask 0x3, flags 0 stream AUDIO_STREAM_NOTIFICATION
05-20 11:12:10.256   625  9076 I APM_AudioPolicyManager: selectOutput new bestOutput 13 criteria 0 100 0 0 0 0 4 2 
05-20 11:12:10.256   625  9076 I APM_AudioPolicyManager: getOutputForAttrInt returns output 13 selectedDeviceId 3
05-20 11:12:10.256   625  9076 I APM_AudioPolicyManager: getOutputForAttr() returns output 13 requestedPortId 0 selectedDeviceId 3 for port ID 2765
05-20 11:12:10.268   625  9076 I APM_AudioPolicyManager: startOutput portId 2765
05-20 11:12:10.268   625  9076 I APM_AudioPolicyManager: startOutput() output 13, stream 5, session 20473
05-20 11:12:10.269   625  9076 I APM_AudioPolicyManager: getNewOutputDevices selected devices {AUDIO_DEVICE_OUT_SPEAKER, @:}
05-20 11:12:10.269   625  9076 I APM_AudioPolicyManager: getNewOutputDevices selected devices AUDIO_DEVICE_NONE
05-20 11:12:10.269   625  9076 I APM_AudioPolicyManager: setOutputDevices device {AUDIO_DEVICE_OUT_SPEAKER, @:} delayMs 0
05-20 11:12:10.269   625  9076 I APM_AudioPolicyManager: setOutputDevices changing device to {AUDIO_DEVICE_OUT_SPEAKER, @:}
05-20 11:12:12.958   625   838 I APM_AudioPolicyManager: stopOutput portId 2765
05-20 11:12:12.958   625   838 I APM_AudioPolicyManager: stopOutput() output 13, stream 5, session 20473
05-20 11:12:12.958   625   838 I APM_AudioPolicyManager: getNewOutputDevices selected devices AUDIO_DEVICE_NONE
05-20 11:12:12.958   625   838 I APM_AudioPolicyManager: setOutputDevices device AUDIO_DEVICE_NONE delayMs 320
05-20 11:12:12.959   625   838 I APM_AudioPolicyManager: getNewOutputDevices selected devices AUDIO_DEVICE_NONE
05-20 11:12:12.960   625   838 I APM_AudioPolicyManager: setOutputDevices device AUDIO_DEVICE_NONE delayMs 320
05-20 11:12:12.961   625   838 I APM_AudioPolicyManager: setOutputDevices changing device to AUDIO_DEVICE_NONE
05-20 11:12:43.606   625 21008 I APM_AudioPolicyManager: selectOutput new bestOutput 13 criteria 0 100 0 0 0 0 0 2 
05-20 11:12:43.607   625 21008 I APM_AudioPolicyManager: selectOutput new bestOutput 13 criteria 0 100 0 0 0 0 0 2 
05-20 11:12:43.613   625 21008 I APM_AudioPolicyManager: getOutputForAttrInt() attributes={ Content type: AUDIO_CONTENT_TYPE_UNKNOWN Usage: AUDIO_USAGE_NOTIFICATION Source: AUDIO_SOURCE_INVALID Flags: 0x0 Tags:  } stream=AUDIO_STREAM_NOTIFICATION session 20481 selectedDeviceId 0
05-20 11:12:43.613   625 21008 I APM_AudioPolicyManager: getOutputForAttrInt() device {AUDIO_DEVICE_OUT_SPEAKER, @:}, sampling rate 44100, format 0x1, channel mask 0x1, flags 0 stream AUDIO_STREAM_NOTIFICATION
05-20 11:12:43.614   625 21008 I APM_AudioPolicyManager: selectOutput new bestOutput 13 criteria 0 100 0 0 0 0 4 2 
05-20 11:12:43.614   625 21008 I APM_AudioPolicyManager: getOutputForAttrInt returns output 13 selectedDeviceId 3
05-20 11:12:43.614   625 21008 I APM_AudioPolicyManager: getOutputForAttr() returns output 13 requestedPortId 0 selectedDeviceId 3 for port ID 2766
05-20 11:12:43.623   625 21008 I APM_AudioPolicyManager: startOutput portId 2766
05-20 11:12:43.624   625 21008 I APM_AudioPolicyManager: startOutput() output 13, stream 5, session 20481
05-20 11:12:43.624   625 21008 I APM_AudioPolicyManager: getNewOutputDevices selected devices {AUDIO_DEVICE_OUT_SPEAKER, @:}
05-20 11:12:43.624   625 21008 I APM_AudioPolicyManager: getNewOutputDevices selected devices AUDIO_DEVICE_NONE
05-20 11:12:43.624   625 21008 I APM_AudioPolicyManager: setOutputDevices device {AUDIO_DEVICE_OUT_SPEAKER, @:} delayMs 0
05-20 11:12:43.624   625 21008 I APM_AudioPolicyManager: setOutputDevices changing device to {AUDIO_DEVICE_OUT_SPEAKER, @:}
05-20 11:12:44.154   625   838 I APM_AudioPolicyManager: stopOutput portId 2766
05-20 11:12:44.154   625   838 I APM_AudioPolicyManager: stopOutput() output 13, stream 5, session 20481
05-20 11:12:44.154   625   838 I APM_AudioPolicyManager: getNewOutputDevices selected devices AUDIO_DEVICE_NONE
05-20 11:12:44.154   625   838 I APM_AudioPolicyManager: setOutputDevices device AUDIO_DEVICE_NONE delayMs 320
05-20 11:12:44.157   625   838 I APM_AudioPolicyManager: getNewOutputDevices selected devices AUDIO_DEVICE_NONE
05-20 11:12:44.157   625   838 I APM_AudioPolicyManager: setOutputDevices device AUDIO_DEVICE_NONE delayMs 320
05-20 11:12:44.161   625   838 I APM_AudioPolicyManager: setOutputDevices changing device to AUDIO_DEVICE_NONE
05-20 11:12:57.964   625   694 I APM_AudioPolicyManager: selectOutput new bestOutput 13 criteria 0 100 0 0 0 0 0 2 
05-20 11:12:57.965   625   694 I APM_AudioPolicyManager: selectOutput new bestOutput 13 criteria 0 100 0 0 0 0 0 2 
05-20 11:12:57.970   625   694 I APM_AudioPolicyManager: getOutputForAttrInt() attributes={ Content type: AUDIO_CONTENT_TYPE_UNKNOWN Usage: AUDIO_USAGE_NOTIFICATION Source: AUDIO_SOURCE_INVALID Flags: 0x0 Tags:  } stream=AUDIO_STREAM_NOTIFICATION session 20489 selectedDeviceId 0
05-20 11:12:57.970   625   694 I APM_AudioPolicyManager: getOutputForAttrInt() device {AUDIO_DEVICE_OUT_SPEAKER, @:}, sampling rate 44100, format 0x1, channel mask 0x1, flags 0 stream AUDIO_STREAM_NOTIFICATION
05-20 11:12:57.970   625   694 I APM_AudioPolicyManager: selectOutput new bestOutput 13 criteria 0 100 0 0 0 0 4 2 
05-20 11:12:57.970   625   694 I APM_AudioPolicyManager: getOutputForAttrInt returns output 13 selectedDeviceId 3
05-20 11:12:57.970   625   694 I APM_AudioPolicyManager: getOutputForAttr() returns output 13 requestedPortId 0 selectedDeviceId 3 for port ID 2767
05-20 11:12:57.979   625   694 I APM_AudioPolicyManager: startOutput portId 2767
05-20 11:12:57.979   625   694 I APM_AudioPolicyManager: startOutput() output 13, stream 5, session 20489
05-20 11:12:57.979   625   694 I APM_AudioPolicyManager: getNewOutputDevices selected devices {AUDIO_DEVICE_OUT_SPEAKER, @:}
05-20 11:12:57.980   625   694 I APM_AudioPolicyManager: getNewOutputDevices selected devices AUDIO_DEVICE_NONE
05-20 11:12:57.980   625   694 I APM_AudioPolicyManager: setOutputDevices device {AUDIO_DEVICE_OUT_SPEAKER, @:} delayMs 0
05-20 11:12:57.980   625   694 I APM_AudioPolicyManager: setOutputDevices changing device to {AUDIO_DEVICE_OUT_SPEAKER, @:}
05-20 11:12:58.485   625   838 I APM_AudioPolicyManager: stopOutput portId 2767
05-20 11:12:58.485   625   838 I APM_AudioPolicyManager: stopOutput() output 13, stream 5, session 20489
05-20 11:12:58.485   625   838 I APM_AudioPolicyManager: getNewOutputDevices selected devices AUDIO_DEVICE_NONE
05-20 11:12:58.485   625   838 I APM_AudioPolicyManager: setOutputDevices device AUDIO_DEVICE_NONE delayMs 320
05-20 11:12:58.487   625   838 I APM_AudioPolicyManager: getNewOutputDevices selected devices AUDIO_DEVICE_NONE
05-20 11:12:58.487   625   838 I APM_AudioPolicyManager: setOutputDevices device AUDIO_DEVICE_NONE delayMs 320
05-20 11:12:58.488   625   838 I APM_AudioPolicyManager: setOutputDevices changing device to AUDIO_DEVICE_NONE
05-20 11:13:06.603   625 13287 I APM_AudioPolicyManager: selectOutput new bestOutput 13 criteria 0 100 0 0 0 0 0 2 
05-20 11:13:06.604   625  9076 I APM_AudioPolicyManager: selectOutput new bestOutput 13 criteria 0 100 0 0 0 0 0 2 
05-20 11:13:06.612   625 13287 I APM_AudioPolicyManager: getOutputForAttrInt() attributes={ Content type: AUDIO_CONTENT_TYPE_UNKNOWN Usage: AUDIO_USAGE_NOTIFICATION Source: AUDIO_SOURCE_INVALID Flags: 0x0 Tags:  } stream=AUDIO_STREAM_NOTIFICATION session 20497 selectedDeviceId 0
05-20 11:13:06.613   625 13287 I APM_AudioPolicyManager: getOutputForAttrInt() device {AUDIO_DEVICE_OUT_SPEAKER, @:}, sampling rate 44100, format 0x1, channel mask 0x1, flags 0 stream AUDIO_STREAM_NOTIFICATION
05-20 11:13:06.613   625 13287 I APM_AudioPolicyManager: selectOutput new bestOutput 13 criteria 0 100 0 0 0 0 4 2 
05-20 11:13:06.613   625 13287 I APM_AudioPolicyManager: getOutputForAttrInt returns output 13 selectedDeviceId 3
05-20 11:13:06.613   625 13287 I APM_AudioPolicyManager: getOutputForAttr() returns output 13 requestedPortId 0 selectedDeviceId 3 for port ID 2768
05-20 11:13:06.627   625 23504 I APM_AudioPolicyManager: startOutput portId 2768
05-20 11:13:06.627   625 23504 I APM_AudioPolicyManager: startOutput() output 13, stream 5, session 20497
05-20 11:13:06.627   625 23504 I APM_AudioPolicyManager: getNewOutputDevices selected devices {AUDIO_DEVICE_OUT_SPEAKER, @:}
05-20 11:13:06.627   625 23504 I APM_AudioPolicyManager: getNewOutputDevices selected devices AUDIO_DEVICE_NONE
05-20 11:13:06.627   625 23504 I APM_AudioPolicyManager: setOutputDevices device {AUDIO_DEVICE_OUT_SPEAKER, @:} delayMs 0
05-20 11:13:06.627   625 23504 I APM_AudioPolicyManager: setOutputDevices changing device to {AUDIO_DEVICE_OUT_SPEAKER, @:}
05-20 11:13:07.140   625   838 I APM_AudioPolicyManager: stopOutput portId 2768
05-20 11:13:07.141   625   838 I APM_AudioPolicyManager: stopOutput() output 13, stream 5, session 20497
05-20 11:13:07.141   625   838 I APM_AudioPolicyManager: getNewOutputDevices selected devices AUDIO_DEVICE_NONE
05-20 11:13:07.141   625   838 I APM_AudioPolicyManager: setOutputDevices device AUDIO_DEVICE_NONE delayMs 320
05-20 11:13:07.145   625   838 I APM_AudioPolicyManager: getNewOutputDevices selected devices AUDIO_DEVICE_NONE
05-20 11:13:07.145   625   838 I APM_AudioPolicyManager: setOutputDevices device AUDIO_DEVICE_NONE delayMs 320
05-20 11:13:07.147   625   838 I APM_AudioPolicyManager: setOutputDevices changing device to AUDIO_DEVICE_NONE
05-20 11:13:15.050   625 13287 I APM_AudioPolicyManager: selectOutput new bestOutput 13 criteria 0 100 0 0 0 0 0 2 
05-20 11:13:15.051   625 13287 I APM_AudioPolicyManager: selectOutput new bestOutput 13 criteria 0 100 0 0 0 0 0 2 
05-20 11:13:15.056   625 13287 I APM_AudioPolicyManager: getOutputForAttrInt() attributes={ Content type: AUDIO_CONTENT_TYPE_UNKNOWN Usage: AUDIO_USAGE_NOTIFICATION Source: AUDIO_SOURCE_INVALID Flags: 0x0 Tags:  } stream=AUDIO_STREAM_NOTIFICATION session 20505 selectedDeviceId 0
05-20 11:13:15.056   625 13287 I APM_AudioPolicyManager: getOutputForAttrInt() device {AUDIO_DEVICE_OUT_SPEAKER, @:}, sampling rate 44100, format 0x1, channel mask 0x3, flags 0 stream AUDIO_STREAM_NOTIFICATION
05-20 11:13:15.057   625 13287 I APM_AudioPolicyManager: selectOutput new bestOutput 13 criteria 0 100 0 0 0 0 4 2 
05-20 11:13:15.057   625 13287 I APM_AudioPolicyManager: getOutputForAttrInt returns output 13 selectedDeviceId 3
05-20 11:13:15.057   625 13287 I APM_AudioPolicyManager: getOutputForAttr() returns output 13 requestedPortId 0 selectedDeviceId 3 for port ID 2769
05-20 11:13:15.065   625 23504 I APM_AudioPolicyManager: startOutput portId 2769
05-20 11:13:15.065   625 23504 I APM_AudioPolicyManager: startOutput() output 13, stream 5, session 20505
05-20 11:13:15.066   625 23504 I APM_AudioPolicyManager: getNewOutputDevices selected devices {AUDIO_DEVICE_OUT_SPEAKER, @:}
05-20 11:13:15.066   625 23504 I APM_AudioPolicyManager: getNewOutputDevices selected devices AUDIO_DEVICE_NONE
05-20 11:13:15.066   625 23504 I APM_AudioPolicyManager: setOutputDevices device {AUDIO_DEVICE_OUT_SPEAKER, @:} delayMs 0
05-20 11:13:15.067   625 23504 I APM_AudioPolicyManager: setOutputDevices changing device to {AUDIO_DEVICE_OUT_SPEAKER, @:}
05-20 11:13:17.733   625   838 I APM_AudioPolicyManager: stopOutput portId 2769
05-20 11:13:17.733   625   838 I APM_AudioPolicyManager: stopOutput() output 13, stream 5, session 20505
05-20 11:13:17.733   625   838 I APM_AudioPolicyManager: getNewOutputDevices selected devices AUDIO_DEVICE_NONE
05-20 11:13:17.733   625   838 I APM_AudioPolicyManager: setOutputDevices device AUDIO_DEVICE_NONE delayMs 320
05-20 11:13:17.735   625   838 I APM_AudioPolicyManager: getNewOutputDevices selected devices AUDIO_DEVICE_NONE
05-20 11:13:17.735   625   838 I APM_AudioPolicyManager: setOutputDevices device AUDIO_DEVICE_NONE delayMs 320
05-20 11:13:17.736   625   838 I APM_AudioPolicyManager: setOutputDevices changing device to AUDIO_DEVICE_NONE
05-20 11:13:19.715   625 23504 I APM_AudioPolicyManager: selectOutput new bestOutput 13 criteria 0 100 0 0 0 0 0 2 
05-20 11:13:19.716   625 21008 I APM_AudioPolicyManager: selectOutput new bestOutput 13 criteria 0 100 0 0 0 0 0 2 
05-20 11:13:19.720   625 21008 I APM_AudioPolicyManager: getOutputForAttrInt() attributes={ Content type: AUDIO_CONTENT_TYPE_UNKNOWN Usage: AUDIO_USAGE_NOTIFICATION Source: AUDIO_SOURCE_INVALID Flags: 0x0 Tags:  } stream=AUDIO_STREAM_NOTIFICATION session 20513 selectedDeviceId 0
05-20 11:13:19.721   625 21008 I APM_AudioPolicyManager: getOutputForAttrInt() device {AUDIO_DEVICE_OUT_SPEAKER, @:}, sampling rate 44100, format 0x1, channel mask 0x3, flags 0 stream AUDIO_STREAM_NOTIFICATION
05-20 11:13:19.721   625 21008 I APM_AudioPolicyManager: selectOutput new bestOutput 13 criteria 0 100 0 0 0 0 4 2 
05-20 11:13:19.721   625 21008 I APM_AudioPolicyManager: getOutputForAttrInt returns output 13 selectedDeviceId 3
05-20 11:13:19.721   625 21008 I APM_AudioPolicyManager: getOutputForAttr() returns output 13 requestedPortId 0 selectedDeviceId 3 for port ID 2770
05-20 11:13:19.729   625 21008 I APM_AudioPolicyManager: startOutput portId 2770
05-20 11:13:19.729   625 21008 I APM_AudioPolicyManager: startOutput() output 13, stream 5, session 20513
05-20 11:13:19.730   625 21008 I APM_AudioPolicyManager: getNewOutputDevices selected devices {AUDIO_DEVICE_OUT_SPEAKER, @:}
05-20 11:13:19.730   625 21008 I APM_AudioPolicyManager: getNewOutputDevices selected devices AUDIO_DEVICE_NONE
05-20 11:13:19.730   625 21008 I APM_AudioPolicyManager: setOutputDevices device {AUDIO_DEVICE_OUT_SPEAKER, @:} delayMs 0
05-20 11:13:19.730   625 21008 I APM_AudioPolicyManager: setOutputDevices changing device to {AUDIO_DEVICE_OUT_SPEAKER, @:}
05-20 11:13:22.255   625   838 I APM_AudioPolicyManager: stopOutput portId 2770
05-20 11:13:22.255   625   838 I APM_AudioPolicyManager: stopOutput() output 13, stream 5, session 20513
05-20 11:13:22.256   625   838 I APM_AudioPolicyManager: getNewOutputDevices selected devices AUDIO_DEVICE_NONE
05-20 11:13:22.256   625   838 I APM_AudioPolicyManager: setOutputDevices device AUDIO_DEVICE_NONE delayMs 320
05-20 11:13:22.258   625   838 I APM_AudioPolicyManager: getNewOutputDevices selected devices AUDIO_DEVICE_NONE
05-20 11:13:22.258   625   838 I APM_AudioPolicyManager: setOutputDevices device AUDIO_DEVICE_NONE delayMs 320
05-20 11:13:22.261   625   838 I APM_AudioPolicyManager: setOutputDevices changing device to AUDIO_DEVICE_NONE
05-20 11:13:29.997   625  9076 I APM_AudioPolicyManager: selectOutput new bestOutput 13 criteria 0 100 0 0 0 0 0 2 
05-20 11:13:29.998   625  9076 I APM_AudioPolicyManager: selectOutput new bestOutput 13 criteria 0 100 0 0 0 0 0 2 
05-20 11:13:30.002   625  9076 I APM_AudioPolicyManager: getOutputForAttrInt() attributes={ Content type: AUDIO_CONTENT_TYPE_UNKNOWN Usage: AUDIO_USAGE_NOTIFICATION Source: AUDIO_SOURCE_INVALID Flags: 0x0 Tags:  } stream=AUDIO_STREAM_NOTIFICATION session 20521 selectedDeviceId 0
05-20 11:13:30.003   625  9076 I APM_AudioPolicyManager: getOutputForAttrInt() device {AUDIO_DEVICE_OUT_SPEAKER, @:}, sampling rate 44100, format 0x1, channel mask 0x1, flags 0 stream AUDIO_STREAM_NOTIFICATION
05-20 11:13:30.003   625  9076 I APM_AudioPolicyManager: selectOutput new bestOutput 13 criteria 0 100 0 0 0 0 4 2 
05-20 11:13:30.003   625  9076 I APM_AudioPolicyManager: getOutputForAttrInt returns output 13 selectedDeviceId 3
05-20 11:13:30.004   625  9076 I APM_AudioPolicyManager: getOutputForAttr() returns output 13 requestedPortId 0 selectedDeviceId 3 for port ID 2771
05-20 11:13:30.012   625  9076 I APM_AudioPolicyManager: startOutput portId 2771
05-20 11:13:30.012   625  9076 I APM_AudioPolicyManager: startOutput() output 13, stream 5, session 20521
05-20 11:13:30.013   625  9076 I APM_AudioPolicyManager: getNewOutputDevices selected devices {AUDIO_DEVICE_OUT_SPEAKER, @:}
05-20 11:13:30.013   625  9076 I APM_AudioPolicyManager: getNewOutputDevices selected devices AUDIO_DEVICE_NONE
05-20 11:13:30.013   625  9076 I APM_AudioPolicyManager: setOutputDevices device {AUDIO_DEVICE_OUT_SPEAKER, @:} delayMs 0
05-20 11:13:30.013   625  9076 I APM_AudioPolicyManager: setOutputDevices changing device to {AUDIO_DEVICE_OUT_SPEAKER, @:}
05-20 11:13:30.546   625   838 I APM_AudioPolicyManager: stopOutput portId 2771
05-20 11:13:30.547   625   838 I APM_AudioPolicyManager: stopOutput() output 13, stream 5, session 20521
05-20 11:13:30.547   625   838 I APM_AudioPolicyManager: getNewOutputDevices selected devices AUDIO_DEVICE_NONE
05-20 11:13:30.547   625   838 I APM_AudioPolicyManager: setOutputDevices device AUDIO_DEVICE_NONE delayMs 320
05-20 11:13:30.549   625   838 I APM_AudioPolicyManager: getNewOutputDevices selected devices AUDIO_DEVICE_NONE
05-20 11:13:30.549   625   838 I APM_AudioPolicyManager: setOutputDevices device AUDIO_DEVICE_NONE delayMs 320
05-20 11:13:30.552   625   838 I APM_AudioPolicyManager: setOutputDevices changing device to AUDIO_DEVICE_NONE
05-20 11:13:43.661   625  9076 I APM_AudioPolicyManager: selectOutput new bestOutput 13 criteria 0 100 0 0 0 0 0 2 
05-20 11:13:43.662   625  9076 I APM_AudioPolicyManager: selectOutput new bestOutput 13 criteria 0 100 0 0 0 0 0 2 
05-20 11:13:43.667   625  9076 I APM_AudioPolicyManager: getOutputForAttrInt() attributes={ Content type: AUDIO_CONTENT_TYPE_SONIFICATION Usage: AUDIO_USAGE_NOTIFICATION Source: AUDIO_SOURCE_INVALID Flags: 0x800 Tags:  } stream=AUDIO_STREAM_NOTIFICATION session 20529 selectedDeviceId 0
05-20 11:13:43.668   625  9076 I APM_AudioPolicyManager: getOutputForAttrInt() device {AUDIO_DEVICE_OUT_SPEAKER, @:}, sampling rate 44100, format 0x1, channel mask 0x3, flags 0 stream AUDIO_STREAM_NOTIFICATION
05-20 11:13:43.668   625  9076 I APM_AudioPolicyManager: selectOutput new bestOutput 13 criteria 0 100 0 0 0 0 4 2 
05-20 11:13:43.668   625  9076 I APM_AudioPolicyManager: getOutputForAttrInt returns output 13 selectedDeviceId 3
05-20 11:13:43.668   625  9076 I APM_AudioPolicyManager: getOutputForAttr() returns output 13 requestedPortId 0 selectedDeviceId 3 for port ID 2772
05-20 11:13:43.681   625 21008 I APM_AudioPolicyManager: startOutput portId 2772
05-20 11:13:43.681   625 21008 I APM_AudioPolicyManager: startOutput() output 13, stream 5, session 20529
05-20 11:13:43.682   625 21008 I APM_AudioPolicyManager: getNewOutputDevices selected devices {AUDIO_DEVICE_OUT_SPEAKER, @:}
05-20 11:13:43.682   625 21008 I APM_AudioPolicyManager: getNewOutputDevices selected devices AUDIO_DEVICE_NONE
05-20 11:13:43.682   625 21008 I APM_AudioPolicyManager: setOutputDevices device {AUDIO_DEVICE_OUT_SPEAKER, @:} delayMs 0
05-20 11:13:43.682   625 21008 I APM_AudioPolicyManager: setOutputDevices changing device to {AUDIO_DEVICE_OUT_SPEAKER, @:}
05-20 11:13:44.403   625   838 I APM_AudioPolicyManager: stopOutput portId 2772
05-20 11:13:44.403   625   838 I APM_AudioPolicyManager: stopOutput() output 13, stream 5, session 20529
05-20 11:13:44.404   625   838 I APM_AudioPolicyManager: getNewOutputDevices selected devices AUDIO_DEVICE_NONE
05-20 11:13:44.404   625   838 I APM_AudioPolicyManager: setOutputDevices device AUDIO_DEVICE_NONE delayMs 320
05-20 11:13:44.406   625   838 I APM_AudioPolicyManager: getNewOutputDevices selected devices AUDIO_DEVICE_NONE
05-20 11:13:44.406   625   838 I APM_AudioPolicyManager: setOutputDevices device AUDIO_DEVICE_NONE delayMs 320
05-20 11:13:44.407   625   838 I APM_AudioPolicyManager: setOutputDevices changing device to AUDIO_DEVICE_NONE
05-20 11:14:22.084   625  2458 I APM_AudioPolicyManager: selectOutput new bestOutput 13 criteria 0 100 0 0 0 0 0 2 
05-20 11:14:22.085   625 15490 I APM_AudioPolicyManager: selectOutput new bestOutput 13 criteria 0 100 0 0 0 0 0 2 
05-20 11:14:22.090   625 15490 I APM_AudioPolicyManager: getOutputForAttrInt() attributes={ Content type: AUDIO_CONTENT_TYPE_UNKNOWN Usage: AUDIO_USAGE_NOTIFICATION Source: AUDIO_SOURCE_INVALID Flags: 0x0 Tags:  } stream=AUDIO_STREAM_NOTIFICATION session 20537 selectedDeviceId 0
05-20 11:14:22.091   625 15490 I APM_AudioPolicyManager: getOutputForAttrInt() device {AUDIO_DEVICE_OUT_SPEAKER, @:}, sampling rate 44100, format 0x1, channel mask 0x1, flags 0 stream AUDIO_STREAM_NOTIFICATION
05-20 11:14:22.091   625 15490 I APM_AudioPolicyManager: selectOutput new bestOutput 13 criteria 0 100 0 0 0 0 4 2 
05-20 11:14:22.091   625 15490 I APM_AudioPolicyManager: getOutputForAttrInt returns output 13 selectedDeviceId 3
05-20 11:14:22.091   625 15490 I APM_AudioPolicyManager: getOutputForAttr() returns output 13 requestedPortId 0 selectedDeviceId 3 for port ID 2773
05-20 11:14:22.103   625 15490 I APM_AudioPolicyManager: startOutput portId 2773
05-20 11:14:22.103   625 15490 I APM_AudioPolicyManager: startOutput() output 13, stream 5, session 20537
05-20 11:14:22.103   625 15490 I APM_AudioPolicyManager: getNewOutputDevices selected devices {AUDIO_DEVICE_OUT_SPEAKER, @:}
05-20 11:14:22.104   625 15490 I APM_AudioPolicyManager: getNewOutputDevices selected devices AUDIO_DEVICE_NONE
05-20 11:14:22.104   625 15490 I APM_AudioPolicyManager: setOutputDevices device {AUDIO_DEVICE_OUT_SPEAKER, @:} delayMs 0
05-20 11:14:22.104   625 15490 I APM_AudioPolicyManager: setOutputDevices changing device to {AUDIO_DEVICE_OUT_SPEAKER, @:}
05-20 11:14:22.610   625   838 I APM_AudioPolicyManager: stopOutput portId 2773
05-20 11:14:22.610   625   838 I APM_AudioPolicyManager: stopOutput() output 13, stream 5, session 20537
05-20 11:14:22.611   625   838 I APM_AudioPolicyManager: getNewOutputDevices selected devices AUDIO_DEVICE_NONE
05-20 11:14:22.611   625   838 I APM_AudioPolicyManager: setOutputDevices device AUDIO_DEVICE_NONE delayMs 320
05-20 11:14:22.613   625   838 I APM_AudioPolicyManager: getNewOutputDevices selected devices AUDIO_DEVICE_NONE
05-20 11:14:22.613   625   838 I APM_AudioPolicyManager: setOutputDevices device AUDIO_DEVICE_NONE delayMs 320
05-20 11:14:22.614   625   838 I APM_AudioPolicyManager: setOutputDevices changing device to AUDIO_DEVICE_NONE
05-20 11:14:25.143   625  2458 I APM_AudioPolicyManager: selectOutput new bestOutput 13 criteria 0 100 0 0 0 0 0 2 
05-20 11:14:25.144   625  2458 I APM_AudioPolicyManager: selectOutput new bestOutput 13 criteria 0 100 0 0 0 0 0 2 
05-20 11:14:25.149   625  2458 I APM_AudioPolicyManager: getOutputForAttrInt() attributes={ Content type: AUDIO_CONTENT_TYPE_UNKNOWN Usage: AUDIO_USAGE_NOTIFICATION Source: AUDIO_SOURCE_INVALID Flags: 0x0 Tags:  } stream=AUDIO_STREAM_NOTIFICATION session 20545 selectedDeviceId 0
05-20 11:14:25.149   625  2458 I APM_AudioPolicyManager: getOutputForAttrInt() device {AUDIO_DEVICE_OUT_SPEAKER, @:}, sampling rate 44100, format 0x1, channel mask 0x1, flags 0 stream AUDIO_STREAM_NOTIFICATION
05-20 11:14:25.149   625  2458 I APM_AudioPolicyManager: selectOutput new bestOutput 13 criteria 0 100 0 0 0 0 4 2 
05-20 11:14:25.149   625  2458 I APM_AudioPolicyManager: getOutputForAttrInt returns output 13 selectedDeviceId 3
05-20 11:14:25.150   625  2458 I APM_AudioPolicyManager: getOutputForAttr() returns output 13 requestedPortId 0 selectedDeviceId 3 for port ID 2774
05-20 11:14:25.159   625  9076 I APM_AudioPolicyManager: startOutput portId 2774
05-20 11:14:25.159   625  9076 I APM_AudioPolicyManager: startOutput() output 13, stream 5, session 20545
05-20 11:14:25.159   625  9076 I APM_AudioPolicyManager: getNewOutputDevices selected devices {AUDIO_DEVICE_OUT_SPEAKER, @:}
05-20 11:14:25.160   625  9076 I APM_AudioPolicyManager: getNewOutputDevices selected devices AUDIO_DEVICE_NONE
05-20 11:14:25.160   625  9076 I APM_AudioPolicyManager: setOutputDevices device {AUDIO_DEVICE_OUT_SPEAKER, @:} delayMs 0
05-20 11:14:25.160   625  9076 I APM_AudioPolicyManager: setOutputDevices changing device to {AUDIO_DEVICE_OUT_SPEAKER, @:}
05-20 11:14:25.869   625   838 I APM_AudioPolicyManager: stopOutput portId 2774
05-20 11:14:25.869   625   838 I APM_AudioPolicyManager: stopOutput() output 13, stream 5, session 20545
05-20 11:14:25.869   625   838 I APM_AudioPolicyManager: getNewOutputDevices selected devices AUDIO_DEVICE_NONE
05-20 11:14:25.869   625   838 I APM_AudioPolicyManager: setOutputDevices device AUDIO_DEVICE_NONE delayMs 320
05-20 11:14:25.872   625   838 I APM_AudioPolicyManager: getNewOutputDevices selected devices AUDIO_DEVICE_NONE
05-20 11:14:25.872   625   838 I APM_AudioPolicyManager: setOutputDevices device AUDIO_DEVICE_NONE delayMs 320
05-20 11:14:25.875   625   838 I APM_AudioPolicyManager: setOutputDevices changing device to AUDIO_DEVICE_NONE
05-20 11:14:32.767   625 21008 I APM_AudioPolicyManager: selectOutput new bestOutput 13 criteria 0 100 0 0 0 0 0 2 
05-20 11:14:32.768   625 21008 I APM_AudioPolicyManager: selectOutput new bestOutput 13 criteria 0 100 0 0 0 0 0 2 
05-20 11:14:32.775   625 21008 I APM_AudioPolicyManager: getOutputForAttrInt() attributes={ Content type: AUDIO_CONTENT_TYPE_SONIFICATION Usage: AUDIO_USAGE_NOTIFICATION Source: AUDIO_SOURCE_INVALID Flags: 0x800 Tags:  } stream=AUDIO_STREAM_NOTIFICATION session 20553 selectedDeviceId 0
05-20 11:14:32.775   625 21008 I APM_AudioPolicyManager: getOutputForAttrInt() device {AUDIO_DEVICE_OUT_SPEAKER, @:}, sampling rate 44100, format 0x1, channel mask 0x3, flags 0 stream AUDIO_STREAM_NOTIFICATION
05-20 11:14:32.776   625 21008 I APM_AudioPolicyManager: selectOutput new bestOutput 13 criteria 0 100 0 0 0 0 4 2 
05-20 11:14:32.776   625 21008 I APM_AudioPolicyManager: getOutputForAttrInt returns output 13 selectedDeviceId 3
05-20 11:14:32.777   625 21008 I APM_AudioPolicyManager: getOutputForAttr() returns output 13 requestedPortId 0 selectedDeviceId 3 for port ID 2775
05-20 11:14:32.792   625 21008 I APM_AudioPolicyManager: startOutput portId 2775
05-20 11:14:32.792   625 21008 I APM_AudioPolicyManager: startOutput() output 13, stream 5, session 20553
05-20 11:14:32.793   625 21008 I APM_AudioPolicyManager: getNewOutputDevices selected devices {AUDIO_DEVICE_OUT_SPEAKER, @:}
05-20 11:14:32.793   625 21008 I APM_AudioPolicyManager: getNewOutputDevices selected devices AUDIO_DEVICE_NONE
05-20 11:14:32.793   625 21008 I APM_AudioPolicyManager: setOutputDevices device {AUDIO_DEVICE_OUT_SPEAKER, @:} delayMs 0
05-20 11:14:32.793   625 21008 I APM_AudioPolicyManager: setOutputDevices changing device to {AUDIO_DEVICE_OUT_SPEAKER, @:}
