05-20 02:30:52.597   625 15489 I APM_AudioPolicyManager: getOutputForAttrInt() device {AUDIO_DEVICE_OUT_SPEAKER, @:}, sampling rate 44100, format 0x1, channel mask 0x3, flags 0x8 stream AUDIO_STREAM_MUSIC
05-20 02:30:52.597   625 15489 I APM_AudioPolicyManager: selectOutput new bestOutput 13 criteria 0 100 0 0 0 0 4 2 
05-20 02:30:52.597   625 15489 I APM_AudioPolicyManager: getOutputForAttrInt returns output 13 selectedDeviceId 3
05-20 02:30:52.597   625 15489 I APM_AudioPolicyManager: getOutputForAttr() returns output 13 requestedPortId 0 selectedDeviceId 3 for port ID 2648
05-20 02:30:52.687   625   838 I APM_AudioPolicyManager: stopOutput portId 2645
05-20 02:30:52.687   625   838 I APM_AudioPolicyManager: stopOutput() output 13, stream 3, session 19505
05-20 02:30:52.688   625   838 I APM_AudioPolicyManager: getNewOutputDevices selected devices AUDIO_DEVICE_NONE
05-20 02:30:52.688   625   838 I APM_AudioPolicyManager: setOutputDevices device AUDIO_DEVICE_NONE delayMs 320
05-20 02:30:52.689   625   838 I APM_AudioPolicyManager: getNewOutputDevices selected devices AUDIO_DEVICE_NONE
05-20 02:30:52.689   625   838 I APM_AudioPolicyManager: setOutputDevices device AUDIO_DEVICE_NONE delayMs 320
05-20 02:30:52.691   625   838 I APM_AudioPolicyManager: setOutputDevices changing device to AUDIO_DEVICE_NONE
05-20 02:30:56.215   625 25223 I APM_AudioPolicyManager: selectOutput new bestOutput 13 criteria 0 100 0 0 0 0 0 2 
05-20 02:30:56.216   625 25223 I APM_AudioPolicyManager: selectOutput new bestOutput 13 criteria 0 100 0 0 0 0 0 2 
05-20 02:30:56.217   625 25223 I APM_AudioPolicyManager: selectOutput new bestOutput 13 criteria 0 100 0 0 0 0 0 2 
05-20 02:30:56.222   625 25223 I APM_AudioPolicyManager: getOutputForAttrInt() attributes={ Content type: AUDIO_CONTENT_TYPE_UNKNOWN Usage: AUDIO_USAGE_MEDIA Source: AUDIO_SOURCE_INVALID Flags: 0xa00 Tags:  } stream=AUDIO_STREAM_MUSIC session 19529 selectedDeviceId 0
05-20 02:30:56.223   625 25223 I APM_AudioPolicyManager: getOutputForAttrInt() device {AUDIO_DEVICE_OUT_SPEAKER, @:}, sampling rate 44100, format 0x1, channel mask 0x3, flags 0x8 stream AUDIO_STREAM_MUSIC
05-20 02:30:56.223   625 25223 I APM_AudioPolicyManager: selectOutput new bestOutput 13 criteria 0 100 0 0 0 0 4 2 
05-20 02:30:56.223   625 25223 I APM_AudioPolicyManager: getOutputForAttrInt returns output 13 selectedDeviceId 3
05-20 02:30:56.223   625 25223 I APM_AudioPolicyManager: getOutputForAttr() returns output 13 requestedPortId 0 selectedDeviceId 3 for port ID 2649
05-20 02:30:56.235   625 25223 I APM_AudioPolicyManager: startOutput portId 2649
05-20 02:30:56.235   625 25223 I APM_AudioPolicyManager: startOutput() output 13, stream 3, session 19529
05-20 02:30:56.237   625 25223 I APM_AudioPolicyManager: getNewOutputDevices selected devices {AUDIO_DEVICE_OUT_SPEAKER, @:}
05-20 02:30:56.237   625 25223 I APM_AudioPolicyManager: getNewOutputDevices selected devices AUDIO_DEVICE_NONE
05-20 02:30:56.237   625 25223 I APM_AudioPolicyManager: setOutputDevices device {AUDIO_DEVICE_OUT_SPEAKER, @:} delayMs 0
05-20 02:30:56.238   625 25223 I APM_AudioPolicyManager: setOutputDevices changing device to {AUDIO_DEVICE_OUT_SPEAKER, @:}
05-20 02:30:58.178   625   838 I APM_AudioPolicyManager: stopOutput portId 2649
05-20 02:30:58.178   625   838 I APM_AudioPolicyManager: stopOutput() output 13, stream 3, session 19529
05-20 02:30:58.178   625   838 I APM_AudioPolicyManager: getNewOutputDevices selected devices AUDIO_DEVICE_NONE
05-20 02:30:58.178   625   838 I APM_AudioPolicyManager: setOutputDevices device AUDIO_DEVICE_NONE delayMs 320
05-20 02:30:58.180   625   838 I APM_AudioPolicyManager: getNewOutputDevices selected devices AUDIO_DEVICE_NONE
05-20 02:30:58.180   625   838 I APM_AudioPolicyManager: setOutputDevices device AUDIO_DEVICE_NONE delayMs 320
05-20 02:30:58.181   625   838 I APM_AudioPolicyManager: setOutputDevices changing device to AUDIO_DEVICE_NONE
05-20 02:30:58.324   625  1443 I APM_AudioPolicyManager: selectOutput new bestOutput 13 criteria 0 100 0 0 0 0 0 2 
05-20 02:30:58.326   625  1443 I APM_AudioPolicyManager: selectOutput new bestOutput 13 criteria 0 100 0 0 0 0 0 2 
05-20 02:30:58.327   625  1443 I APM_AudioPolicyManager: selectOutput new bestOutput 13 criteria 0 100 0 0 0 0 0 2 
05-20 02:30:58.332   625  1443 I APM_AudioPolicyManager: getOutputForAttrInt() attributes={ Content type: AUDIO_CONTENT_TYPE_UNKNOWN Usage: AUDIO_USAGE_MEDIA Source: AUDIO_SOURCE_INVALID Flags: 0xa00 Tags:  } stream=AUDIO_STREAM_MUSIC session 19537 selectedDeviceId 0
05-20 02:30:58.332   625  1443 I APM_AudioPolicyManager: getOutputForAttrInt() device {AUDIO_DEVICE_OUT_SPEAKER, @:}, sampling rate 44100, format 0x1, channel mask 0x3, flags 0x8 stream AUDIO_STREAM_MUSIC
05-20 02:30:58.333   625  1443 I APM_AudioPolicyManager: selectOutput new bestOutput 13 criteria 0 100 0 0 0 0 4 2 
05-20 02:30:58.333   625  1443 I APM_AudioPolicyManager: getOutputForAttrInt returns output 13 selectedDeviceId 3
05-20 02:30:58.333   625  1443 I APM_AudioPolicyManager: getOutputForAttr() returns output 13 requestedPortId 0 selectedDeviceId 3 for port ID 2650
05-20 02:32:27.382   625 17861 I APM_AudioPolicyManager: selectOutput new bestOutput 13 criteria 0 100 0 0 0 0 0 2 
05-20 02:32:27.383   625 17861 I APM_AudioPolicyManager: selectOutput new bestOutput 13 criteria 0 100 0 0 0 0 0 2 
05-20 02:32:27.384   625 17861 I APM_AudioPolicyManager: selectOutput new bestOutput 13 criteria 0 100 0 0 0 0 0 2 
05-20 02:32:27.493   625 17861 I APM_AudioPolicyManager: getOutputForAttrInt() attributes={ Content type: AUDIO_CONTENT_TYPE_UNKNOWN Usage: AUDIO_USAGE_MEDIA Source: AUDIO_SOURCE_INVALID Flags: 0xa00 Tags:  } stream=AUDIO_STREAM_MUSIC session 19545 selectedDeviceId 0
05-20 02:32:27.493   625 17861 I APM_AudioPolicyManager: getOutputForAttrInt() device {AUDIO_DEVICE_OUT_SPEAKER, @:}, sampling rate 44100, format 0x1, channel mask 0x3, flags 0x8 stream AUDIO_STREAM_MUSIC
05-20 02:32:27.493   625 17861 I APM_AudioPolicyManager: selectOutput new bestOutput 13 criteria 0 100 0 0 0 0 4 2 
05-20 02:32:27.493   625 17861 I APM_AudioPolicyManager: getOutputForAttrInt returns output 13 selectedDeviceId 3
05-20 02:32:27.493   625 17861 I APM_AudioPolicyManager: getOutputForAttr() returns output 13 requestedPortId 0 selectedDeviceId 3 for port ID 2651
05-20 02:32:27.505   625 17861 I APM_AudioPolicyManager: startOutput portId 2651
05-20 02:32:27.505   625 17861 I APM_AudioPolicyManager: startOutput() output 13, stream 3, session 19545
05-20 02:32:27.507   625 17861 I APM_AudioPolicyManager: getNewOutputDevices selected devices {AUDIO_DEVICE_OUT_SPEAKER, @:}
05-20 02:32:27.508   625 17861 I APM_AudioPolicyManager: getNewOutputDevices selected devices AUDIO_DEVICE_NONE
05-20 02:32:27.508   625 17861 I APM_AudioPolicyManager: setOutputDevices device {AUDIO_DEVICE_OUT_SPEAKER, @:} delayMs 0
05-20 02:32:27.508   625 17861 I APM_AudioPolicyManager: setOutputDevices changing device to {AUDIO_DEVICE_OUT_SPEAKER, @:}
05-20 02:32:31.865   625   838 I APM_AudioPolicyManager: stopOutput portId 2651
05-20 02:32:31.866   625   838 I APM_AudioPolicyManager: stopOutput() output 13, stream 3, session 19545
05-20 02:32:31.866   625   838 I APM_AudioPolicyManager: getNewOutputDevices selected devices AUDIO_DEVICE_NONE
05-20 02:32:31.866   625   838 I APM_AudioPolicyManager: setOutputDevices device AUDIO_DEVICE_NONE delayMs 320
05-20 02:32:31.867   625   838 I APM_AudioPolicyManager: getNewOutputDevices selected devices AUDIO_DEVICE_NONE
05-20 02:32:31.867   625   838 I APM_AudioPolicyManager: setOutputDevices device AUDIO_DEVICE_NONE delayMs 320
05-20 02:32:31.869   625   838 I APM_AudioPolicyManager: setOutputDevices changing device to AUDIO_DEVICE_NONE
05-20 02:33:04.458   625   694 I APM_AudioPolicyManager: selectOutput new bestOutput 13 criteria 0 100 0 0 0 0 0 2 
05-20 02:33:04.459   625 17861 I APM_AudioPolicyManager: selectOutput new bestOutput 13 criteria 0 100 0 0 0 0 0 2 
05-20 02:33:04.460   625 17861 I APM_AudioPolicyManager: selectOutput new bestOutput 13 criteria 0 100 0 0 0 0 0 2 
05-20 02:33:04.468   625 17861 I APM_AudioPolicyManager: getOutputForAttrInt() attributes={ Content type: AUDIO_CONTENT_TYPE_UNKNOWN Usage: AUDIO_USAGE_MEDIA Source: AUDIO_SOURCE_INVALID Flags: 0xa00 Tags:  } stream=AUDIO_STREAM_MUSIC session 19553 selectedDeviceId 0
05-20 02:33:04.468   625 17861 I APM_AudioPolicyManager: getOutputForAttrInt() device {AUDIO_DEVICE_OUT_SPEAKER, @:}, sampling rate 44100, format 0x1, channel mask 0x3, flags 0x8 stream AUDIO_STREAM_MUSIC
05-20 02:33:04.468   625 17861 I APM_AudioPolicyManager: selectOutput new bestOutput 13 criteria 0 100 0 0 0 0 4 2 
05-20 02:33:04.468   625 17861 I APM_AudioPolicyManager: getOutputForAttrInt returns output 13 selectedDeviceId 3
05-20 02:33:04.468   625 17861 I APM_AudioPolicyManager: getOutputForAttr() returns output 13 requestedPortId 0 selectedDeviceId 3 for port ID 2652
05-20 02:33:04.480   625 17861 I APM_AudioPolicyManager: startOutput portId 2652
05-20 02:33:04.480   625 17861 I APM_AudioPolicyManager: startOutput() output 13, stream 3, session 19553
05-20 02:33:04.482   625 17861 I APM_AudioPolicyManager: getNewOutputDevices selected devices {AUDIO_DEVICE_OUT_SPEAKER, @:}
05-20 02:33:04.482   625 17861 I APM_AudioPolicyManager: getNewOutputDevices selected devices AUDIO_DEVICE_NONE
05-20 02:33:04.482   625 17861 I APM_AudioPolicyManager: setOutputDevices device {AUDIO_DEVICE_OUT_SPEAKER, @:} delayMs 0
05-20 02:33:04.482   625 17861 I APM_AudioPolicyManager: setOutputDevices changing device to {AUDIO_DEVICE_OUT_SPEAKER, @:}
05-20 02:33:05.273   625   838 I APM_AudioPolicyManager: stopOutput portId 2652
05-20 02:33:05.273   625   838 I APM_AudioPolicyManager: stopOutput() output 13, stream 3, session 19553
05-20 02:33:05.273   625   838 I APM_AudioPolicyManager: getNewOutputDevices selected devices AUDIO_DEVICE_NONE
05-20 02:33:05.273   625   838 I APM_AudioPolicyManager: setOutputDevices device AUDIO_DEVICE_NONE delayMs 320
05-20 02:33:05.275   625   838 I APM_AudioPolicyManager: getNewOutputDevices selected devices AUDIO_DEVICE_NONE
05-20 02:33:05.275   625   838 I APM_AudioPolicyManager: setOutputDevices device AUDIO_DEVICE_NONE delayMs 320
05-20 02:33:05.276   625   838 I APM_AudioPolicyManager: setOutputDevices changing device to AUDIO_DEVICE_NONE
05-20 02:33:07.077   625 21008 I APM_AudioPolicyManager: selectOutput new bestOutput 13 criteria 0 100 0 0 0 0 0 2 
05-20 02:33:07.079   625 15490 I APM_AudioPolicyManager: selectOutput new bestOutput 13 criteria 0 100 0 0 0 0 0 2 
05-20 02:33:07.079   625 15490 I APM_AudioPolicyManager: selectOutput new bestOutput 13 criteria 0 100 0 0 0 0 0 2 
05-20 02:33:07.086   625 15490 I APM_AudioPolicyManager: getOutputForAttrInt() attributes={ Content type: AUDIO_CONTENT_TYPE_UNKNOWN Usage: AUDIO_USAGE_MEDIA Source: AUDIO_SOURCE_INVALID Flags: 0xa00 Tags:  } stream=AUDIO_STREAM_MUSIC session 19561 selectedDeviceId 0
05-20 02:33:07.086   625 15490 I APM_AudioPolicyManager: getOutputForAttrInt() device {AUDIO_DEVICE_OUT_SPEAKER, @:}, sampling rate 44100, format 0x1, channel mask 0x3, flags 0x8 stream AUDIO_STREAM_MUSIC
05-20 02:33:07.086   625 15490 I APM_AudioPolicyManager: selectOutput new bestOutput 13 criteria 0 100 0 0 0 0 4 2 
05-20 02:33:07.086   625 15490 I APM_AudioPolicyManager: getOutputForAttrInt returns output 13 selectedDeviceId 3
05-20 02:33:07.086   625 15490 I APM_AudioPolicyManager: getOutputForAttr() returns output 13 requestedPortId 0 selectedDeviceId 3 for port ID 2653
05-20 02:33:13.465   625 15490 I APM_AudioPolicyManager: selectOutput new bestOutput 13 criteria 0 100 0 0 0 0 0 2 
05-20 02:33:13.466   625 15490 I APM_AudioPolicyManager: selectOutput new bestOutput 13 criteria 0 100 0 0 0 0 0 2 
05-20 02:33:13.469   625  7391 I APM_AudioPolicyManager: selectOutput new bestOutput 13 criteria 0 100 0 0 0 0 0 2 
05-20 02:33:13.482   625  7391 I APM_AudioPolicyManager: getOutputForAttrInt() attributes={ Content type: AUDIO_CONTENT_TYPE_UNKNOWN Usage: AUDIO_USAGE_MEDIA Source: AUDIO_SOURCE_INVALID Flags: 0xa00 Tags:  } stream=AUDIO_STREAM_MUSIC session 19569 selectedDeviceId 0
05-20 02:33:13.482   625  7391 I APM_AudioPolicyManager: getOutputForAttrInt() device {AUDIO_DEVICE_OUT_SPEAKER, @:}, sampling rate 44100, format 0x1, channel mask 0x3, flags 0x8 stream AUDIO_STREAM_MUSIC
05-20 02:33:13.483   625  7391 I APM_AudioPolicyManager: selectOutput new bestOutput 13 criteria 0 100 0 0 0 0 4 2 
05-20 02:33:13.483   625  7391 I APM_AudioPolicyManager: getOutputForAttrInt returns output 13 selectedDeviceId 3
05-20 02:33:13.483   625  7391 I APM_AudioPolicyManager: getOutputForAttr() returns output 13 requestedPortId 0 selectedDeviceId 3 for port ID 2654
05-20 02:33:13.561   625  7391 I APM_AudioPolicyManager: startOutput portId 2654
05-20 02:33:13.561   625  7391 I APM_AudioPolicyManager: startOutput() output 13, stream 3, session 19569
05-20 02:33:13.563   625  7391 I APM_AudioPolicyManager: getNewOutputDevices selected devices {AUDIO_DEVICE_OUT_SPEAKER, @:}
05-20 02:33:13.563   625  7391 I APM_AudioPolicyManager: getNewOutputDevices selected devices AUDIO_DEVICE_NONE
05-20 02:33:13.563   625  7391 I APM_AudioPolicyManager: setOutputDevices device {AUDIO_DEVICE_OUT_SPEAKER, @:} delayMs 0
05-20 02:33:13.563   625  7391 I APM_AudioPolicyManager: setOutputDevices changing device to {AUDIO_DEVICE_OUT_SPEAKER, @:}
05-20 02:33:16.328   625   625 I APM_AudioPolicyManager: selectOutput new bestOutput 13 criteria 0 100 0 0 0 0 0 2 
05-20 02:33:16.330   625   625 I APM_AudioPolicyManager: selectOutput new bestOutput 13 criteria 0 100 0 0 0 0 0 2 
05-20 02:33:16.331   625   625 I APM_AudioPolicyManager: selectOutput new bestOutput 13 criteria 0 100 0 0 0 0 0 2 
05-20 02:33:16.336   625   625 I APM_AudioPolicyManager: getOutputForAttrInt() attributes={ Content type: AUDIO_CONTENT_TYPE_UNKNOWN Usage: AUDIO_USAGE_MEDIA Source: AUDIO_SOURCE_INVALID Flags: 0xa00 Tags:  } stream=AUDIO_STREAM_MUSIC session 19577 selectedDeviceId 0
05-20 02:33:16.336   625   625 I APM_AudioPolicyManager: getOutputForAttrInt() device {AUDIO_DEVICE_OUT_SPEAKER, @:}, sampling rate 48000, format 0x1, channel mask 0x3, flags 0x8 stream AUDIO_STREAM_MUSIC
05-20 02:33:16.337   625   625 I APM_AudioPolicyManager: selectOutput new bestOutput 13 criteria 0 100 0 0 0 0 4 2 
05-20 02:33:16.337   625   625 I APM_AudioPolicyManager: getOutputForAttrInt returns output 13 selectedDeviceId 3
05-20 02:33:16.337   625   625 I APM_AudioPolicyManager: getOutputForAttr() returns output 13 requestedPortId 0 selectedDeviceId 3 for port ID 2655
05-20 02:33:17.109   625   625 I APM_AudioPolicyManager: selectOutput new bestOutput 13 criteria 0 100 0 0 0 0 0 2 
05-20 02:33:17.110   625   625 I APM_AudioPolicyManager: selectOutput new bestOutput 13 criteria 0 100 0 0 0 0 0 2 
05-20 02:33:17.111   625 15490 I APM_AudioPolicyManager: selectOutput new bestOutput 13 criteria 0 100 0 0 0 0 0 2 
05-20 02:33:17.120   625 15490 I APM_AudioPolicyManager: getOutputForAttrInt() attributes={ Content type: AUDIO_CONTENT_TYPE_UNKNOWN Usage: AUDIO_USAGE_MEDIA Source: AUDIO_SOURCE_INVALID Flags: 0xa00 Tags:  } stream=AUDIO_STREAM_MUSIC session 19585 selectedDeviceId 0
05-20 02:33:17.120   625 15490 I APM_AudioPolicyManager: getOutputForAttrInt() device {AUDIO_DEVICE_OUT_SPEAKER, @:}, sampling rate 44100, format 0x1, channel mask 0x3, flags 0x8 stream AUDIO_STREAM_MUSIC
05-20 02:33:17.120   625 15490 I APM_AudioPolicyManager: selectOutput new bestOutput 13 criteria 0 100 0 0 0 0 4 2 
05-20 02:33:17.120   625 15490 I APM_AudioPolicyManager: getOutputForAttrInt returns output 13 selectedDeviceId 3
05-20 02:33:17.120   625 15490 I APM_AudioPolicyManager: getOutputForAttr() returns output 13 requestedPortId 0 selectedDeviceId 3 for port ID 2656
05-20 02:33:21.448   625   625 I APM_AudioPolicyManager: getOutputForAttrInt() attributes={ Content type: AUDIO_CONTENT_TYPE_UNKNOWN Usage: AUDIO_USAGE_MEDIA Source: AUDIO_SOURCE_INVALID Flags: 0xa00 Tags:  } stream=AUDIO_STREAM_MUSIC session 19569 selectedDeviceId 0
05-20 02:33:21.449   625   625 I APM_AudioPolicyManager: getOutputForAttrInt() device {AUDIO_DEVICE_OUT_SPEAKER, @:}, sampling rate 44100, format 0x1, channel mask 0x3, flags 0x8 stream AUDIO_STREAM_MUSIC
05-20 02:33:21.449   625   625 I APM_AudioPolicyManager: selectOutput new bestOutput 13 criteria 0 100 0 0 0 0 4 2 
05-20 02:33:21.449   625   625 I APM_AudioPolicyManager: getOutputForAttrInt returns output 13 selectedDeviceId 3
05-20 02:33:21.449   625   625 I APM_AudioPolicyManager: getOutputForAttr() returns output 13 requestedPortId 0 selectedDeviceId 3 for port ID 2657
05-20 02:33:21.461   625   838 I APM_AudioPolicyManager: stopOutput portId 2654
05-20 02:33:21.461   625   838 I APM_AudioPolicyManager: stopOutput() output 13, stream 3, session 19569
05-20 02:33:21.461   625   838 I APM_AudioPolicyManager: getNewOutputDevices selected devices AUDIO_DEVICE_NONE
05-20 02:33:21.461   625   838 I APM_AudioPolicyManager: setOutputDevices device AUDIO_DEVICE_NONE delayMs 320
05-20 02:33:21.464   625   838 I APM_AudioPolicyManager: getNewOutputDevices selected devices AUDIO_DEVICE_NONE
05-20 02:33:21.464   625   838 I APM_AudioPolicyManager: setOutputDevices device AUDIO_DEVICE_NONE delayMs 320
05-20 02:33:21.465   625   838 I APM_AudioPolicyManager: setOutputDevices changing device to AUDIO_DEVICE_NONE
05-20 02:33:21.490   625   625 I APM_AudioPolicyManager: startOutput portId 2657
05-20 02:33:21.490   625   625 I APM_AudioPolicyManager: startOutput() output 13, stream 3, session 19569
05-20 02:33:21.492   625   625 I APM_AudioPolicyManager: getNewOutputDevices selected devices {AUDIO_DEVICE_OUT_SPEAKER, @:}
05-20 02:33:21.492   625   625 I APM_AudioPolicyManager: getNewOutputDevices selected devices AUDIO_DEVICE_NONE
05-20 02:33:21.492   625   625 I APM_AudioPolicyManager: setOutputDevices device {AUDIO_DEVICE_OUT_SPEAKER, @:} delayMs 0
05-20 02:33:21.494   625   625 I APM_AudioPolicyManager: setOutputDevices changing device to {AUDIO_DEVICE_OUT_SPEAKER, @:}
05-20 02:33:23.421   625   838 I APM_AudioPolicyManager: stopOutput portId 2657
05-20 02:33:23.421   625   838 I APM_AudioPolicyManager: stopOutput() output 13, stream 3, session 19569
05-20 02:33:23.421   625   838 I APM_AudioPolicyManager: getNewOutputDevices selected devices AUDIO_DEVICE_NONE
05-20 02:33:23.421   625   838 I APM_AudioPolicyManager: setOutputDevices device AUDIO_DEVICE_NONE delayMs 320
05-20 02:33:23.422   625   838 I APM_AudioPolicyManager: getNewOutputDevices selected devices AUDIO_DEVICE_NONE
05-20 02:33:23.422   625   838 I APM_AudioPolicyManager: setOutputDevices device AUDIO_DEVICE_NONE delayMs 320
05-20 02:33:23.423   625   838 I APM_AudioPolicyManager: setOutputDevices changing device to AUDIO_DEVICE_NONE
05-20 02:33:26.578   625 23504 I APM_AudioPolicyManager: selectOutput new bestOutput 13 criteria 0 100 0 0 0 0 0 2 
05-20 02:33:26.579   625 23504 I APM_AudioPolicyManager: selectOutput new bestOutput 13 criteria 0 100 0 0 0 0 0 2 
05-20 02:33:26.579   625 23504 I APM_AudioPolicyManager: selectOutput new bestOutput 13 criteria 0 100 0 0 0 0 0 2 
05-20 02:33:26.590   625 23504 I APM_AudioPolicyManager: getOutputForAttrInt() attributes={ Content type: AUDIO_CONTENT_TYPE_UNKNOWN Usage: AUDIO_USAGE_MEDIA Source: AUDIO_SOURCE_INVALID Flags: 0xa00 Tags:  } stream=AUDIO_STREAM_MUSIC session 19593 selectedDeviceId 0
05-20 02:33:26.590   625 23504 I APM_AudioPolicyManager: getOutputForAttrInt() device {AUDIO_DEVICE_OUT_SPEAKER, @:}, sampling rate 44100, format 0x1, channel mask 0x3, flags 0x8 stream AUDIO_STREAM_MUSIC
05-20 02:33:26.590   625 23504 I APM_AudioPolicyManager: selectOutput new bestOutput 13 criteria 0 100 0 0 0 0 4 2 
05-20 02:33:26.590   625 23504 I APM_AudioPolicyManager: getOutputForAttrInt returns output 13 selectedDeviceId 3
05-20 02:33:26.590   625 23504 I APM_AudioPolicyManager: getOutputForAttr() returns output 13 requestedPortId 0 selectedDeviceId 3 for port ID 2658
05-20 02:33:26.602   625 23504 I APM_AudioPolicyManager: startOutput portId 2658
05-20 02:33:26.602   625 23504 I APM_AudioPolicyManager: startOutput() output 13, stream 3, session 19593
05-20 02:33:26.604   625 23504 I APM_AudioPolicyManager: getNewOutputDevices selected devices {AUDIO_DEVICE_OUT_SPEAKER, @:}
05-20 02:33:26.604   625 23504 I APM_AudioPolicyManager: getNewOutputDevices selected devices AUDIO_DEVICE_NONE
05-20 02:33:26.604   625 23504 I APM_AudioPolicyManager: setOutputDevices device {AUDIO_DEVICE_OUT_SPEAKER, @:} delayMs 0
05-20 02:33:26.604   625 23504 I APM_AudioPolicyManager: setOutputDevices changing device to {AUDIO_DEVICE_OUT_SPEAKER, @:}
05-20 02:33:29.292   625   838 I APM_AudioPolicyManager: stopOutput portId 2658
05-20 02:33:29.292   625   838 I APM_AudioPolicyManager: stopOutput() output 13, stream 3, session 19593
05-20 02:33:29.292   625   838 I APM_AudioPolicyManager: getNewOutputDevices selected devices AUDIO_DEVICE_NONE
05-20 02:33:29.292   625   838 I APM_AudioPolicyManager: setOutputDevices device AUDIO_DEVICE_NONE delayMs 320
05-20 02:33:29.294   625   838 I APM_AudioPolicyManager: getNewOutputDevices selected devices AUDIO_DEVICE_NONE
05-20 02:33:29.294   625   838 I APM_AudioPolicyManager: setOutputDevices device AUDIO_DEVICE_NONE delayMs 320
05-20 02:33:29.296   625   838 I APM_AudioPolicyManager: setOutputDevices changing device to AUDIO_DEVICE_NONE
05-20 02:33:31.669   625 23504 I APM_AudioPolicyManager: selectOutput new bestOutput 13 criteria 0 100 0 0 0 0 0 2 
05-20 02:33:31.670   625 23504 I APM_AudioPolicyManager: selectOutput new bestOutput 13 criteria 0 100 0 0 0 0 0 2 
05-20 02:33:31.671   625 23504 I APM_AudioPolicyManager: selectOutput new bestOutput 13 criteria 0 100 0 0 0 0 0 2 
05-20 02:33:31.681   625 23504 I APM_AudioPolicyManager: getOutputForAttrInt() attributes={ Content type: AUDIO_CONTENT_TYPE_UNKNOWN Usage: AUDIO_USAGE_MEDIA Source: AUDIO_SOURCE_INVALID Flags: 0xa00 Tags:  } stream=AUDIO_STREAM_MUSIC session 19601 selectedDeviceId 0
05-20 02:33:31.681   625 23504 I APM_AudioPolicyManager: getOutputForAttrInt() device {AUDIO_DEVICE_OUT_SPEAKER, @:}, sampling rate 44100, format 0x1, channel mask 0x3, flags 0x8 stream AUDIO_STREAM_MUSIC
05-20 02:33:31.681   625 23504 I APM_AudioPolicyManager: selectOutput new bestOutput 13 criteria 0 100 0 0 0 0 4 2 
05-20 02:33:31.681   625 23504 I APM_AudioPolicyManager: getOutputForAttrInt returns output 13 selectedDeviceId 3
05-20 02:33:31.681   625 23504 I APM_AudioPolicyManager: getOutputForAttr() returns output 13 requestedPortId 0 selectedDeviceId 3 for port ID 2659
05-20 02:33:31.693   625 23504 I APM_AudioPolicyManager: startOutput portId 2659
05-20 02:33:31.693   625 23504 I APM_AudioPolicyManager: startOutput() output 13, stream 3, session 19601
05-20 02:33:31.694   625 23504 I APM_AudioPolicyManager: getNewOutputDevices selected devices {AUDIO_DEVICE_OUT_SPEAKER, @:}
05-20 02:33:31.695   625 23504 I APM_AudioPolicyManager: getNewOutputDevices selected devices AUDIO_DEVICE_NONE
05-20 02:33:31.695   625 23504 I APM_AudioPolicyManager: setOutputDevices device {AUDIO_DEVICE_OUT_SPEAKER, @:} delayMs 0
05-20 02:33:31.695   625 23504 I APM_AudioPolicyManager: setOutputDevices changing device to {AUDIO_DEVICE_OUT_SPEAKER, @:}
05-20 02:33:35.574   625   838 I APM_AudioPolicyManager: stopOutput portId 2659
05-20 02:33:35.574   625   838 I APM_AudioPolicyManager: stopOutput() output 13, stream 3, session 19601
05-20 02:33:35.574   625   838 I APM_AudioPolicyManager: getNewOutputDevices selected devices AUDIO_DEVICE_NONE
05-20 02:33:35.574   625   838 I APM_AudioPolicyManager: setOutputDevices device AUDIO_DEVICE_NONE delayMs 320
05-20 02:33:35.576   625   838 I APM_AudioPolicyManager: getNewOutputDevices selected devices AUDIO_DEVICE_NONE
05-20 02:33:35.576   625   838 I APM_AudioPolicyManager: setOutputDevices device AUDIO_DEVICE_NONE delayMs 320
05-20 02:33:35.579   625   838 I APM_AudioPolicyManager: setOutputDevices changing device to AUDIO_DEVICE_NONE
05-20 02:33:35.807   625  7391 I APM_AudioPolicyManager: selectOutput new bestOutput 13 criteria 0 100 0 0 0 0 0 2 
05-20 02:33:35.808   625  7391 I APM_AudioPolicyManager: selectOutput new bestOutput 13 criteria 0 100 0 0 0 0 0 2 
05-20 02:33:35.809   625 15490 I APM_AudioPolicyManager: selectOutput new bestOutput 13 criteria 0 100 0 0 0 0 0 2 
05-20 02:33:35.813   625 15490 I APM_AudioPolicyManager: getOutputForAttrInt() attributes={ Content type: AUDIO_CONTENT_TYPE_UNKNOWN Usage: AUDIO_USAGE_MEDIA Source: AUDIO_SOURCE_INVALID Flags: 0xa00 Tags:  } stream=AUDIO_STREAM_MUSIC session 19609 selectedDeviceId 0
05-20 02:33:35.814   625 15490 I APM_AudioPolicyManager: getOutputForAttrInt() device {AUDIO_DEVICE_OUT_SPEAKER, @:}, sampling rate 44100, format 0x1, channel mask 0x3, flags 0x8 stream AUDIO_STREAM_MUSIC
05-20 02:33:35.814   625 15490 I APM_AudioPolicyManager: selectOutput new bestOutput 13 criteria 0 100 0 0 0 0 4 2 
05-20 02:33:35.814   625 15490 I APM_AudioPolicyManager: getOutputForAttrInt returns output 13 selectedDeviceId 3
05-20 02:33:35.814   625 15490 I APM_AudioPolicyManager: getOutputForAttr() returns output 13 requestedPortId 0 selectedDeviceId 3 for port ID 2660
05-20 02:33:49.447   625   625 I APM_AudioPolicyManager: selectOutput new bestOutput 13 criteria 0 100 0 0 0 0 0 2 
05-20 02:33:49.447   625   625 I APM_AudioPolicyManager: selectOutput new bestOutput 13 criteria 0 100 0 0 0 0 0 2 
05-20 02:33:49.447   625   625 I APM_AudioPolicyManager: selectOutput new bestOutput 13 criteria 0 100 0 0 0 0 0 2 
05-20 02:33:49.452   625   625 I APM_AudioPolicyManager: getOutputForAttrInt() attributes={ Content type: AUDIO_CONTENT_TYPE_UNKNOWN Usage: AUDIO_USAGE_MEDIA Source: AUDIO_SOURCE_INVALID Flags: 0xa00 Tags:  } stream=AUDIO_STREAM_MUSIC session 19617 selectedDeviceId 0
05-20 02:33:49.452   625   625 I APM_AudioPolicyManager: getOutputForAttrInt() device {AUDIO_DEVICE_OUT_SPEAKER, @:}, sampling rate 48000, format 0x1, channel mask 0x3, flags 0x8 stream AUDIO_STREAM_MUSIC
05-20 02:33:49.452   625   625 I APM_AudioPolicyManager: selectOutput new bestOutput 13 criteria 0 100 0 0 0 0 4 2 
05-20 02:33:49.452   625   625 I APM_AudioPolicyManager: getOutputForAttrInt returns output 13 selectedDeviceId 3
05-20 02:33:49.453   625   625 I APM_AudioPolicyManager: getOutputForAttr() returns output 13 requestedPortId 0 selectedDeviceId 3 for port ID 2661
05-20 02:33:49.467   625   625 I APM_AudioPolicyManager: startOutput portId 2661
05-20 02:33:49.467   625   625 I APM_AudioPolicyManager: startOutput() output 13, stream 3, session 19617
05-20 02:33:49.468   625   625 I APM_AudioPolicyManager: getNewOutputDevices selected devices {AUDIO_DEVICE_OUT_SPEAKER, @:}
05-20 02:33:49.469   625   625 I APM_AudioPolicyManager: getNewOutputDevices selected devices AUDIO_DEVICE_NONE
05-20 02:33:49.469   625   625 I APM_AudioPolicyManager: setOutputDevices device {AUDIO_DEVICE_OUT_SPEAKER, @:} delayMs 0
05-20 02:33:49.469   625   625 I APM_AudioPolicyManager: setOutputDevices changing device to {AUDIO_DEVICE_OUT_SPEAKER, @:}
05-20 02:34:09.302   625   838 I APM_AudioPolicyManager: stopOutput portId 2661
05-20 02:34:09.302   625   838 I APM_AudioPolicyManager: stopOutput() output 13, stream 3, session 19617
05-20 02:34:09.302   625   838 I APM_AudioPolicyManager: getNewOutputDevices selected devices AUDIO_DEVICE_NONE
05-20 02:34:09.302   625   838 I APM_AudioPolicyManager: setOutputDevices device AUDIO_DEVICE_NONE delayMs 320
05-20 02:34:09.304   625   838 I APM_AudioPolicyManager: getNewOutputDevices selected devices AUDIO_DEVICE_NONE
05-20 02:34:09.304   625   838 I APM_AudioPolicyManager: setOutputDevices device AUDIO_DEVICE_NONE delayMs 320
05-20 02:34:09.305   625   838 I APM_AudioPolicyManager: setOutputDevices changing device to AUDIO_DEVICE_NONE
05-20 02:34:09.333   625  1443 I APM_AudioPolicyManager: getOutputForAttrInt() attributes={ Content type: AUDIO_CONTENT_TYPE_UNKNOWN Usage: AUDIO_USAGE_MEDIA Source: AUDIO_SOURCE_INVALID Flags: 0xa00 Tags:  } stream=AUDIO_STREAM_MUSIC session 19617 selectedDeviceId 0
05-20 02:34:09.333   625  1443 I APM_AudioPolicyManager: getOutputForAttrInt() device {AUDIO_DEVICE_OUT_SPEAKER, @:}, sampling rate 48000, format 0x1, channel mask 0x3, flags 0x8 stream AUDIO_STREAM_MUSIC
05-20 02:34:09.333   625  1443 I APM_AudioPolicyManager: selectOutput new bestOutput 13 criteria 0 100 0 0 0 0 4 2 
05-20 02:34:09.333   625  1443 I APM_AudioPolicyManager: getOutputForAttrInt returns output 13 selectedDeviceId 3
05-20 02:34:09.333   625  1443 I APM_AudioPolicyManager: getOutputForAttr() returns output 13 requestedPortId 0 selectedDeviceId 3 for port ID 2662
05-20 02:34:09.364   625  1443 I APM_AudioPolicyManager: startOutput portId 2662
05-20 02:34:09.364   625  1443 I APM_AudioPolicyManager: startOutput() output 13, stream 3, session 19617
05-20 02:34:09.366   625  1443 I APM_AudioPolicyManager: getNewOutputDevices selected devices {AUDIO_DEVICE_OUT_SPEAKER, @:}
05-20 02:34:09.366   625  1443 I APM_AudioPolicyManager: getNewOutputDevices selected devices AUDIO_DEVICE_NONE
05-20 02:34:09.366   625  1443 I APM_AudioPolicyManager: setOutputDevices device {AUDIO_DEVICE_OUT_SPEAKER, @:} delayMs 0
05-20 02:34:09.367   625  1443 I APM_AudioPolicyManager: setOutputDevices changing device to {AUDIO_DEVICE_OUT_SPEAKER, @:}
05-20 02:34:10.141   625   838 I APM_AudioPolicyManager: stopOutput portId 2662
05-20 02:34:10.141   625   838 I APM_AudioPolicyManager: stopOutput() output 13, stream 3, session 19617
05-20 02:34:10.141   625   838 I APM_AudioPolicyManager: getNewOutputDevices selected devices AUDIO_DEVICE_NONE
05-20 02:34:10.141   625   838 I APM_AudioPolicyManager: setOutputDevices device AUDIO_DEVICE_NONE delayMs 320
05-20 02:34:10.143   625   838 I APM_AudioPolicyManager: getNewOutputDevices selected devices AUDIO_DEVICE_NONE
05-20 02:34:10.143   625   838 I APM_AudioPolicyManager: setOutputDevices device AUDIO_DEVICE_NONE delayMs 320
05-20 02:34:10.144   625   838 I APM_AudioPolicyManager: setOutputDevices changing device to AUDIO_DEVICE_NONE
05-20 02:34:12.459   625 15490 I APM_AudioPolicyManager: selectOutput new bestOutput 13 criteria 0 100 0 0 0 0 0 2 
05-20 02:34:12.460   625 15490 I APM_AudioPolicyManager: selectOutput new bestOutput 13 criteria 0 100 0 0 0 0 0 2 
05-20 02:34:12.461   625 15490 I APM_AudioPolicyManager: selectOutput new bestOutput 13 criteria 0 100 0 0 0 0 0 2 
05-20 02:34:12.465   625 15490 I APM_AudioPolicyManager: getOutputForAttrInt() attributes={ Content type: AUDIO_CONTENT_TYPE_UNKNOWN Usage: AUDIO_USAGE_MEDIA Source: AUDIO_SOURCE_INVALID Flags: 0xa00 Tags:  } stream=AUDIO_STREAM_MUSIC session 19625 selectedDeviceId 0
05-20 02:34:12.466   625 15490 I APM_AudioPolicyManager: getOutputForAttrInt() device {AUDIO_DEVICE_OUT_SPEAKER, @:}, sampling rate 48000, format 0x1, channel mask 0x3, flags 0x8 stream AUDIO_STREAM_MUSIC
05-20 02:34:12.466   625 15490 I APM_AudioPolicyManager: selectOutput new bestOutput 13 criteria 0 100 0 0 0 0 4 2 
05-20 02:34:12.466   625 15490 I APM_AudioPolicyManager: getOutputForAttrInt returns output 13 selectedDeviceId 3
05-20 02:34:12.466   625 15490 I APM_AudioPolicyManager: getOutputForAttr() returns output 13 requestedPortId 0 selectedDeviceId 3 for port ID 2663
05-20 02:34:36.326   625  9076 I APM_AudioPolicyManager: selectOutput new bestOutput 13 criteria 0 100 0 0 0 0 0 2 
05-20 02:34:36.327   625   696 I APM_AudioPolicyManager: selectOutput new bestOutput 13 criteria 0 100 0 0 0 0 0 2 
05-20 02:34:36.329   625  9076 I APM_AudioPolicyManager: selectOutput new bestOutput 13 criteria 0 100 0 0 0 0 0 2 
05-20 02:34:36.335   625  9076 I APM_AudioPolicyManager: getOutputForAttrInt() attributes={ Content type: AUDIO_CONTENT_TYPE_UNKNOWN Usage: AUDIO_USAGE_MEDIA Source: AUDIO_SOURCE_INVALID Flags: 0xa00 Tags:  } stream=AUDIO_STREAM_MUSIC session 19633 selectedDeviceId 0
05-20 02:34:36.336   625  9076 I APM_AudioPolicyManager: getOutputForAttrInt() device {AUDIO_DEVICE_OUT_SPEAKER, @:}, sampling rate 48000, format 0x1, channel mask 0x3, flags 0x8 stream AUDIO_STREAM_MUSIC
05-20 02:34:36.338   625  9076 I APM_AudioPolicyManager: selectOutput new bestOutput 13 criteria 0 100 0 0 0 0 4 2 
05-20 02:34:36.338   625  9076 I APM_AudioPolicyManager: getOutputForAttrInt returns output 13 selectedDeviceId 3
05-20 02:34:36.338   625  9076 I APM_AudioPolicyManager: getOutputForAttr() returns output 13 requestedPortId 0 selectedDeviceId 3 for port ID 2664
05-20 02:38:00.274   625  1443 I APM_AudioPolicyManager: selectOutput new bestOutput 13 criteria 0 100 0 0 0 0 0 2 
05-20 02:38:00.283   625  1443 I APM_AudioPolicyManager: selectOutput new bestOutput 13 criteria 0 100 0 0 0 0 0 2 
05-20 02:38:00.284   625  1443 I APM_AudioPolicyManager: selectOutput new bestOutput 13 criteria 0 100 0 0 0 0 0 2 
05-20 02:38:00.294   625  1443 I APM_AudioPolicyManager: getOutputForAttrInt() attributes={ Content type: AUDIO_CONTENT_TYPE_UNKNOWN Usage: AUDIO_USAGE_MEDIA Source: AUDIO_SOURCE_INVALID Flags: 0xa00 Tags:  } stream=AUDIO_STREAM_MUSIC session 19649 selectedDeviceId 0
05-20 02:38:00.294   625  1443 I APM_AudioPolicyManager: getOutputForAttrInt() device {AUDIO_DEVICE_OUT_SPEAKER, @:}, sampling rate 44100, format 0x1, channel mask 0x3, flags 0x8 stream AUDIO_STREAM_MUSIC
05-20 02:38:00.294   625  1443 I APM_AudioPolicyManager: selectOutput new bestOutput 13 criteria 0 100 0 0 0 0 4 2 
05-20 02:38:00.294   625  1443 I APM_AudioPolicyManager: getOutputForAttrInt returns output 13 selectedDeviceId 3
05-20 02:38:00.294   625  1443 I APM_AudioPolicyManager: getOutputForAttr() returns output 13 requestedPortId 0 selectedDeviceId 3 for port ID 2665
05-20 02:38:00.318   625  1443 I APM_AudioPolicyManager: startOutput portId 2665
05-20 02:38:00.318   625  1443 I APM_AudioPolicyManager: startOutput() output 13, stream 3, session 19649
05-20 02:38:00.320   625  1443 I APM_AudioPolicyManager: getNewOutputDevices selected devices {AUDIO_DEVICE_OUT_SPEAKER, @:}
05-20 02:38:00.320   625  1443 I APM_AudioPolicyManager: getNewOutputDevices selected devices AUDIO_DEVICE_NONE
05-20 02:38:00.320   625  1443 I APM_AudioPolicyManager: setOutputDevices device {AUDIO_DEVICE_OUT_SPEAKER, @:} delayMs 0
05-20 02:38:00.321   625  1443 I APM_AudioPolicyManager: setOutputDevices changing device to {AUDIO_DEVICE_OUT_SPEAKER, @:}
05-20 02:38:17.909   625   838 I APM_AudioPolicyManager: stopOutput portId 2665
05-20 02:38:17.909   625   838 I APM_AudioPolicyManager: stopOutput() output 13, stream 3, session 19649
05-20 02:38:17.909   625   838 I APM_AudioPolicyManager: getNewOutputDevices selected devices AUDIO_DEVICE_NONE
05-20 02:38:17.910   625   838 I APM_AudioPolicyManager: setOutputDevices device AUDIO_DEVICE_NONE delayMs 320
05-20 02:38:17.911   625   838 I APM_AudioPolicyManager: getNewOutputDevices selected devices AUDIO_DEVICE_NONE
05-20 02:38:17.911   625   838 I APM_AudioPolicyManager: setOutputDevices device AUDIO_DEVICE_NONE delayMs 320
05-20 02:38:17.912   625   838 I APM_AudioPolicyManager: setOutputDevices changing device to AUDIO_DEVICE_NONE
05-20 02:38:20.907   625  1443 I APM_AudioPolicyManager: selectOutput new bestOutput 13 criteria 0 100 0 0 0 0 0 2 
05-20 02:38:20.908   625  1443 I APM_AudioPolicyManager: selectOutput new bestOutput 13 criteria 0 100 0 0 0 0 0 2 
05-20 02:38:20.909   625   694 I APM_AudioPolicyManager: selectOutput new bestOutput 13 criteria 0 100 0 0 0 0 0 2 
05-20 02:38:20.914   625   694 I APM_AudioPolicyManager: getOutputForAttrInt() attributes={ Content type: AUDIO_CONTENT_TYPE_UNKNOWN Usage: AUDIO_USAGE_MEDIA Source: AUDIO_SOURCE_INVALID Flags: 0xa00 Tags:  } stream=AUDIO_STREAM_MUSIC session 19657 selectedDeviceId 0
05-20 02:38:20.914   625   694 I APM_AudioPolicyManager: getOutputForAttrInt() device {AUDIO_DEVICE_OUT_SPEAKER, @:}, sampling rate 44100, format 0x1, channel mask 0x3, flags 0x8 stream AUDIO_STREAM_MUSIC
05-20 02:38:20.914   625   694 I APM_AudioPolicyManager: selectOutput new bestOutput 13 criteria 0 100 0 0 0 0 4 2 
05-20 02:38:20.914   625   694 I APM_AudioPolicyManager: getOutputForAttrInt returns output 13 selectedDeviceId 3
05-20 02:38:20.915   625   694 I APM_AudioPolicyManager: getOutputForAttr() returns output 13 requestedPortId 0 selectedDeviceId 3 for port ID 2666
05-20 02:38:21.007   625  1443 I APM_AudioPolicyManager: startOutput portId 2666
05-20 02:38:21.007   625  1443 I APM_AudioPolicyManager: startOutput() output 13, stream 3, session 19657
05-20 02:38:21.009   625  1443 I APM_AudioPolicyManager: getNewOutputDevices selected devices {AUDIO_DEVICE_OUT_SPEAKER, @:}
05-20 02:38:21.010   625  1443 I APM_AudioPolicyManager: getNewOutputDevices selected devices AUDIO_DEVICE_NONE
05-20 02:38:21.010   625  1443 I APM_AudioPolicyManager: setOutputDevices device {AUDIO_DEVICE_OUT_SPEAKER, @:} delayMs 0
05-20 02:38:21.010   625  1443 I APM_AudioPolicyManager: setOutputDevices changing device to {AUDIO_DEVICE_OUT_SPEAKER, @:}
05-20 02:38:25.688   625   838 I APM_AudioPolicyManager: stopOutput portId 2666
05-20 02:38:25.688   625   838 I APM_AudioPolicyManager: stopOutput() output 13, stream 3, session 19657
05-20 02:38:25.689   625   838 I APM_AudioPolicyManager: getNewOutputDevices selected devices AUDIO_DEVICE_NONE
05-20 02:38:25.689   625   838 I APM_AudioPolicyManager: setOutputDevices device AUDIO_DEVICE_NONE delayMs 320
05-20 02:38:25.690   625   838 I APM_AudioPolicyManager: getNewOutputDevices selected devices AUDIO_DEVICE_NONE
05-20 02:38:25.690   625   838 I APM_AudioPolicyManager: setOutputDevices device AUDIO_DEVICE_NONE delayMs 320
05-20 02:38:25.691   625   838 I APM_AudioPolicyManager: setOutputDevices changing device to AUDIO_DEVICE_NONE
05-20 02:40:46.523   625  1443 D APM_AudioPolicyManager: setForceUse() usage 7, config 0, mPhoneState 0
05-20 02:40:46.531   625 25223 I APM_AudioPolicyManager: setStreamVolumeIndex: stream AUDIO_STREAM_DTMF attributes={ Content type: AUDIO_CONTENT_TYPE_UNKNOWN Usage: AUDIO_USAGE_VOICE_COMMUNICATION_SIGNALLING Source: AUDIO_SOURCE_INVALID Flags: 0x0 Tags:  }
05-20 02:40:46.534   625 25223 I APM_AudioPolicyManager: setStreamVolumeIndex: stream AUDIO_STREAM_DTMF attributes={ Content type: AUDIO_CONTENT_TYPE_UNKNOWN Usage: AUDIO_USAGE_VOICE_COMMUNICATION_SIGNALLING Source: AUDIO_SOURCE_INVALID Flags: 0x0 Tags:  }
05-20 02:40:46.536   625 25223 I APM_AudioPolicyManager: setStreamVolumeIndex: stream AUDIO_STREAM_ENFORCED_AUDIBLE attributes={ Content type: AUDIO_CONTENT_TYPE_UNKNOWN Usage: AUDIO_USAGE_UNKNOWN Source: AUDIO_SOURCE_INVALID Flags: 0x1 Tags:  }
05-20 02:40:46.538   625 25223 I APM_AudioPolicyManager: setStreamVolumeIndex: stream AUDIO_STREAM_ENFORCED_AUDIBLE attributes={ Content type: AUDIO_CONTENT_TYPE_UNKNOWN Usage: AUDIO_USAGE_UNKNOWN Source: AUDIO_SOURCE_INVALID Flags: 0x1 Tags:  }
05-20 02:40:46.541   625 25223 I APM_AudioPolicyManager: setStreamVolumeIndex: stream AUDIO_STREAM_NOTIFICATION attributes={ Content type: AUDIO_CONTENT_TYPE_UNKNOWN Usage: AUDIO_USAGE_NOTIFICATION Source: AUDIO_SOURCE_INVALID Flags: 0x0 Tags:  }
05-20 02:40:46.542   625 25223 I APM_AudioPolicyManager: setStreamVolumeIndex: stream AUDIO_STREAM_NOTIFICATION attributes={ Content type: AUDIO_CONTENT_TYPE_UNKNOWN Usage: AUDIO_USAGE_NOTIFICATION Source: AUDIO_SOURCE_INVALID Flags: 0x0 Tags:  }
05-20 02:40:46.545   625 25223 I APM_AudioPolicyManager: setStreamVolumeIndex: stream AUDIO_STREAM_RING attributes={ Content type: AUDIO_CONTENT_TYPE_UNKNOWN Usage: AUDIO_USAGE_NOTIFICATION_TELEPHONY_RINGTONE Source: AUDIO_SOURCE_INVALID Flags: 0x0 Tags:  }
05-20 02:40:46.547   625 25223 I APM_AudioPolicyManager: setStreamVolumeIndex: stream AUDIO_STREAM_RING attributes={ Content type: AUDIO_CONTENT_TYPE_UNKNOWN Usage: AUDIO_USAGE_NOTIFICATION_TELEPHONY_RINGTONE Source: AUDIO_SOURCE_INVALID Flags: 0x0 Tags:  }
05-20 02:40:46.550   625 25223 I APM_AudioPolicyManager: setStreamVolumeIndex: stream AUDIO_STREAM_DTMF attributes={ Content type: AUDIO_CONTENT_TYPE_UNKNOWN Usage: AUDIO_USAGE_VOICE_COMMUNICATION_SIGNALLING Source: AUDIO_SOURCE_INVALID Flags: 0x0 Tags:  }
05-20 02:40:46.551   625 25223 I APM_AudioPolicyManager: setStreamVolumeIndex: stream AUDIO_STREAM_DTMF attributes={ Content type: AUDIO_CONTENT_TYPE_UNKNOWN Usage: AUDIO_USAGE_VOICE_COMMUNICATION_SIGNALLING Source: AUDIO_SOURCE_INVALID Flags: 0x0 Tags:  }
05-20 02:40:46.553   625 25223 I APM_AudioPolicyManager: setStreamVolumeIndex: stream AUDIO_STREAM_ENFORCED_AUDIBLE attributes={ Content type: AUDIO_CONTENT_TYPE_UNKNOWN Usage: AUDIO_USAGE_UNKNOWN Source: AUDIO_SOURCE_INVALID Flags: 0x1 Tags:  }
05-20 02:40:46.554   625 25223 I APM_AudioPolicyManager: setStreamVolumeIndex: stream AUDIO_STREAM_ENFORCED_AUDIBLE attributes={ Content type: AUDIO_CONTENT_TYPE_UNKNOWN Usage: AUDIO_USAGE_UNKNOWN Source: AUDIO_SOURCE_INVALID Flags: 0x1 Tags:  }
05-20 02:40:46.556   625 25223 I APM_AudioPolicyManager: setStreamVolumeIndex: stream AUDIO_STREAM_SYSTEM attributes={ Content type: AUDIO_CONTENT_TYPE_UNKNOWN Usage: AUDIO_USAGE_ASSISTANCE_SONIFICATION Source: AUDIO_SOURCE_INVALID Flags: 0x0 Tags:  }
05-20 02:40:46.557   625 25223 I APM_AudioPolicyManager: setStreamVolumeIndex: stream AUDIO_STREAM_SYSTEM attributes={ Content type: AUDIO_CONTENT_TYPE_UNKNOWN Usage: AUDIO_USAGE_ASSISTANCE_SONIFICATION Source: AUDIO_SOURCE_INVALID Flags: 0x0 Tags:  }
05-20 02:40:46.559   625 25223 I APM_AudioPolicyManager: setStreamVolumeIndex: stream AUDIO_STREAM_SYSTEM attributes={ Content type: AUDIO_CONTENT_TYPE_UNKNOWN Usage: AUDIO_USAGE_ASSISTANCE_SONIFICATION Source: AUDIO_SOURCE_INVALID Flags: 0x0 Tags:  }
05-20 02:40:46.561   625 25223 I APM_AudioPolicyManager: setStreamVolumeIndex: stream AUDIO_STREAM_SYSTEM attributes={ Content type: AUDIO_CONTENT_TYPE_UNKNOWN Usage: AUDIO_USAGE_ASSISTANCE_SONIFICATION Source: AUDIO_SOURCE_INVALID Flags: 0x0 Tags:  }
05-20 02:40:46.579   625 25223 I APM_AudioPolicyManager: setStreamVolumeIndex: stream AUDIO_STREAM_RING attributes={ Content type: AUDIO_CONTENT_TYPE_UNKNOWN Usage: AUDIO_USAGE_NOTIFICATION_TELEPHONY_RINGTONE Source: AUDIO_SOURCE_INVALID Flags: 0x0 Tags:  }
05-20 02:40:46.581   625 25223 I APM_AudioPolicyManager: setStreamVolumeIndex: stream AUDIO_STREAM_DTMF attributes={ Content type: AUDIO_CONTENT_TYPE_UNKNOWN Usage: AUDIO_USAGE_VOICE_COMMUNICATION_SIGNALLING Source: AUDIO_SOURCE_INVALID Flags: 0x0 Tags:  }
05-20 02:40:46.582   625 25223 I APM_AudioPolicyManager: setStreamVolumeIndex: stream AUDIO_STREAM_ENFORCED_AUDIBLE attributes={ Content type: AUDIO_CONTENT_TYPE_UNKNOWN Usage: AUDIO_USAGE_UNKNOWN Source: AUDIO_SOURCE_INVALID Flags: 0x1 Tags:  }
05-20 02:40:46.583   625 25223 I APM_AudioPolicyManager: setStreamVolumeIndex: stream AUDIO_STREAM_SYSTEM attributes={ Content type: AUDIO_CONTENT_TYPE_UNKNOWN Usage: AUDIO_USAGE_ASSISTANCE_SONIFICATION Source: AUDIO_SOURCE_INVALID Flags: 0x0 Tags:  }
05-20 02:40:46.604   625 25223 I APM_AudioPolicyManager: setStreamVolumeIndex: stream AUDIO_STREAM_RING attributes={ Content type: AUDIO_CONTENT_TYPE_UNKNOWN Usage: AUDIO_USAGE_NOTIFICATION_TELEPHONY_RINGTONE Source: AUDIO_SOURCE_INVALID Flags: 0x0 Tags:  }
05-20 02:40:46.606   625 25223 I APM_AudioPolicyManager: setStreamVolumeIndex: stream AUDIO_STREAM_DTMF attributes={ Content type: AUDIO_CONTENT_TYPE_UNKNOWN Usage: AUDIO_USAGE_VOICE_COMMUNICATION_SIGNALLING Source: AUDIO_SOURCE_INVALID Flags: 0x0 Tags:  }
05-20 02:40:46.608   625 25223 I APM_AudioPolicyManager: setStreamVolumeIndex: stream AUDIO_STREAM_ENFORCED_AUDIBLE attributes={ Content type: AUDIO_CONTENT_TYPE_UNKNOWN Usage: AUDIO_USAGE_UNKNOWN Source: AUDIO_SOURCE_INVALID Flags: 0x1 Tags:  }
05-20 02:40:46.609   625 25223 I APM_AudioPolicyManager: setStreamVolumeIndex: stream AUDIO_STREAM_SYSTEM attributes={ Content type: AUDIO_CONTENT_TYPE_UNKNOWN Usage: AUDIO_USAGE_ASSISTANCE_SONIFICATION Source: AUDIO_SOURCE_INVALID Flags: 0x0 Tags:  }
05-20 02:40:46.665   625 25223 I APM_AudioPolicyManager: setStreamVolumeIndex: stream AUDIO_STREAM_RING attributes={ Content type: AUDIO_CONTENT_TYPE_UNKNOWN Usage: AUDIO_USAGE_NOTIFICATION_TELEPHONY_RINGTONE Source: AUDIO_SOURCE_INVALID Flags: 0x0 Tags:  }
05-20 02:40:46.666   625 25223 I APM_AudioPolicyManager: setStreamVolumeIndex: stream AUDIO_STREAM_DTMF attributes={ Content type: AUDIO_CONTENT_TYPE_UNKNOWN Usage: AUDIO_USAGE_VOICE_COMMUNICATION_SIGNALLING Source: AUDIO_SOURCE_INVALID Flags: 0x0 Tags:  }
05-20 02:40:46.668   625 25223 I APM_AudioPolicyManager: setStreamVolumeIndex: stream AUDIO_STREAM_ENFORCED_AUDIBLE attributes={ Content type: AUDIO_CONTENT_TYPE_UNKNOWN Usage: AUDIO_USAGE_UNKNOWN Source: AUDIO_SOURCE_INVALID Flags: 0x1 Tags:  }
05-20 02:40:46.669   625 25223 I APM_AudioPolicyManager: setStreamVolumeIndex: stream AUDIO_STREAM_SYSTEM attributes={ Content type: AUDIO_CONTENT_TYPE_UNKNOWN Usage: AUDIO_USAGE_ASSISTANCE_SONIFICATION Source: AUDIO_SOURCE_INVALID Flags: 0x0 Tags:  }
05-20 07:00:00.329   625 15490 D APM_AudioPolicyManager: setForceUse() usage 3, config 9, mPhoneState 0
05-20 07:23:14.253   625 17861 I APM_AudioPolicyManager: selectOutput new bestOutput 13 criteria 0 100 0 0 0 0 0 2 
05-20 07:23:14.259   625 17861 I APM_AudioPolicyManager: selectOutput new bestOutput 13 criteria 0 100 0 0 0 0 0 2 
05-20 07:23:14.291   625 17861 I APM_AudioPolicyManager: getOutputForAttrInt() attributes={ Content type: AUDIO_CONTENT_TYPE_SONIFICATION Usage: AUDIO_USAGE_NOTIFICATION Source: AUDIO_SOURCE_INVALID Flags: 0x800 Tags:  } stream=AUDIO_STREAM_NOTIFICATION session 19713 selectedDeviceId 0
05-20 07:23:14.291   625 17861 I APM_AudioPolicyManager: getOutputForAttrInt() device {AUDIO_DEVICE_OUT_SPEAKER, @:}, sampling rate 44100, format 0x1, channel mask 0x3, flags 0 stream AUDIO_STREAM_NOTIFICATION
05-20 07:23:14.292   625 17861 I APM_AudioPolicyManager: selectOutput new bestOutput 13 criteria 0 100 0 0 0 0 4 2 
05-20 07:23:14.292   625 17861 I APM_AudioPolicyManager: getOutputForAttrInt returns output 13 selectedDeviceId 3
05-20 07:23:14.292   625 17861 I APM_AudioPolicyManager: getOutputForAttr() returns output 13 requestedPortId 0 selectedDeviceId 3 for port ID 2667
05-20 07:23:14.337   625 17861 I APM_AudioPolicyManager: startOutput portId 2667
05-20 07:23:14.337   625 17861 I APM_AudioPolicyManager: startOutput() output 13, stream 5, session 19713
05-20 07:23:14.339   625 17861 I APM_AudioPolicyManager: getNewOutputDevices selected devices {AUDIO_DEVICE_OUT_SPEAKER, @:}
05-20 07:23:14.340   625 17861 I APM_AudioPolicyManager: getNewOutputDevices selected devices AUDIO_DEVICE_NONE
05-20 07:23:14.340   625 17861 I APM_AudioPolicyManager: setOutputDevices device {AUDIO_DEVICE_OUT_SPEAKER, @:} delayMs 0
05-20 07:23:14.340   625 17861 I APM_AudioPolicyManager: setOutputDevices changing device to {AUDIO_DEVICE_OUT_SPEAKER, @:}
05-20 07:23:15.666   625   838 I APM_AudioPolicyManager: stopOutput portId 2667
05-20 07:23:15.667   625   838 I APM_AudioPolicyManager: stopOutput() output 13, stream 5, session 19713
05-20 07:23:15.667   625   838 I APM_AudioPolicyManager: getNewOutputDevices selected devices AUDIO_DEVICE_NONE
05-20 07:23:15.668   625   838 I APM_AudioPolicyManager: setOutputDevices device AUDIO_DEVICE_NONE delayMs 320
05-20 07:23:15.671   625   838 I APM_AudioPolicyManager: getNewOutputDevices selected devices AUDIO_DEVICE_NONE
05-20 07:23:15.671   625   838 I APM_AudioPolicyManager: setOutputDevices device AUDIO_DEVICE_NONE delayMs 320
05-20 07:23:15.674   625   838 I APM_AudioPolicyManager: setOutputDevices changing device to AUDIO_DEVICE_NONE
05-20 08:33:11.255   625  7391 I APM_AudioPolicyManager: selectOutput new bestOutput 13 criteria 0 100 0 0 0 0 0 2 
05-20 08:33:11.256   625  7391 I APM_AudioPolicyManager: selectOutput new bestOutput 13 criteria 0 100 0 0 0 0 0 2 
05-20 08:33:11.262   625  7391 I APM_AudioPolicyManager: getOutputForAttrInt() attributes={ Content type: AUDIO_CONTENT_TYPE_SONIFICATION Usage: AUDIO_USAGE_NOTIFICATION Source: AUDIO_SOURCE_INVALID Flags: 0x800 Tags:  } stream=AUDIO_STREAM_NOTIFICATION session 19721 selectedDeviceId 0
05-20 08:33:11.263   625  7391 I APM_AudioPolicyManager: getOutputForAttrInt() device {AUDIO_DEVICE_OUT_SPEAKER, @:}, sampling rate 44100, format 0x1, channel mask 0x3, flags 0 stream AUDIO_STREAM_NOTIFICATION
05-20 08:33:11.263   625  7391 I APM_AudioPolicyManager: selectOutput new bestOutput 13 criteria 0 100 0 0 0 0 4 2 
05-20 08:33:11.264   625  7391 I APM_AudioPolicyManager: getOutputForAttrInt returns output 13 selectedDeviceId 3
05-20 08:33:11.264   625  7391 I APM_AudioPolicyManager: getOutputForAttr() returns output 13 requestedPortId 0 selectedDeviceId 3 for port ID 2668
05-20 08:33:11.277   625 21008 I APM_AudioPolicyManager: startOutput portId 2668
05-20 08:33:11.277   625 21008 I APM_AudioPolicyManager: startOutput() output 13, stream 5, session 19721
05-20 08:33:11.277   625 21008 I APM_AudioPolicyManager: getNewOutputDevices selected devices {AUDIO_DEVICE_OUT_SPEAKER, @:}
05-20 08:33:11.278   625 21008 I APM_AudioPolicyManager: getNewOutputDevices selected devices AUDIO_DEVICE_NONE
05-20 08:33:11.278   625 21008 I APM_AudioPolicyManager: setOutputDevices device {AUDIO_DEVICE_OUT_SPEAKER, @:} delayMs 0
05-20 08:33:11.278   625 21008 I APM_AudioPolicyManager: setOutputDevices changing device to {AUDIO_DEVICE_OUT_SPEAKER, @:}
05-20 08:33:12.532   625   838 I APM_AudioPolicyManager: stopOutput portId 2668
05-20 08:33:12.533   625   838 I APM_AudioPolicyManager: stopOutput() output 13, stream 5, session 19721
05-20 08:33:12.533   625   838 I APM_AudioPolicyManager: getNewOutputDevices selected devices AUDIO_DEVICE_NONE
05-20 08:33:12.533   625   838 I APM_AudioPolicyManager: setOutputDevices device AUDIO_DEVICE_NONE delayMs 320
05-20 08:33:12.536   625   838 I APM_AudioPolicyManager: getNewOutputDevices selected devices AUDIO_DEVICE_NONE
05-20 08:33:12.537   625   838 I APM_AudioPolicyManager: setOutputDevices device AUDIO_DEVICE_NONE delayMs 320
