--------- beginning of main
05-20 02:28:20.861   625 21008 I APM_AudioPolicyManager: selectOutput new bestOutput 13 criteria 0 100 0 0 0 0 4 2 
05-20 02:28:20.861   625 21008 I APM_AudioPolicyManager: getOutputForAttrInt returns output 13 selectedDeviceId 3
05-20 02:28:20.861   625 21008 I APM_AudioPolicyManager: getOutputForAttr() returns output 13 requestedPortId 0 selectedDeviceId 3 for port ID 2618
05-20 02:28:25.902   625 23504 I APM_AudioPolicyManager: startOutput portId 2618
05-20 02:28:25.902   625 23504 I APM_AudioPolicyManager: startOutput() output 13, stream 3, session 19297
05-20 02:28:26.078   625   838 I APM_AudioPolicyManager: stopOutput portId 2617
05-20 02:28:26.079   625   838 I APM_AudioPolicyManager: stopOutput() output 13, stream 3, session 19289
05-20 02:28:36.559   625   838 I APM_AudioPolicyManager: stopOutput portId 2618
05-20 02:28:36.559   625   838 I APM_AudioPolicyManager: stopOutput() output 13, stream 3, session 19297
05-20 02:28:36.560   625   838 I APM_AudioPolicyManager: getNewOutputDevices selected devices AUDIO_DEVICE_NONE
05-20 02:28:36.560   625   838 I APM_AudioPolicyManager: setOutputDevices device AUDIO_DEVICE_NONE delayMs 320
05-20 02:28:36.563   625   838 I APM_AudioPolicyManager: getNewOutputDevices selected devices AUDIO_DEVICE_NONE
05-20 02:28:36.563   625   838 I APM_AudioPolicyManager: setOutputDevices device AUDIO_DEVICE_NONE delayMs 320
05-20 02:28:36.567   625   838 I APM_AudioPolicyManager: setOutputDevices changing device to AUDIO_DEVICE_NONE
05-20 02:28:37.728   625 23504 I APM_AudioPolicyManager: selectOutput new bestOutput 13 criteria 0 100 0 0 0 0 0 2 
05-20 02:28:37.730   625 23504 I APM_AudioPolicyManager: selectOutput new bestOutput 13 criteria 0 100 0 0 0 0 0 2 
05-20 02:28:37.731   625 23504 I APM_AudioPolicyManager: selectOutput new bestOutput 13 criteria 0 100 0 0 0 0 0 2 
05-20 02:28:37.739   625 23504 I APM_AudioPolicyManager: getOutputForAttrInt() attributes={ Content type: AUDIO_CONTENT_TYPE_MUSIC Usage: AUDIO_USAGE_MEDIA Source: AUDIO_SOURCE_INVALID Flags: 0xe00 Tags:  } stream=AUDIO_STREAM_MUSIC session 19305 selectedDeviceId 0
05-20 02:28:37.739   625 23504 I APM_AudioPolicyManager: getOutputForAttrInt() device {AUDIO_DEVICE_OUT_SPEAKER, @:}, sampling rate 48000, format 0x1, channel mask 0x3, flags 0x8 stream AUDIO_STREAM_MUSIC
05-20 02:28:37.739   625 23504 I APM_AudioPolicyManager: selectOutput new bestOutput 13 criteria 0 100 0 0 0 0 4 2 
05-20 02:28:37.739   625 23504 I APM_AudioPolicyManager: getOutputForAttrInt returns output 13 selectedDeviceId 3
05-20 02:28:37.739   625 23504 I APM_AudioPolicyManager: getOutputForAttr() returns output 13 requestedPortId 0 selectedDeviceId 3 for port ID 2619
05-20 02:28:37.754   625 21008 I APM_AudioPolicyManager: startOutput portId 2619
05-20 02:28:37.754   625 21008 I APM_AudioPolicyManager: startOutput() output 13, stream 3, session 19305
05-20 02:28:37.755   625 21008 I APM_AudioPolicyManager: getNewOutputDevices selected devices {AUDIO_DEVICE_OUT_SPEAKER, @:}
05-20 02:28:37.756   625 21008 I APM_AudioPolicyManager: getNewOutputDevices selected devices AUDIO_DEVICE_NONE
05-20 02:28:37.756   625 21008 I APM_AudioPolicyManager: setOutputDevices device {AUDIO_DEVICE_OUT_SPEAKER, @:} delayMs 0
05-20 02:28:37.756   625 21008 I APM_AudioPolicyManager: setOutputDevices changing device to {AUDIO_DEVICE_OUT_SPEAKER, @:}
05-20 02:28:38.038   625   838 I APM_AudioPolicyManager: stopOutput portId 2619
05-20 02:28:38.038   625   838 I APM_AudioPolicyManager: stopOutput() output 13, stream 3, session 19305
05-20 02:28:38.039   625   838 I APM_AudioPolicyManager: getNewOutputDevices selected devices AUDIO_DEVICE_NONE
05-20 02:28:38.039   625   838 I APM_AudioPolicyManager: setOutputDevices device AUDIO_DEVICE_NONE delayMs 320
05-20 02:28:38.041   625   838 I APM_AudioPolicyManager: getNewOutputDevices selected devices AUDIO_DEVICE_NONE
05-20 02:28:38.041   625   838 I APM_AudioPolicyManager: setOutputDevices device AUDIO_DEVICE_NONE delayMs 320
05-20 02:28:38.044   625   838 I APM_AudioPolicyManager: setOutputDevices changing device to AUDIO_DEVICE_NONE
05-20 02:28:38.193   625 21008 I APM_AudioPolicyManager: startOutput portId 2618
05-20 02:28:38.193   625 21008 I APM_AudioPolicyManager: startOutput() output 13, stream 3, session 19297
05-20 02:28:38.195   625 21008 I APM_AudioPolicyManager: getNewOutputDevices selected devices {AUDIO_DEVICE_OUT_SPEAKER, @:}
05-20 02:28:38.196   625 21008 I APM_AudioPolicyManager: getNewOutputDevices selected devices AUDIO_DEVICE_NONE
05-20 02:28:38.196   625 21008 I APM_AudioPolicyManager: setOutputDevices device {AUDIO_DEVICE_OUT_SPEAKER, @:} delayMs 0
05-20 02:28:38.198   625 21008 I APM_AudioPolicyManager: setOutputDevices changing device to {AUDIO_DEVICE_OUT_SPEAKER, @:}
05-20 02:28:43.280   625   838 I APM_AudioPolicyManager: stopOutput portId 2618
05-20 02:28:43.280   625   838 I APM_AudioPolicyManager: stopOutput() output 13, stream 3, session 19297
05-20 02:28:43.280   625   838 I APM_AudioPolicyManager: getNewOutputDevices selected devices AUDIO_DEVICE_NONE
05-20 02:28:43.280   625   838 I APM_AudioPolicyManager: setOutputDevices device AUDIO_DEVICE_NONE delayMs 320
05-20 02:28:43.282   625   838 I APM_AudioPolicyManager: getNewOutputDevices selected devices AUDIO_DEVICE_NONE
05-20 02:28:43.282   625   838 I APM_AudioPolicyManager: setOutputDevices device AUDIO_DEVICE_NONE delayMs 320
05-20 02:28:43.285   625   838 I APM_AudioPolicyManager: setOutputDevices changing device to AUDIO_DEVICE_NONE
05-20 02:28:49.904   625   696 I APM_AudioPolicyManager: selectOutput new bestOutput 13 criteria 0 100 0 0 0 0 0 2 
05-20 02:28:49.904   625 15490 I APM_AudioPolicyManager: selectOutput new bestOutput 13 criteria 0 100 0 0 0 0 0 2 
05-20 02:28:49.905   625 15490 I APM_AudioPolicyManager: selectOutput new bestOutput 13 criteria 0 100 0 0 0 0 0 2 
05-20 02:28:49.909   625 15490 I APM_AudioPolicyManager: getOutputForAttrInt() attributes={ Content type: AUDIO_CONTENT_TYPE_MUSIC Usage: AUDIO_USAGE_MEDIA Source: AUDIO_SOURCE_INVALID Flags: 0xe00 Tags:  } stream=AUDIO_STREAM_MUSIC session 19313 selectedDeviceId 0
05-20 02:28:49.910   625 15490 I APM_AudioPolicyManager: getOutputForAttrInt() device {AUDIO_DEVICE_OUT_SPEAKER, @:}, sampling rate 44100, format 0x1, channel mask 0x3, flags 0x8 stream AUDIO_STREAM_MUSIC
05-20 02:28:49.910   625 15490 I APM_AudioPolicyManager: selectOutput new bestOutput 13 criteria 0 100 0 0 0 0 4 2 
05-20 02:28:49.910   625 15490 I APM_AudioPolicyManager: getOutputForAttrInt returns output 13 selectedDeviceId 3
05-20 02:28:49.910   625 15490 I APM_AudioPolicyManager: getOutputForAttr() returns output 13 requestedPortId 0 selectedDeviceId 3 for port ID 2620
05-20 02:28:49.971   625 15490 I APM_AudioPolicyManager: selectOutput new bestOutput 13 criteria 0 100 0 0 0 0 0 2 
05-20 02:28:49.972   625 15490 I APM_AudioPolicyManager: selectOutput new bestOutput 13 criteria 0 100 0 0 0 0 0 2 
05-20 02:28:49.973   625 15490 I APM_AudioPolicyManager: selectOutput new bestOutput 13 criteria 0 100 0 0 0 0 0 2 
05-20 02:28:49.978   625 15490 I APM_AudioPolicyManager: getOutputForAttrInt() attributes={ Content type: AUDIO_CONTENT_TYPE_MUSIC Usage: AUDIO_USAGE_MEDIA Source: AUDIO_SOURCE_INVALID Flags: 0xe00 Tags:  } stream=AUDIO_STREAM_MUSIC session 19321 selectedDeviceId 0
05-20 02:28:49.978   625 15490 I APM_AudioPolicyManager: getOutputForAttrInt() device {AUDIO_DEVICE_OUT_SPEAKER, @:}, sampling rate 48000, format 0x1, channel mask 0x3, flags 0x8 stream AUDIO_STREAM_MUSIC
05-20 02:28:49.979   625 15490 I APM_AudioPolicyManager: selectOutput new bestOutput 13 criteria 0 100 0 0 0 0 4 2 
05-20 02:28:49.979   625 15490 I APM_AudioPolicyManager: getOutputForAttrInt returns output 13 selectedDeviceId 3
05-20 02:28:49.979   625 15490 I APM_AudioPolicyManager: getOutputForAttr() returns output 13 requestedPortId 0 selectedDeviceId 3 for port ID 2621
05-20 02:28:49.990   625 15490 I APM_AudioPolicyManager: startOutput portId 2621
05-20 02:28:49.990   625 15490 I APM_AudioPolicyManager: startOutput() output 13, stream 3, session 19321
05-20 02:28:49.991   625 15490 I APM_AudioPolicyManager: getNewOutputDevices selected devices {AUDIO_DEVICE_OUT_SPEAKER, @:}
05-20 02:28:49.992   625 15490 I APM_AudioPolicyManager: getNewOutputDevices selected devices AUDIO_DEVICE_NONE
05-20 02:28:49.992   625 15490 I APM_AudioPolicyManager: setOutputDevices device {AUDIO_DEVICE_OUT_SPEAKER, @:} delayMs 0
05-20 02:28:49.993   625 15490 I APM_AudioPolicyManager: setOutputDevices changing device to {AUDIO_DEVICE_OUT_SPEAKER, @:}
05-20 02:28:51.635   625 15490 I APM_AudioPolicyManager: startOutput portId 2620
05-20 02:28:51.635   625 15490 I APM_AudioPolicyManager: startOutput() output 13, stream 3, session 19313
05-20 02:28:51.857   625   838 I APM_AudioPolicyManager: stopOutput portId 2621
05-20 02:28:51.857   625   838 I APM_AudioPolicyManager: stopOutput() output 13, stream 3, session 19321
05-20 02:28:52.230   625   696 I APM_AudioPolicyManager: selectOutput new bestOutput 13 criteria 0 100 0 0 0 0 0 2 
05-20 02:28:52.230   625   696 I APM_AudioPolicyManager: selectOutput new bestOutput 13 criteria 0 100 0 0 0 0 0 2 
05-20 02:28:52.231   625   696 I APM_AudioPolicyManager: selectOutput new bestOutput 13 criteria 0 100 0 0 0 0 0 2 
05-20 02:28:52.235   625   696 I APM_AudioPolicyManager: getOutputForAttrInt() attributes={ Content type: AUDIO_CONTENT_TYPE_MUSIC Usage: AUDIO_USAGE_MEDIA Source: AUDIO_SOURCE_INVALID Flags: 0xe00 Tags:  } stream=AUDIO_STREAM_MUSIC session 19329 selectedDeviceId 0
05-20 02:28:52.236   625   696 I APM_AudioPolicyManager: getOutputForAttrInt() device {AUDIO_DEVICE_OUT_SPEAKER, @:}, sampling rate 44100, format 0x1, channel mask 0x3, flags 0x8 stream AUDIO_STREAM_MUSIC
05-20 02:28:52.236   625   696 I APM_AudioPolicyManager: selectOutput new bestOutput 13 criteria 0 100 0 0 0 0 4 2 
05-20 02:28:52.236   625   696 I APM_AudioPolicyManager: getOutputForAttrInt returns output 13 selectedDeviceId 3
05-20 02:28:52.236   625   696 I APM_AudioPolicyManager: getOutputForAttr() returns output 13 requestedPortId 0 selectedDeviceId 3 for port ID 2622
05-20 02:28:57.595   625   696 I APM_AudioPolicyManager: startOutput portId 2622
05-20 02:28:57.595   625   696 I APM_AudioPolicyManager: startOutput() output 13, stream 3, session 19329
05-20 02:28:57.858   625   838 I APM_AudioPolicyManager: stopOutput portId 2620
05-20 02:28:57.858   625   838 I APM_AudioPolicyManager: stopOutput() output 13, stream 3, session 19313
05-20 02:28:58.222   625 15490 I APM_AudioPolicyManager: selectOutput new bestOutput 13 criteria 0 100 0 0 0 0 0 2 
05-20 02:28:58.223   625 15490 I APM_AudioPolicyManager: selectOutput new bestOutput 13 criteria 0 100 0 0 0 0 0 2 
05-20 02:28:58.224   625 15490 I APM_AudioPolicyManager: selectOutput new bestOutput 13 criteria 0 100 0 0 0 0 0 2 
05-20 02:28:58.229   625 15490 I APM_AudioPolicyManager: getOutputForAttrInt() attributes={ Content type: AUDIO_CONTENT_TYPE_MUSIC Usage: AUDIO_USAGE_MEDIA Source: AUDIO_SOURCE_INVALID Flags: 0xe00 Tags:  } stream=AUDIO_STREAM_MUSIC session 19337 selectedDeviceId 0
05-20 02:28:58.230   625 15490 I APM_AudioPolicyManager: getOutputForAttrInt() device {AUDIO_DEVICE_OUT_SPEAKER, @:}, sampling rate 44100, format 0x1, channel mask 0x3, flags 0x8 stream AUDIO_STREAM_MUSIC
05-20 02:28:58.230   625 15490 I APM_AudioPolicyManager: selectOutput new bestOutput 13 criteria 0 100 0 0 0 0 4 2 
05-20 02:28:58.230   625 15490 I APM_AudioPolicyManager: getOutputForAttrInt returns output 13 selectedDeviceId 3
05-20 02:28:58.230   625 15490 I APM_AudioPolicyManager: getOutputForAttr() returns output 13 requestedPortId 0 selectedDeviceId 3 for port ID 2623
05-20 02:29:42.755   625 21008 I APM_AudioPolicyManager: startOutput portId 2623
05-20 02:29:42.755   625 21008 I APM_AudioPolicyManager: startOutput() output 13, stream 3, session 19337
05-20 02:29:42.938   625   838 I APM_AudioPolicyManager: stopOutput portId 2622
05-20 02:29:42.939   625   838 I APM_AudioPolicyManager: stopOutput() output 13, stream 3, session 19329
05-20 02:29:43.510   625 21008 I APM_AudioPolicyManager: selectOutput new bestOutput 13 criteria 0 100 0 0 0 0 0 2 
05-20 02:29:43.511   625 21008 I APM_AudioPolicyManager: selectOutput new bestOutput 13 criteria 0 100 0 0 0 0 0 2 
05-20 02:29:43.512   625 21008 I APM_AudioPolicyManager: selectOutput new bestOutput 13 criteria 0 100 0 0 0 0 0 2 
05-20 02:29:43.518   625 21008 I APM_AudioPolicyManager: getOutputForAttrInt() attributes={ Content type: AUDIO_CONTENT_TYPE_MUSIC Usage: AUDIO_USAGE_MEDIA Source: AUDIO_SOURCE_INVALID Flags: 0xe00 Tags:  } stream=AUDIO_STREAM_MUSIC session 19345 selectedDeviceId 0
05-20 02:29:43.519   625 21008 I APM_AudioPolicyManager: getOutputForAttrInt() device {AUDIO_DEVICE_OUT_SPEAKER, @:}, sampling rate 44100, format 0x1, channel mask 0x3, flags 0x8 stream AUDIO_STREAM_MUSIC
05-20 02:29:43.519   625 21008 I APM_AudioPolicyManager: selectOutput new bestOutput 13 criteria 0 100 0 0 0 0 4 2 
05-20 02:29:43.519   625 21008 I APM_AudioPolicyManager: getOutputForAttrInt returns output 13 selectedDeviceId 3
05-20 02:29:43.519   625 21008 I APM_AudioPolicyManager: getOutputForAttr() returns output 13 requestedPortId 0 selectedDeviceId 3 for port ID 2624
05-20 02:29:46.948   625 21008 I APM_AudioPolicyManager: startOutput portId 2624
05-20 02:29:46.948   625 21008 I APM_AudioPolicyManager: startOutput() output 13, stream 3, session 19345
05-20 02:29:47.178   625   838 I APM_AudioPolicyManager: stopOutput portId 2623
05-20 02:29:47.178   625   838 I APM_AudioPolicyManager: stopOutput() output 13, stream 3, session 19337
05-20 02:29:47.554   625 21008 I APM_AudioPolicyManager: selectOutput new bestOutput 13 criteria 0 100 0 0 0 0 0 2 
05-20 02:29:47.555   625 21008 I APM_AudioPolicyManager: selectOutput new bestOutput 13 criteria 0 100 0 0 0 0 0 2 
05-20 02:29:47.555   625 21008 I APM_AudioPolicyManager: selectOutput new bestOutput 13 criteria 0 100 0 0 0 0 0 2 
05-20 02:29:47.559   625 21008 I APM_AudioPolicyManager: getOutputForAttrInt() attributes={ Content type: AUDIO_CONTENT_TYPE_MUSIC Usage: AUDIO_USAGE_MEDIA Source: AUDIO_SOURCE_INVALID Flags: 0xe00 Tags:  } stream=AUDIO_STREAM_MUSIC session 19353 selectedDeviceId 0
05-20 02:29:47.560   625 21008 I APM_AudioPolicyManager: getOutputForAttrInt() device {AUDIO_DEVICE_OUT_SPEAKER, @:}, sampling rate 44100, format 0x1, channel mask 0x3, flags 0x8 stream AUDIO_STREAM_MUSIC
05-20 02:29:47.560   625 21008 I APM_AudioPolicyManager: selectOutput new bestOutput 13 criteria 0 100 0 0 0 0 4 2 
05-20 02:29:47.560   625 21008 I APM_AudioPolicyManager: getOutputForAttrInt returns output 13 selectedDeviceId 3
05-20 02:29:47.560   625 21008 I APM_AudioPolicyManager: getOutputForAttr() returns output 13 requestedPortId 0 selectedDeviceId 3 for port ID 2625
05-20 02:29:48.823   625 17861 I APM_AudioPolicyManager: selectOutput new bestOutput 13 criteria 0 100 0 0 0 0 0 2 
05-20 02:29:48.824   625 17861 I APM_AudioPolicyManager: selectOutput new bestOutput 13 criteria 0 100 0 0 0 0 0 2 
05-20 02:29:48.824   625 17861 I APM_AudioPolicyManager: selectOutput new bestOutput 13 criteria 0 100 0 0 0 0 0 2 
05-20 02:29:48.829   625 17861 I APM_AudioPolicyManager: getOutputForAttrInt() attributes={ Content type: AUDIO_CONTENT_TYPE_MUSIC Usage: AUDIO_USAGE_MEDIA Source: AUDIO_SOURCE_INVALID Flags: 0xe00 Tags:  } stream=AUDIO_STREAM_MUSIC session 19361 selectedDeviceId 0
05-20 02:29:48.829   625 17861 I APM_AudioPolicyManager: getOutputForAttrInt() device {AUDIO_DEVICE_OUT_SPEAKER, @:}, sampling rate 44100, format 0x1, channel mask 0x3, flags 0x8 stream AUDIO_STREAM_MUSIC
05-20 02:29:48.830   625 17861 I APM_AudioPolicyManager: selectOutput new bestOutput 13 criteria 0 100 0 0 0 0 4 2 
05-20 02:29:48.830   625 17861 I APM_AudioPolicyManager: getOutputForAttrInt returns output 13 selectedDeviceId 3
05-20 02:29:48.830   625 17861 I APM_AudioPolicyManager: getOutputForAttr() returns output 13 requestedPortId 0 selectedDeviceId 3 for port ID 2626
05-20 02:29:48.845   625 17861 I APM_AudioPolicyManager: startOutput portId 2626
05-20 02:29:48.846   625 17861 I APM_AudioPolicyManager: startOutput() output 13, stream 3, session 19361
05-20 02:29:48.977   625   838 I APM_AudioPolicyManager: stopOutput portId 2624
05-20 02:29:48.978   625   838 I APM_AudioPolicyManager: stopOutput() output 13, stream 3, session 19345
05-20 02:29:49.381   625 17861 I APM_AudioPolicyManager: selectOutput new bestOutput 13 criteria 0 100 0 0 0 0 0 2 
05-20 02:29:49.383   625 21008 I APM_AudioPolicyManager: selectOutput new bestOutput 13 criteria 0 100 0 0 0 0 0 2 
05-20 02:29:49.384   625 17861 I APM_AudioPolicyManager: selectOutput new bestOutput 13 criteria 0 100 0 0 0 0 0 2 
05-20 02:29:49.391   625 17861 I APM_AudioPolicyManager: getOutputForAttrInt() attributes={ Content type: AUDIO_CONTENT_TYPE_MUSIC Usage: AUDIO_USAGE_MEDIA Source: AUDIO_SOURCE_INVALID Flags: 0xe00 Tags:  } stream=AUDIO_STREAM_MUSIC session 19369 selectedDeviceId 0
05-20 02:29:49.391   625 17861 I APM_AudioPolicyManager: getOutputForAttrInt() device {AUDIO_DEVICE_OUT_SPEAKER, @:}, sampling rate 44100, format 0x1, channel mask 0x3, flags 0x8 stream AUDIO_STREAM_MUSIC
05-20 02:29:49.391   625 17861 I APM_AudioPolicyManager: selectOutput new bestOutput 13 criteria 0 100 0 0 0 0 4 2 
05-20 02:29:49.391   625 17861 I APM_AudioPolicyManager: getOutputForAttrInt returns output 13 selectedDeviceId 3
05-20 02:29:49.391   625 17861 I APM_AudioPolicyManager: getOutputForAttr() returns output 13 requestedPortId 0 selectedDeviceId 3 for port ID 2627
05-20 02:29:55.939   625 17861 I APM_AudioPolicyManager: startOutput portId 2627
05-20 02:29:55.939   625 17861 I APM_AudioPolicyManager: startOutput() output 13, stream 3, session 19369
05-20 02:29:56.139   625   838 I APM_AudioPolicyManager: stopOutput portId 2626
05-20 02:29:56.139   625   838 I APM_AudioPolicyManager: stopOutput() output 13, stream 3, session 19361
05-20 02:29:56.461   625 21008 I APM_AudioPolicyManager: selectOutput new bestOutput 13 criteria 0 100 0 0 0 0 0 2 
05-20 02:29:56.462   625 21008 I APM_AudioPolicyManager: selectOutput new bestOutput 13 criteria 0 100 0 0 0 0 0 2 
05-20 02:29:56.463   625 21008 I APM_AudioPolicyManager: selectOutput new bestOutput 13 criteria 0 100 0 0 0 0 0 2 
05-20 02:29:56.467   625 21008 I APM_AudioPolicyManager: getOutputForAttrInt() attributes={ Content type: AUDIO_CONTENT_TYPE_MUSIC Usage: AUDIO_USAGE_MEDIA Source: AUDIO_SOURCE_INVALID Flags: 0xe00 Tags:  } stream=AUDIO_STREAM_MUSIC session 19377 selectedDeviceId 0
05-20 02:29:56.468   625 21008 I APM_AudioPolicyManager: getOutputForAttrInt() device {AUDIO_DEVICE_OUT_SPEAKER, @:}, sampling rate 44100, format 0x1, channel mask 0x3, flags 0x8 stream AUDIO_STREAM_MUSIC
05-20 02:29:56.468   625 21008 I APM_AudioPolicyManager: selectOutput new bestOutput 13 criteria 0 100 0 0 0 0 4 2 
05-20 02:29:56.468   625 21008 I APM_AudioPolicyManager: getOutputForAttrInt returns output 13 selectedDeviceId 3
05-20 02:29:56.468   625 21008 I APM_AudioPolicyManager: getOutputForAttr() returns output 13 requestedPortId 0 selectedDeviceId 3 for port ID 2628
05-20 02:29:56.477   625 21008 I APM_AudioPolicyManager: startOutput portId 2628
05-20 02:29:56.477   625 21008 I APM_AudioPolicyManager: startOutput() output 13, stream 3, session 19377
05-20 02:29:56.618   625   838 I APM_AudioPolicyManager: stopOutput portId 2627
05-20 02:29:56.618   625   838 I APM_AudioPolicyManager: stopOutput() output 13, stream 3, session 19369
05-20 02:29:57.074   625 21008 I APM_AudioPolicyManager: selectOutput new bestOutput 13 criteria 0 100 0 0 0 0 0 2 
05-20 02:29:57.075   625 21008 I APM_AudioPolicyManager: selectOutput new bestOutput 13 criteria 0 100 0 0 0 0 0 2 
05-20 02:29:57.076   625  7391 I APM_AudioPolicyManager: selectOutput new bestOutput 13 criteria 0 100 0 0 0 0 0 2 
05-20 02:29:57.081   625  7391 I APM_AudioPolicyManager: getOutputForAttrInt() attributes={ Content type: AUDIO_CONTENT_TYPE_MUSIC Usage: AUDIO_USAGE_MEDIA Source: AUDIO_SOURCE_INVALID Flags: 0xe00 Tags:  } stream=AUDIO_STREAM_MUSIC session 19385 selectedDeviceId 0
05-20 02:29:57.081   625  7391 I APM_AudioPolicyManager: getOutputForAttrInt() device {AUDIO_DEVICE_OUT_SPEAKER, @:}, sampling rate 44100, format 0x1, channel mask 0x3, flags 0x8 stream AUDIO_STREAM_MUSIC
05-20 02:29:57.082   625  7391 I APM_AudioPolicyManager: selectOutput new bestOutput 13 criteria 0 100 0 0 0 0 4 2 
05-20 02:29:57.082   625  7391 I APM_AudioPolicyManager: getOutputForAttrInt returns output 13 selectedDeviceId 3
05-20 02:29:57.082   625  7391 I APM_AudioPolicyManager: getOutputForAttr() returns output 13 requestedPortId 0 selectedDeviceId 3 for port ID 2629
05-20 02:29:59.235   625  7391 I APM_AudioPolicyManager: startOutput portId 2629
05-20 02:29:59.235   625  7391 I APM_AudioPolicyManager: startOutput() output 13, stream 3, session 19385
05-20 02:29:59.497   625   838 I APM_AudioPolicyManager: stopOutput portId 2628
05-20 02:29:59.497   625   838 I APM_AudioPolicyManager: stopOutput() output 13, stream 3, session 19377
05-20 02:29:59.851   625 21008 I APM_AudioPolicyManager: selectOutput new bestOutput 13 criteria 0 100 0 0 0 0 0 2 
05-20 02:29:59.852   625 21008 I APM_AudioPolicyManager: selectOutput new bestOutput 13 criteria 0 100 0 0 0 0 0 2 
05-20 02:29:59.853   625 21008 I APM_AudioPolicyManager: selectOutput new bestOutput 13 criteria 0 100 0 0 0 0 0 2 
05-20 02:29:59.856   625 21008 I APM_AudioPolicyManager: getOutputForAttrInt() attributes={ Content type: AUDIO_CONTENT_TYPE_MUSIC Usage: AUDIO_USAGE_MEDIA Source: AUDIO_SOURCE_INVALID Flags: 0xe00 Tags:  } stream=AUDIO_STREAM_MUSIC session 19393 selectedDeviceId 0
05-20 02:29:59.857   625 21008 I APM_AudioPolicyManager: getOutputForAttrInt() device {AUDIO_DEVICE_OUT_SPEAKER, @:}, sampling rate 44100, format 0x1, channel mask 0x3, flags 0x8 stream AUDIO_STREAM_MUSIC
05-20 02:29:59.857   625 21008 I APM_AudioPolicyManager: selectOutput new bestOutput 13 criteria 0 100 0 0 0 0 4 2 
05-20 02:29:59.857   625 21008 I APM_AudioPolicyManager: getOutputForAttrInt returns output 13 selectedDeviceId 3
05-20 02:29:59.857   625 21008 I APM_AudioPolicyManager: getOutputForAttr() returns output 13 requestedPortId 0 selectedDeviceId 3 for port ID 2630
05-20 02:30:00.884   625 21008 I APM_AudioPolicyManager: startOutput portId 2630
05-20 02:30:00.884   625 21008 I APM_AudioPolicyManager: startOutput() output 13, stream 3, session 19393
05-20 02:30:01.057   625   838 I APM_AudioPolicyManager: stopOutput portId 2629
05-20 02:30:01.057   625   838 I APM_AudioPolicyManager: stopOutput() output 13, stream 3, session 19385
05-20 02:30:01.476   625 17861 I APM_AudioPolicyManager: selectOutput new bestOutput 13 criteria 0 100 0 0 0 0 0 2 
05-20 02:30:01.477   625 21008 I APM_AudioPolicyManager: selectOutput new bestOutput 13 criteria 0 100 0 0 0 0 0 2 
05-20 02:30:01.478   625 17861 I APM_AudioPolicyManager: selectOutput new bestOutput 13 criteria 0 100 0 0 0 0 0 2 
05-20 02:30:01.484   625 17861 I APM_AudioPolicyManager: getOutputForAttrInt() attributes={ Content type: AUDIO_CONTENT_TYPE_MUSIC Usage: AUDIO_USAGE_MEDIA Source: AUDIO_SOURCE_INVALID Flags: 0xe00 Tags:  } stream=AUDIO_STREAM_MUSIC session 19401 selectedDeviceId 0
05-20 02:30:01.484   625 17861 I APM_AudioPolicyManager: getOutputForAttrInt() device {AUDIO_DEVICE_OUT_SPEAKER, @:}, sampling rate 44100, format 0x1, channel mask 0x3, flags 0x8 stream AUDIO_STREAM_MUSIC
05-20 02:30:01.484   625 17861 I APM_AudioPolicyManager: selectOutput new bestOutput 13 criteria 0 100 0 0 0 0 4 2 
05-20 02:30:01.485   625 17861 I APM_AudioPolicyManager: getOutputForAttrInt returns output 13 selectedDeviceId 3
05-20 02:30:01.485   625 17861 I APM_AudioPolicyManager: getOutputForAttr() returns output 13 requestedPortId 0 selectedDeviceId 3 for port ID 2631
05-20 02:30:02.232   625 17861 I APM_AudioPolicyManager: startOutput portId 2631
05-20 02:30:02.232   625 17861 I APM_AudioPolicyManager: startOutput() output 13, stream 3, session 19401
05-20 02:30:02.418   625   838 I APM_AudioPolicyManager: stopOutput portId 2630
05-20 02:30:02.418   625   838 I APM_AudioPolicyManager: stopOutput() output 13, stream 3, session 19393
05-20 02:30:02.885   625 21008 I APM_AudioPolicyManager: selectOutput new bestOutput 13 criteria 0 100 0 0 0 0 0 2 
05-20 02:30:02.886   625 17861 I APM_AudioPolicyManager: selectOutput new bestOutput 13 criteria 0 100 0 0 0 0 0 2 
05-20 02:30:02.886   625 17861 I APM_AudioPolicyManager: selectOutput new bestOutput 13 criteria 0 100 0 0 0 0 0 2 
05-20 02:30:02.891   625 17861 I APM_AudioPolicyManager: getOutputForAttrInt() attributes={ Content type: AUDIO_CONTENT_TYPE_MUSIC Usage: AUDIO_USAGE_MEDIA Source: AUDIO_SOURCE_INVALID Flags: 0xe00 Tags:  } stream=AUDIO_STREAM_MUSIC session 19409 selectedDeviceId 0
05-20 02:30:02.891   625 17861 I APM_AudioPolicyManager: getOutputForAttrInt() device {AUDIO_DEVICE_OUT_SPEAKER, @:}, sampling rate 44100, format 0x1, channel mask 0x3, flags 0x8 stream AUDIO_STREAM_MUSIC
05-20 02:30:02.892   625 17861 I APM_AudioPolicyManager: selectOutput new bestOutput 13 criteria 0 100 0 0 0 0 4 2 
05-20 02:30:02.892   625 17861 I APM_AudioPolicyManager: getOutputForAttrInt returns output 13 selectedDeviceId 3
05-20 02:30:02.892   625 17861 I APM_AudioPolicyManager: getOutputForAttr() returns output 13 requestedPortId 0 selectedDeviceId 3 for port ID 2632
05-20 02:30:03.204   625 17861 I APM_AudioPolicyManager: startOutput portId 2632
05-20 02:30:03.204   625 17861 I APM_AudioPolicyManager: startOutput() output 13, stream 3, session 19409
05-20 02:30:03.379   625   838 I APM_AudioPolicyManager: stopOutput portId 2631
05-20 02:30:03.379   625   838 I APM_AudioPolicyManager: stopOutput() output 13, stream 3, session 19401
05-20 02:30:03.855   625 21008 I APM_AudioPolicyManager: selectOutput new bestOutput 13 criteria 0 100 0 0 0 0 0 2 
05-20 02:30:03.856   625 17861 I APM_AudioPolicyManager: selectOutput new bestOutput 13 criteria 0 100 0 0 0 0 0 2 
05-20 02:30:03.856   625 21008 I APM_AudioPolicyManager: selectOutput new bestOutput 13 criteria 0 100 0 0 0 0 0 2 
05-20 02:30:03.860   625 21008 I APM_AudioPolicyManager: getOutputForAttrInt() attributes={ Content type: AUDIO_CONTENT_TYPE_MUSIC Usage: AUDIO_USAGE_MEDIA Source: AUDIO_SOURCE_INVALID Flags: 0xe00 Tags:  } stream=AUDIO_STREAM_MUSIC session 19417 selectedDeviceId 0
05-20 02:30:03.860   625 21008 I APM_AudioPolicyManager: getOutputForAttrInt() device {AUDIO_DEVICE_OUT_SPEAKER, @:}, sampling rate 44100, format 0x1, channel mask 0x3, flags 0x8 stream AUDIO_STREAM_MUSIC
05-20 02:30:03.860   625 21008 I APM_AudioPolicyManager: selectOutput new bestOutput 13 criteria 0 100 0 0 0 0 4 2 
05-20 02:30:03.860   625 21008 I APM_AudioPolicyManager: getOutputForAttrInt returns output 13 selectedDeviceId 3
05-20 02:30:03.860   625 21008 I APM_AudioPolicyManager: getOutputForAttr() returns output 13 requestedPortId 0 selectedDeviceId 3 for port ID 2633
05-20 02:30:07.285   625 21008 I APM_AudioPolicyManager: startOutput portId 2633
05-20 02:30:07.285   625 21008 I APM_AudioPolicyManager: startOutput() output 13, stream 3, session 19417
05-20 02:30:07.538   625   838 I APM_AudioPolicyManager: stopOutput portId 2632
05-20 02:30:07.538   625   838 I APM_AudioPolicyManager: stopOutput() output 13, stream 3, session 19409
05-20 02:30:07.907   625 17861 I APM_AudioPolicyManager: selectOutput new bestOutput 13 criteria 0 100 0 0 0 0 0 2 
05-20 02:30:07.908   625 17861 I APM_AudioPolicyManager: selectOutput new bestOutput 13 criteria 0 100 0 0 0 0 0 2 
05-20 02:30:07.909   625 21008 I APM_AudioPolicyManager: selectOutput new bestOutput 13 criteria 0 100 0 0 0 0 0 2 
05-20 02:30:07.913   625 21008 I APM_AudioPolicyManager: getOutputForAttrInt() attributes={ Content type: AUDIO_CONTENT_TYPE_MUSIC Usage: AUDIO_USAGE_MEDIA Source: AUDIO_SOURCE_INVALID Flags: 0xe00 Tags:  } stream=AUDIO_STREAM_MUSIC session 19425 selectedDeviceId 0
05-20 02:30:07.913   625 21008 I APM_AudioPolicyManager: getOutputForAttrInt() device {AUDIO_DEVICE_OUT_SPEAKER, @:}, sampling rate 44100, format 0x1, channel mask 0x3, flags 0x8 stream AUDIO_STREAM_MUSIC
05-20 02:30:07.914   625 21008 I APM_AudioPolicyManager: selectOutput new bestOutput 13 criteria 0 100 0 0 0 0 4 2 
05-20 02:30:07.914   625 21008 I APM_AudioPolicyManager: getOutputForAttrInt returns output 13 selectedDeviceId 3
05-20 02:30:07.914   625 21008 I APM_AudioPolicyManager: getOutputForAttr() returns output 13 requestedPortId 0 selectedDeviceId 3 for port ID 2634
05-20 02:30:08.315   625 21008 I APM_AudioPolicyManager: startOutput portId 2634
05-20 02:30:08.315   625 21008 I APM_AudioPolicyManager: startOutput() output 13, stream 3, session 19425
05-20 02:30:08.497   625   838 I APM_AudioPolicyManager: stopOutput portId 2633
05-20 02:30:08.497   625   838 I APM_AudioPolicyManager: stopOutput() output 13, stream 3, session 19417
05-20 02:30:08.673   625  7391 I APM_AudioPolicyManager: selectOutput new bestOutput 13 criteria 0 100 0 0 0 0 0 2 
05-20 02:30:08.674   625 17861 I APM_AudioPolicyManager: selectOutput new bestOutput 13 criteria 0 100 0 0 0 0 0 2 
05-20 02:30:08.675   625 17861 I APM_AudioPolicyManager: selectOutput new bestOutput 13 criteria 0 100 0 0 0 0 0 2 
05-20 02:30:08.679   625 17861 I APM_AudioPolicyManager: getOutputForAttrInt() attributes={ Content type: AUDIO_CONTENT_TYPE_MUSIC Usage: AUDIO_USAGE_MEDIA Source: AUDIO_SOURCE_INVALID Flags: 0xe00 Tags:  } stream=AUDIO_STREAM_MUSIC session 19433 selectedDeviceId 0
05-20 02:30:08.679   625 17861 I APM_AudioPolicyManager: getOutputForAttrInt() device {AUDIO_DEVICE_OUT_SPEAKER, @:}, sampling rate 44100, format 0x1, channel mask 0x3, flags 0x8 stream AUDIO_STREAM_MUSIC
05-20 02:30:08.679   625 17861 I APM_AudioPolicyManager: selectOutput new bestOutput 13 criteria 0 100 0 0 0 0 4 2 
05-20 02:30:08.679   625 17861 I APM_AudioPolicyManager: getOutputForAttrInt returns output 13 selectedDeviceId 3
05-20 02:30:08.679   625 17861 I APM_AudioPolicyManager: getOutputForAttr() returns output 13 requestedPortId 0 selectedDeviceId 3 for port ID 2635
05-20 02:30:08.962   625 17861 I APM_AudioPolicyManager: selectOutput new bestOutput 13 criteria 0 100 0 0 0 0 0 2 
05-20 02:30:08.963   625 17861 I APM_AudioPolicyManager: selectOutput new bestOutput 13 criteria 0 100 0 0 0 0 0 2 
05-20 02:30:08.963   625 17861 I APM_AudioPolicyManager: selectOutput new bestOutput 13 criteria 0 100 0 0 0 0 0 2 
05-20 02:30:08.968   625 17861 I APM_AudioPolicyManager: getOutputForAttrInt() attributes={ Content type: AUDIO_CONTENT_TYPE_MUSIC Usage: AUDIO_USAGE_MEDIA Source: AUDIO_SOURCE_INVALID Flags: 0xe00 Tags:  } stream=AUDIO_STREAM_MUSIC session 19441 selectedDeviceId 0
05-20 02:30:08.968   625 17861 I APM_AudioPolicyManager: getOutputForAttrInt() device {AUDIO_DEVICE_OUT_SPEAKER, @:}, sampling rate 44100, format 0x1, channel mask 0x3, flags 0x8 stream AUDIO_STREAM_MUSIC
05-20 02:30:08.968   625 17861 I APM_AudioPolicyManager: selectOutput new bestOutput 13 criteria 0 100 0 0 0 0 4 2 
05-20 02:30:08.968   625 17861 I APM_AudioPolicyManager: getOutputForAttrInt returns output 13 selectedDeviceId 3
05-20 02:30:08.968   625 17861 I APM_AudioPolicyManager: getOutputForAttr() returns output 13 requestedPortId 0 selectedDeviceId 3 for port ID 2636
05-20 02:30:09.377   625  7391 I APM_AudioPolicyManager: selectOutput new bestOutput 13 criteria 0 100 0 0 0 0 0 2 
05-20 02:30:09.378   625  7391 I APM_AudioPolicyManager: selectOutput new bestOutput 13 criteria 0 100 0 0 0 0 0 2 
05-20 02:30:09.379   625  7391 I APM_AudioPolicyManager: selectOutput new bestOutput 13 criteria 0 100 0 0 0 0 0 2 
05-20 02:30:09.383   625  7391 I APM_AudioPolicyManager: getOutputForAttrInt() attributes={ Content type: AUDIO_CONTENT_TYPE_MUSIC Usage: AUDIO_USAGE_MEDIA Source: AUDIO_SOURCE_INVALID Flags: 0xe00 Tags:  } stream=AUDIO_STREAM_MUSIC session 19449 selectedDeviceId 0
05-20 02:30:09.383   625  7391 I APM_AudioPolicyManager: getOutputForAttrInt() device {AUDIO_DEVICE_OUT_SPEAKER, @:}, sampling rate 44100, format 0x1, channel mask 0x3, flags 0x8 stream AUDIO_STREAM_MUSIC
05-20 02:30:09.384   625  7391 I APM_AudioPolicyManager: selectOutput new bestOutput 13 criteria 0 100 0 0 0 0 4 2 
05-20 02:30:09.384   625  7391 I APM_AudioPolicyManager: getOutputForAttrInt returns output 13 selectedDeviceId 3
05-20 02:30:09.384   625  7391 I APM_AudioPolicyManager: getOutputForAttr() returns output 13 requestedPortId 0 selectedDeviceId 3 for port ID 2637
05-20 02:30:09.393   625 21008 I APM_AudioPolicyManager: startOutput portId 2637
05-20 02:30:09.393   625 21008 I APM_AudioPolicyManager: startOutput() output 13, stream 3, session 19449
05-20 02:30:09.415   625 21008 I APM_AudioPolicyManager: selectOutput new bestOutput 13 criteria 0 100 0 0 0 0 0 2 
05-20 02:30:09.417   625 21008 I APM_AudioPolicyManager: selectOutput new bestOutput 13 criteria 0 100 0 0 0 0 0 2 
05-20 02:30:09.418   625 21008 I APM_AudioPolicyManager: selectOutput new bestOutput 13 criteria 0 100 0 0 0 0 0 2 
05-20 02:30:09.426   625 21008 I APM_AudioPolicyManager: getOutputForAttrInt() attributes={ Content type: AUDIO_CONTENT_TYPE_MUSIC Usage: AUDIO_USAGE_MEDIA Source: AUDIO_SOURCE_INVALID Flags: 0xe00 Tags:  } stream=AUDIO_STREAM_MUSIC session 19457 selectedDeviceId 0
05-20 02:30:09.426   625 21008 I APM_AudioPolicyManager: getOutputForAttrInt() device {AUDIO_DEVICE_OUT_SPEAKER, @:}, sampling rate 44100, format 0x1, channel mask 0x3, flags 0x8 stream AUDIO_STREAM_MUSIC
05-20 02:30:09.426   625 21008 I APM_AudioPolicyManager: selectOutput new bestOutput 13 criteria 0 100 0 0 0 0 4 2 
05-20 02:30:09.426   625 21008 I APM_AudioPolicyManager: getOutputForAttrInt returns output 13 selectedDeviceId 3
05-20 02:30:09.427   625 21008 I APM_AudioPolicyManager: getOutputForAttr() returns output 13 requestedPortId 0 selectedDeviceId 3 for port ID 2638
05-20 02:30:09.537   625   838 I APM_AudioPolicyManager: stopOutput portId 2634
05-20 02:30:09.537   625   838 I APM_AudioPolicyManager: stopOutput() output 13, stream 3, session 19425
05-20 02:30:11.206   625 21008 I APM_AudioPolicyManager: startOutput portId 2638
05-20 02:30:11.206   625 21008 I APM_AudioPolicyManager: startOutput() output 13, stream 3, session 19457
05-20 02:30:11.379   625   838 I APM_AudioPolicyManager: stopOutput portId 2637
05-20 02:30:11.379   625   838 I APM_AudioPolicyManager: stopOutput() output 13, stream 3, session 19449
05-20 02:30:11.828   625  7391 I APM_AudioPolicyManager: selectOutput new bestOutput 13 criteria 0 100 0 0 0 0 0 2 
05-20 02:30:11.829   625  2458 I APM_AudioPolicyManager: selectOutput new bestOutput 13 criteria 0 100 0 0 0 0 0 2 
05-20 02:30:11.830   625  2458 I APM_AudioPolicyManager: selectOutput new bestOutput 13 criteria 0 100 0 0 0 0 0 2 
05-20 02:30:11.835   625  2458 I APM_AudioPolicyManager: getOutputForAttrInt() attributes={ Content type: AUDIO_CONTENT_TYPE_MUSIC Usage: AUDIO_USAGE_MEDIA Source: AUDIO_SOURCE_INVALID Flags: 0xe00 Tags:  } stream=AUDIO_STREAM_MUSIC session 19465 selectedDeviceId 0
05-20 02:30:11.835   625  2458 I APM_AudioPolicyManager: getOutputForAttrInt() device {AUDIO_DEVICE_OUT_SPEAKER, @:}, sampling rate 44100, format 0x1, channel mask 0x3, flags 0x8 stream AUDIO_STREAM_MUSIC
05-20 02:30:11.835   625  2458 I APM_AudioPolicyManager: selectOutput new bestOutput 13 criteria 0 100 0 0 0 0 4 2 
05-20 02:30:11.835   625  2458 I APM_AudioPolicyManager: getOutputForAttrInt returns output 13 selectedDeviceId 3
05-20 02:30:11.836   625  2458 I APM_AudioPolicyManager: getOutputForAttr() returns output 13 requestedPortId 0 selectedDeviceId 3 for port ID 2639
05-20 02:30:12.332   625  2458 I APM_AudioPolicyManager: startOutput portId 2639
05-20 02:30:12.332   625  2458 I APM_AudioPolicyManager: startOutput() output 13, stream 3, session 19465
05-20 02:30:12.539   625   838 I APM_AudioPolicyManager: stopOutput portId 2638
05-20 02:30:12.539   625   838 I APM_AudioPolicyManager: stopOutput() output 13, stream 3, session 19457
05-20 02:30:12.973   625  7391 I APM_AudioPolicyManager: selectOutput new bestOutput 13 criteria 0 100 0 0 0 0 0 2 
05-20 02:30:12.974   625  7391 I APM_AudioPolicyManager: selectOutput new bestOutput 13 criteria 0 100 0 0 0 0 0 2 
05-20 02:30:12.974   625  7391 I APM_AudioPolicyManager: selectOutput new bestOutput 13 criteria 0 100 0 0 0 0 0 2 
05-20 02:30:12.979   625  7391 I APM_AudioPolicyManager: getOutputForAttrInt() attributes={ Content type: AUDIO_CONTENT_TYPE_MUSIC Usage: AUDIO_USAGE_MEDIA Source: AUDIO_SOURCE_INVALID Flags: 0xe00 Tags:  } stream=AUDIO_STREAM_MUSIC session 19473 selectedDeviceId 0
05-20 02:30:12.979   625  7391 I APM_AudioPolicyManager: getOutputForAttrInt() device {AUDIO_DEVICE_OUT_SPEAKER, @:}, sampling rate 44100, format 0x1, channel mask 0x3, flags 0x8 stream AUDIO_STREAM_MUSIC
05-20 02:30:12.979   625  7391 I APM_AudioPolicyManager: selectOutput new bestOutput 13 criteria 0 100 0 0 0 0 4 2 
05-20 02:30:12.979   625  7391 I APM_AudioPolicyManager: getOutputForAttrInt returns output 13 selectedDeviceId 3
05-20 02:30:12.979   625  7391 I APM_AudioPolicyManager: getOutputForAttr() returns output 13 requestedPortId 0 selectedDeviceId 3 for port ID 2640
05-20 02:30:23.739   625   838 I APM_AudioPolicyManager: stopOutput portId 2639
05-20 02:30:23.739   625   838 I APM_AudioPolicyManager: stopOutput() output 13, stream 3, session 19465
05-20 02:30:23.739   625   838 I APM_AudioPolicyManager: getNewOutputDevices selected devices AUDIO_DEVICE_NONE
05-20 02:30:23.740   625   838 I APM_AudioPolicyManager: setOutputDevices device AUDIO_DEVICE_NONE delayMs 320
05-20 02:30:23.742   625   838 I APM_AudioPolicyManager: getNewOutputDevices selected devices AUDIO_DEVICE_NONE
05-20 02:30:23.742   625   838 I APM_AudioPolicyManager: setOutputDevices device AUDIO_DEVICE_NONE delayMs 320
05-20 02:30:23.744   625   838 I APM_AudioPolicyManager: setOutputDevices changing device to AUDIO_DEVICE_NONE
05-20 02:30:31.199   625   696 I APM_AudioPolicyManager: selectOutput new bestOutput 13 criteria 0 100 0 0 0 0 0 2 
05-20 02:30:31.200   625   696 I APM_AudioPolicyManager: selectOutput new bestOutput 13 criteria 0 100 0 0 0 0 0 2 
05-20 02:30:31.201   625   696 I APM_AudioPolicyManager: selectOutput new bestOutput 13 criteria 0 100 0 0 0 0 0 2 
05-20 02:30:31.209   625   696 I APM_AudioPolicyManager: getOutputForAttrInt() attributes={ Content type: AUDIO_CONTENT_TYPE_UNKNOWN Usage: AUDIO_USAGE_MEDIA Source: AUDIO_SOURCE_INVALID Flags: 0xa00 Tags:  } stream=AUDIO_STREAM_MUSIC session 19481 selectedDeviceId 0
05-20 02:30:31.209   625   696 I APM_AudioPolicyManager: getOutputForAttrInt() device {AUDIO_DEVICE_OUT_SPEAKER, @:}, sampling rate 44100, format 0x1, channel mask 0x3, flags 0x8 stream AUDIO_STREAM_MUSIC
05-20 02:30:31.210   625   696 I APM_AudioPolicyManager: selectOutput new bestOutput 13 criteria 0 100 0 0 0 0 4 2 
05-20 02:30:31.210   625   696 I APM_AudioPolicyManager: getOutputForAttrInt returns output 13 selectedDeviceId 3
05-20 02:30:31.210   625   696 I APM_AudioPolicyManager: getOutputForAttr() returns output 13 requestedPortId 0 selectedDeviceId 3 for port ID 2641
05-20 02:30:34.927   625   625 I APM_AudioPolicyManager: startOutput portId 2641
05-20 02:30:34.927   625   625 I APM_AudioPolicyManager: startOutput() output 13, stream 3, session 19481
05-20 02:30:34.930   625   625 I APM_AudioPolicyManager: getNewOutputDevices selected devices {AUDIO_DEVICE_OUT_SPEAKER, @:}
05-20 02:30:34.930   625   625 I APM_AudioPolicyManager: getNewOutputDevices selected devices AUDIO_DEVICE_NONE
05-20 02:30:34.930   625   625 I APM_AudioPolicyManager: setOutputDevices device {AUDIO_DEVICE_OUT_SPEAKER, @:} delayMs 0
05-20 02:30:34.930   625   625 I APM_AudioPolicyManager: setOutputDevices changing device to {AUDIO_DEVICE_OUT_SPEAKER, @:}
05-20 02:30:36.380   625 15490 I APM_AudioPolicyManager: selectOutput new bestOutput 13 criteria 0 100 0 0 0 0 0 2 
05-20 02:30:36.380   625 15490 I APM_AudioPolicyManager: selectOutput new bestOutput 13 criteria 0 100 0 0 0 0 0 2 
05-20 02:30:36.381   625 15490 I APM_AudioPolicyManager: selectOutput new bestOutput 13 criteria 0 100 0 0 0 0 0 2 
05-20 02:30:36.385   625 15490 I APM_AudioPolicyManager: getOutputForAttrInt() attributes={ Content type: AUDIO_CONTENT_TYPE_UNKNOWN Usage: AUDIO_USAGE_MEDIA Source: AUDIO_SOURCE_INVALID Flags: 0xa00 Tags:  } stream=AUDIO_STREAM_MUSIC session 19489 selectedDeviceId 0
05-20 02:30:36.386   625 15490 I APM_AudioPolicyManager: getOutputForAttrInt() device {AUDIO_DEVICE_OUT_SPEAKER, @:}, sampling rate 44100, format 0x1, channel mask 0x3, flags 0x8 stream AUDIO_STREAM_MUSIC
05-20 02:30:36.386   625 15490 I APM_AudioPolicyManager: selectOutput new bestOutput 13 criteria 0 100 0 0 0 0 4 2 
05-20 02:30:36.386   625 15490 I APM_AudioPolicyManager: getOutputForAttrInt returns output 13 selectedDeviceId 3
05-20 02:30:36.387   625 15490 I APM_AudioPolicyManager: getOutputForAttr() returns output 13 requestedPortId 0 selectedDeviceId 3 for port ID 2642
05-20 02:30:38.324   625 15490 I APM_AudioPolicyManager: selectOutput new bestOutput 13 criteria 0 100 0 0 0 0 0 2 
05-20 02:30:38.324   625 15490 I APM_AudioPolicyManager: selectOutput new bestOutput 13 criteria 0 100 0 0 0 0 0 2 
05-20 02:30:38.325   625 15490 I APM_AudioPolicyManager: selectOutput new bestOutput 13 criteria 0 100 0 0 0 0 0 2 
05-20 02:30:38.329   625 15490 I APM_AudioPolicyManager: getOutputForAttrInt() attributes={ Content type: AUDIO_CONTENT_TYPE_UNKNOWN Usage: AUDIO_USAGE_MEDIA Source: AUDIO_SOURCE_INVALID Flags: 0xa00 Tags:  } stream=AUDIO_STREAM_MUSIC session 19497 selectedDeviceId 0
05-20 02:30:38.329   625 15490 I APM_AudioPolicyManager: getOutputForAttrInt() device {AUDIO_DEVICE_OUT_SPEAKER, @:}, sampling rate 44100, format 0x1, channel mask 0x3, flags 0x8 stream AUDIO_STREAM_MUSIC
05-20 02:30:38.330   625 15490 I APM_AudioPolicyManager: selectOutput new bestOutput 13 criteria 0 100 0 0 0 0 4 2 
05-20 02:30:38.330   625 15490 I APM_AudioPolicyManager: getOutputForAttrInt returns output 13 selectedDeviceId 3
05-20 02:30:38.330   625 15490 I APM_AudioPolicyManager: getOutputForAttr() returns output 13 requestedPortId 0 selectedDeviceId 3 for port ID 2643
05-20 02:30:41.567   625   838 I APM_AudioPolicyManager: stopOutput portId 2641
05-20 02:30:41.567   625   838 I APM_AudioPolicyManager: stopOutput() output 13, stream 3, session 19481
05-20 02:30:41.567   625   838 I APM_AudioPolicyManager: getNewOutputDevices selected devices AUDIO_DEVICE_NONE
05-20 02:30:41.567   625   838 I APM_AudioPolicyManager: setOutputDevices device AUDIO_DEVICE_NONE delayMs 320
05-20 02:30:41.568   625   838 I APM_AudioPolicyManager: getNewOutputDevices selected devices AUDIO_DEVICE_NONE
05-20 02:30:41.568   625   838 I APM_AudioPolicyManager: setOutputDevices device AUDIO_DEVICE_NONE delayMs 320
05-20 02:30:41.569   625   838 I APM_AudioPolicyManager: setOutputDevices changing device to AUDIO_DEVICE_NONE
05-20 02:30:42.124   625 15490 I APM_AudioPolicyManager: startOutput portId 2641
05-20 02:30:42.124   625 15490 I APM_AudioPolicyManager: startOutput() output 13, stream 3, session 19481
05-20 02:30:42.126   625 15490 I APM_AudioPolicyManager: getNewOutputDevices selected devices {AUDIO_DEVICE_OUT_SPEAKER, @:}
05-20 02:30:42.126   625 15490 I APM_AudioPolicyManager: getNewOutputDevices selected devices AUDIO_DEVICE_NONE
05-20 02:30:42.126   625 15490 I APM_AudioPolicyManager: setOutputDevices device {AUDIO_DEVICE_OUT_SPEAKER, @:} delayMs 0
05-20 02:30:42.126   625 15490 I APM_AudioPolicyManager: setOutputDevices changing device to {AUDIO_DEVICE_OUT_SPEAKER, @:}
05-20 02:30:43.733   625  7391 I APM_AudioPolicyManager: getOutputForAttrInt() attributes={ Content type: AUDIO_CONTENT_TYPE_UNKNOWN Usage: AUDIO_USAGE_MEDIA Source: AUDIO_SOURCE_INVALID Flags: 0xa00 Tags:  } stream=AUDIO_STREAM_MUSIC session 19481 selectedDeviceId 0
05-20 02:30:43.733   625  7391 I APM_AudioPolicyManager: getOutputForAttrInt() device {AUDIO_DEVICE_OUT_SPEAKER, @:}, sampling rate 44100, format 0x1, channel mask 0x3, flags 0x8 stream AUDIO_STREAM_MUSIC
05-20 02:30:43.733   625  7391 I APM_AudioPolicyManager: selectOutput new bestOutput 13 criteria 0 100 0 0 0 0 4 2 
05-20 02:30:43.733   625  7391 I APM_AudioPolicyManager: getOutputForAttrInt returns output 13 selectedDeviceId 3
05-20 02:30:43.734   625  7391 I APM_AudioPolicyManager: getOutputForAttr() returns output 13 requestedPortId 0 selectedDeviceId 3 for port ID 2644
05-20 02:30:43.808   625   838 I APM_AudioPolicyManager: stopOutput portId 2641
05-20 02:30:43.808   625   838 I APM_AudioPolicyManager: stopOutput() output 13, stream 3, session 19481
05-20 02:30:43.809   625   838 I APM_AudioPolicyManager: getNewOutputDevices selected devices AUDIO_DEVICE_NONE
05-20 02:30:43.809   625   838 I APM_AudioPolicyManager: setOutputDevices device AUDIO_DEVICE_NONE delayMs 320
05-20 02:30:43.810   625   838 I APM_AudioPolicyManager: getNewOutputDevices selected devices AUDIO_DEVICE_NONE
05-20 02:30:43.811   625   838 I APM_AudioPolicyManager: setOutputDevices device AUDIO_DEVICE_NONE delayMs 320
05-20 02:30:43.812   625   838 I APM_AudioPolicyManager: setOutputDevices changing device to AUDIO_DEVICE_NONE
05-20 02:30:45.850   625  7391 I APM_AudioPolicyManager: selectOutput new bestOutput 13 criteria 0 100 0 0 0 0 0 2 
05-20 02:30:45.854   625  7391 I APM_AudioPolicyManager: selectOutput new bestOutput 13 criteria 0 100 0 0 0 0 0 2 
05-20 02:30:45.855   625  7391 I APM_AudioPolicyManager: selectOutput new bestOutput 13 criteria 0 100 0 0 0 0 0 2 
05-20 02:30:45.860   625  7391 I APM_AudioPolicyManager: getOutputForAttrInt() attributes={ Content type: AUDIO_CONTENT_TYPE_UNKNOWN Usage: AUDIO_USAGE_MEDIA Source: AUDIO_SOURCE_INVALID Flags: 0xa00 Tags:  } stream=AUDIO_STREAM_MUSIC session 19505 selectedDeviceId 0
05-20 02:30:45.860   625  7391 I APM_AudioPolicyManager: getOutputForAttrInt() device {AUDIO_DEVICE_OUT_SPEAKER, @:}, sampling rate 44100, format 0x1, channel mask 0x3, flags 0x8 stream AUDIO_STREAM_MUSIC
05-20 02:30:45.860   625  7391 I APM_AudioPolicyManager: selectOutput new bestOutput 13 criteria 0 100 0 0 0 0 4 2 
05-20 02:30:45.860   625  7391 I APM_AudioPolicyManager: getOutputForAttrInt returns output 13 selectedDeviceId 3
05-20 02:30:45.860   625  7391 I APM_AudioPolicyManager: getOutputForAttr() returns output 13 requestedPortId 0 selectedDeviceId 3 for port ID 2645
05-20 02:30:45.910   625  7391 I APM_AudioPolicyManager: startOutput portId 2645
05-20 02:30:45.910   625  7391 I APM_AudioPolicyManager: startOutput() output 13, stream 3, session 19505
05-20 02:30:45.912   625  7391 I APM_AudioPolicyManager: getNewOutputDevices selected devices {AUDIO_DEVICE_OUT_SPEAKER, @:}
05-20 02:30:45.912   625  7391 I APM_AudioPolicyManager: getNewOutputDevices selected devices AUDIO_DEVICE_NONE
05-20 02:30:45.912   625  7391 I APM_AudioPolicyManager: setOutputDevices device {AUDIO_DEVICE_OUT_SPEAKER, @:} delayMs 0
05-20 02:30:45.912   625  7391 I APM_AudioPolicyManager: setOutputDevices changing device to {AUDIO_DEVICE_OUT_SPEAKER, @:}
05-20 02:30:47.193   625 15489 I APM_AudioPolicyManager: selectOutput new bestOutput 13 criteria 0 100 0 0 0 0 0 2 
05-20 02:30:47.194   625  7391 I APM_AudioPolicyManager: selectOutput new bestOutput 13 criteria 0 100 0 0 0 0 0 2 
05-20 02:30:47.194   625 15489 I APM_AudioPolicyManager: selectOutput new bestOutput 13 criteria 0 100 0 0 0 0 0 2 
05-20 02:30:47.200   625 15489 I APM_AudioPolicyManager: getOutputForAttrInt() attributes={ Content type: AUDIO_CONTENT_TYPE_UNKNOWN Usage: AUDIO_USAGE_MEDIA Source: AUDIO_SOURCE_INVALID Flags: 0xa00 Tags:  } stream=AUDIO_STREAM_MUSIC session 19513 selectedDeviceId 0
05-20 02:30:47.201   625 15489 I APM_AudioPolicyManager: getOutputForAttrInt() device {AUDIO_DEVICE_OUT_SPEAKER, @:}, sampling rate 44100, format 0x1, channel mask 0x3, flags 0x8 stream AUDIO_STREAM_MUSIC
05-20 02:30:47.201   625 15489 I APM_AudioPolicyManager: selectOutput new bestOutput 13 criteria 0 100 0 0 0 0 4 2 
05-20 02:30:47.201   625 15489 I APM_AudioPolicyManager: getOutputForAttrInt returns output 13 selectedDeviceId 3
05-20 02:30:47.201   625 15489 I APM_AudioPolicyManager: getOutputForAttr() returns output 13 requestedPortId 0 selectedDeviceId 3 for port ID 2646
05-20 02:30:47.353   625 15489 I APM_AudioPolicyManager: selectOutput new bestOutput 13 criteria 0 100 0 0 0 0 0 2 
05-20 02:30:47.354   625 15489 I APM_AudioPolicyManager: selectOutput new bestOutput 13 criteria 0 100 0 0 0 0 0 2 
05-20 02:30:47.355   625 15489 I APM_AudioPolicyManager: selectOutput new bestOutput 13 criteria 0 100 0 0 0 0 0 2 
05-20 02:30:47.360   625 15489 I APM_AudioPolicyManager: getOutputForAttrInt() attributes={ Content type: AUDIO_CONTENT_TYPE_UNKNOWN Usage: AUDIO_USAGE_MEDIA Source: AUDIO_SOURCE_INVALID Flags: 0xa00 Tags:  } stream=AUDIO_STREAM_MUSIC session 19521 selectedDeviceId 0
05-20 02:30:47.360   625 15489 I APM_AudioPolicyManager: getOutputForAttrInt() device {AUDIO_DEVICE_OUT_SPEAKER, @:}, sampling rate 44100, format 0x1, channel mask 0x3, flags 0x8 stream AUDIO_STREAM_MUSIC
05-20 02:30:47.360   625 15489 I APM_AudioPolicyManager: selectOutput new bestOutput 13 criteria 0 100 0 0 0 0 4 2 
05-20 02:30:47.360   625 15489 I APM_AudioPolicyManager: getOutputForAttrInt returns output 13 selectedDeviceId 3
05-20 02:30:47.360   625 15489 I APM_AudioPolicyManager: getOutputForAttr() returns output 13 requestedPortId 0 selectedDeviceId 3 for port ID 2647
05-20 02:30:52.597   625 15489 I APM_AudioPolicyManager: getOutputForAttrInt() attributes={ Content type: AUDIO_CONTENT_TYPE_UNKNOWN Usage: AUDIO_USAGE_MEDIA Source: AUDIO_SOURCE_INVALID Flags: 0xa00 Tags:  } stream=AUDIO_STREAM_MUSIC session 19505 selectedDeviceId 0
